<html>
<body>
<pre>
<h1>µVision Build Log</h1>
<h2>Tool Versions:</h2>
IDE-Version: µVision V5.38.0.0
Copyright (C) 2022 ARM Ltd and ARM Germany GmbH. All rights reserved.
License Information: - turboEd, -, LIC=7YKYW-Q9USR-C2EL6-D7S02-5MI3Q-3H90Y
 
Tool Versions:
Toolchain:       MDK-ARM Professional  Version: 5.38.0.0
Toolchain Path:  D:\Programs\keil\ARM\ARM_Compiler_5.06u7\Bin
C Compiler:      Armcc.exe V5.06 update 7 (build 960)
Assembler:       Armasm.exe V5.06 update 7 (build 960)
Linker/Locator:  ArmLink.exe V5.06 update 7 (build 960)
Library Manager: ArmAr.exe V5.06 update 7 (build 960)
Hex Converter:   FromElf.exe V5.06 update 7 (build 960)
CPU DLL:         SARMCM3.DLL V5.38.0.0
Dialog DLL:      DCM.DLL V1.17.5.0
Target DLL:      lmidk-agdi.dll V???
Dialog DLL:      TCM.DLL V1.56.4.0
 
<h2>Project:</h2>
C:\ti\TivaWare_C_Series-2.2.0.295\examples\boards\ek-tm4c123gxl\gpio_jtag\gpio_jtag.uvproj
Project File Date:  04/09/2025

<h2>Output:</h2>
*** Using Compiler 'V5.06 update 7 (build 960)', folder: 'D:\Programs\keil\ARM\ARM_Compiler_5.06u7\Bin'
Rebuild Project 'gpio_jtag' - Target 'gpio_jtag'
assembling startup_rvmdk.S...
compiling buttons.c...
compiling uartstdio.c...
compiling gpio_jtag.c...
C:\ti\TivaWare_C_Series-2.2.0.295\examples\boards\ek-tm4c123gxl\gpio_jtag\gpio_jtag.c(73): warning:  #1-D: last line of file ends without a newline
  }
gpio_jtag.c: 1 warning, 0 errors
linking...
Program Size: Code=2180 RO-data=852 RW-data=1644 ZI-data=260  
After Build - User command #1: fromelf --bin --output .\rvmdk\gpio_jtag.bin .\rvmdk\gpio_jtag.axf
".\rvmdk\gpio_jtag.axf" - 0 Error(s), 1 Warning(s).
Build Time Elapsed:  00:00:00
</pre>
</body>
</html>
