Component: ARM Compiler 5.06 update 7 (build 960) Tool: armlink [4d3601]

==============================================================================

Section Cross References

    buttons.o(i.ButtonsInit) refers to buttons.o(.data) for .data
    buttons.o(i.ButtonsPoll) refers to buttons.o(.data) for .data
    startup_rvmdk.o(RESET) refers to startup_rvmdk.o(STACK) for StackMem
    startup_rvmdk.o(RESET) refers to usb_dev_keyboard.o(i.SysTickIntHandler) for SysTickIntHandler
    startup_rvmdk.o(RESET) refers to uartstdio.o(i.UARTStdioIntHandler) for UARTStdioIntHandler
    startup_rvmdk.o(RESET) refers to usbdhandler.o(i.USB0DeviceIntHandler) for USB0DeviceIntHandler
    startup_rvmdk.o(RESET) refers to entry.o(.ARM.Collect$$$$00000000) for __main
    uartstdio.o(i.UARTEchoSet) refers to uartstdio.o(.data) for .data
    uartstdio.o(i.UARTFlushRx) refers to uartstdio.o(.data) for .data
    uartstdio.o(i.UARTFlushTx) refers to uartstdio.o(i.IsBufferEmpty) for IsBufferEmpty
    uartstdio.o(i.UARTFlushTx) refers to uartstdio.o(.data) for .data
    uartstdio.o(i.UARTPeek) refers to uartstdio.o(i.GetBufferCount) for GetBufferCount
    uartstdio.o(i.UARTPeek) refers to uartstdio.o(.data) for .data
    uartstdio.o(i.UARTPeek) refers to uartstdio.o(.bss) for .bss
    uartstdio.o(i.UARTPrimeTransmit) refers to uartstdio.o(i.IsBufferEmpty) for IsBufferEmpty
    uartstdio.o(i.UARTPrimeTransmit) refers to uartstdio.o(.data) for .data
    uartstdio.o(i.UARTPrimeTransmit) refers to uartstdio.o(.constdata) for .constdata
    uartstdio.o(i.UARTPrimeTransmit) refers to uartstdio.o(.bss) for .bss
    uartstdio.o(i.UARTRxBytesAvail) refers to uartstdio.o(i.GetBufferCount) for GetBufferCount
    uartstdio.o(i.UARTRxBytesAvail) refers to uartstdio.o(.data) for .data
    uartstdio.o(i.UARTStdioConfig) refers to uartstdio.o(i.UARTFlushRx) for UARTFlushRx
    uartstdio.o(i.UARTStdioConfig) refers to uartstdio.o(i.UARTFlushTx) for UARTFlushTx
    uartstdio.o(i.UARTStdioConfig) refers to uartstdio.o(.constdata) for .constdata
    uartstdio.o(i.UARTStdioConfig) refers to uartstdio.o(.data) for .data
    uartstdio.o(i.UARTStdioIntHandler) refers to uartstdio.o(i.UARTPrimeTransmit) for UARTPrimeTransmit
    uartstdio.o(i.UARTStdioIntHandler) refers to uartstdio.o(i.IsBufferEmpty) for IsBufferEmpty
    uartstdio.o(i.UARTStdioIntHandler) refers to uartstdio.o(i.UARTwrite) for UARTwrite
    uartstdio.o(i.UARTStdioIntHandler) refers to uartstdio.o(i.IsBufferFull) for IsBufferFull
    uartstdio.o(i.UARTStdioIntHandler) refers to uartstdio.o(.data) for .data
    uartstdio.o(i.UARTStdioIntHandler) refers to uartstdio.o(.bss) for .bss
    uartstdio.o(i.UARTTxBytesFree) refers to uartstdio.o(i.GetBufferCount) for GetBufferCount
    uartstdio.o(i.UARTTxBytesFree) refers to uartstdio.o(.data) for .data
    uartstdio.o(i.UARTgetc) refers to uartstdio.o(i.IsBufferEmpty) for IsBufferEmpty
    uartstdio.o(i.UARTgetc) refers to uartstdio.o(.data) for .data
    uartstdio.o(i.UARTgetc) refers to uartstdio.o(.bss) for .bss
    uartstdio.o(i.UARTgets) refers to uartstdio.o(i.IsBufferEmpty) for IsBufferEmpty
    uartstdio.o(i.UARTgets) refers to uartstdio.o(.bss) for .bss
    uartstdio.o(i.UARTgets) refers to uartstdio.o(.data) for .data
    uartstdio.o(i.UARTprintf) refers to uartstdio.o(i.UARTvprintf) for UARTvprintf
    uartstdio.o(i.UARTvprintf) refers to uartstdio.o(i.UARTwrite) for UARTwrite
    uartstdio.o(i.UARTvprintf) refers to uartstdio.o(.constdata) for .constdata
    uartstdio.o(i.UARTwrite) refers to uartstdio.o(i.IsBufferFull) for IsBufferFull
    uartstdio.o(i.UARTwrite) refers to uartstdio.o(i.IsBufferEmpty) for IsBufferEmpty
    uartstdio.o(i.UARTwrite) refers to uartstdio.o(i.UARTPrimeTransmit) for UARTPrimeTransmit
    uartstdio.o(i.UARTwrite) refers to uartstdio.o(.bss) for .bss
    uartstdio.o(i.UARTwrite) refers to uartstdio.o(.data) for .data
    uartstdio.o(.constdata) refers to uartstdio.o(.conststring) for .conststring
    usb_dev_keyboard.o(i.ConfigureUART) refers to uart.o(i.UARTClockSourceSet) for UARTClockSourceSet
    usb_dev_keyboard.o(i.ConfigureUART) refers to uartstdio.o(i.UARTStdioConfig) for UARTStdioConfig
    usb_dev_keyboard.o(i.KeyboardHandler) refers to usb_dev_keyboard.o(.data) for .data
    usb_dev_keyboard.o(i.SendArrowPress) refers to usbdhidkeyb.o(i.USBDHIDKeyboardKeyStateChange) for USBDHIDKeyboardKeyStateChange
    usb_dev_keyboard.o(i.SendArrowPress) refers to usb_dev_keyboard.o(i.WaitForSendIdle) for WaitForSendIdle
    usb_dev_keyboard.o(i.SendArrowPress) refers to usb_dev_keyboard.o(.data) for .data
    usb_dev_keyboard.o(i.SendArrowPress) refers to usb_keyb_structs.o(.data) for g_sKeyboardDevice
    usb_dev_keyboard.o(i.SendArrowRelease) refers to usbdhidkeyb.o(i.USBDHIDKeyboardKeyStateChange) for USBDHIDKeyboardKeyStateChange
    usb_dev_keyboard.o(i.SendArrowRelease) refers to usb_dev_keyboard.o(i.WaitForSendIdle) for WaitForSendIdle
[...]
    Removing usb.o(i.USBHostSuspend), (10 bytes).
    Removing usb.o(i.USBIntDisableControl), (44 bytes).
    Removing usb.o(i.USBIntDisableEndpoint), (24 bytes).
    Removing usb.o(i.USBIntRegister), (68 bytes).
    Removing usb.o(i.USBIntUnregister), (68 bytes).
    Removing usb.o(i.USBLPMEndpointGet), (10 bytes).
    Removing usb.o(i.USBLPMIntDisable), (14 bytes).
    Removing usb.o(i.USBLPMLinkStateGet), (10 bytes).
    Removing usb.o(i.USBLPMRemoteWakeEnabled), (14 bytes).
    Removing usb.o(i.USBModeConfig), (6 bytes).
    Removing usb.o(i.USBModeGet), (10 bytes).
    Removing usb.o(i.USBNumEndpointsGet), (10 bytes).
    Removing usb.o(i.USBOTGSessionRequest), (22 bytes).
    Removing usb.o(i.USBPHYPowerOff), (10 bytes).
    Removing usb.o(i.USBPHYPowerOn), (10 bytes).
    Removing usb.o(i.USBULPIConfig), (6 bytes).
    Removing usbdenum.o(i.USBDCDFeatureGet), (24 bytes).
    Removing usbdenum.o(i.USBDCDFeatureSet), (128 bytes).
    Removing usbdenum.o(i.USBDCDPowerStatusSet), (28 bytes).
    Removing usbdenum.o(i.USBDCDRemoteWakeLPM), (32 bytes).
    Removing usbdenum.o(i.USBDCDRemoteWakeupRequest), (56 bytes).
    Removing usbdenum.o(i.USBDCDSetDefaultConfiguration), (12 bytes).
    Removing usbdenum.o(i.USBDCDTerm), (92 bytes).
    Removing usbdenum.o(i.USBDeviceEnumResetHandler), (64 bytes).
    Removing usbdhid.o(i.USBDHIDPacketRead), (134 bytes).
    Removing usbdhid.o(i.USBDHIDPowerStatusSet), (6 bytes).
    Removing usbdhid.o(i.USBDHIDRemoteWakeupRequest), (6 bytes).
    Removing usbdhid.o(i.USBDHIDRxPacketAvailable), (38 bytes).
    Removing usbdhid.o(i.USBDHIDSetRxCBData), (8 bytes).
    Removing usbdhid.o(i.USBDHIDSetTxCBData), (8 bytes).
    Removing usbdhid.o(i.USBDHIDTerm), (18 bytes).
    Removing usbhostenum.o(i.ConfigDescAlloc), (112 bytes).
    Removing usbhostenum.o(i.ConfigDescFree), (64 bytes).
    Removing usbhostenum.o(i.InternalUSBHCDSendEvent), (56 bytes).
    Removing usbhostenum.o(i.ProcessUSBDeviceStateMachine), (984 bytes).
    Removing usbhostenum.o(i.USB0HostIntHandler), (24 bytes).
    Removing usbhostenum.o(i.USBHCDControlTransfer), (628 bytes).
    Removing usbhostenum.o(i.USBHCDDevAddress), (40 bytes).
    Removing usbhostenum.o(i.USBHCDDevClass), (60 bytes).
    Removing usbhostenum.o(i.USBHCDDevHubPort), (40 bytes).
    Removing usbhostenum.o(i.USBHCDDevProtocol), (60 bytes).
    Removing usbhostenum.o(i.USBHCDDevSubClass), (60 bytes).
    Removing usbhostenum.o(i.USBHCDDeviceDisconnected), (160 bytes).
    Removing usbhostenum.o(i.USBHCDEventDisable), (88 bytes).
    Removing usbhostenum.o(i.USBHCDEventEnable), (88 bytes).
    Removing usbhostenum.o(i.USBHCDFeatureSet), (140 bytes).
    Removing usbhostenum.o(i.USBHCDHubDeviceConnected), (100 bytes).
    Removing usbhostenum.o(i.USBHCDHubDeviceDisconnected), (16 bytes).
    Removing usbhostenum.o(i.USBHCDInit), (256 bytes).
    Removing usbhostenum.o(i.USBHCDInitInternal), (404 bytes).
    Removing usbhostenum.o(i.USBHCDLPMResume), (12 bytes).
    Removing usbhostenum.o(i.USBHCDLPMSleep), (88 bytes).
    Removing usbhostenum.o(i.USBHCDLPMStatus), (26 bytes).
    Removing usbhostenum.o(i.USBHCDMain), (248 bytes).
    Removing usbhostenum.o(i.USBHCDPipeAlloc), (12 bytes).
    Removing usbhostenum.o(i.USBHCDPipeAllocSize), (756 bytes).
    Removing usbhostenum.o(i.USBHCDPipeConfig), (236 bytes).
    Removing usbhostenum.o(i.USBHCDPipeDataAck), (48 bytes).
    Removing usbhostenum.o(i.USBHCDPipeFree), (292 bytes).
    Removing usbhostenum.o(i.USBHCDPipeRead), (520 bytes).
    Removing usbhostenum.o(i.USBHCDPipeReadNonBlocking), (68 bytes).
    Removing usbhostenum.o(i.USBHCDPipeSchedule), (180 bytes).
    Removing usbhostenum.o(i.USBHCDPipeTransferSizeGet), (28 bytes).
    Removing usbhostenum.o(i.USBHCDPipeWrite), (492 bytes).
    Removing usbhostenum.o(i.USBHCDPowerAutomatic), (20 bytes).
    Removing usbhostenum.o(i.USBHCDPowerConfigGet), (12 bytes).
    Removing usbhostenum.o(i.USBHCDPowerConfigInit), (12 bytes).
    Removing usbhostenum.o(i.USBHCDPowerConfigSet), (84 bytes).
    Removing usbhostenum.o(i.USBHCDRegisterDrivers), (16 bytes).
    Removing usbhostenum.o(i.USBHCDReset), (60 bytes).
    Removing usbhostenum.o(i.USBHCDResume), (44 bytes).
    Removing usbhostenum.o(i.USBHCDSetAddress), (84 bytes).
    Removing usbhostenum.o(i.USBHCDSetConfig), (48 bytes).
    Removing usbhostenum.o(i.USBHCDSetInterface), (50 bytes).
    Removing usbhostenum.o(i.USBHCDStringDescriptorGet), (58 bytes).
    Removing usbhostenum.o(i.USBHCDSuspend), (12 bytes).
    Removing usbhostenum.o(i.USBHCDTerm), (136 bytes).
    Removing usbhostenum.o(i.USBHostCheckPipes), (116 bytes).
    Removing usbhostenum.o(i.USBHostIntHandlerInternal), (1188 bytes).
    Removing usbhostenum.o(.bss), (1812 bytes).
    Removing usbhostenum.o(.data), (32 bytes).
    Removing usbtick.o(i.InternalUSBTickReset), (12 bytes).
    Removing cpu.o(.emb_text), (38 bytes).
    Removing usbdcdesc.o(i.USBDCDConfigGetNumAlternateInterfaces), (88 bytes).
    Removing usbdesc.o(i.USBDescGetInterface), (122 bytes).
    Removing usbdesc.o(i.USBDescGetInterfaceEndpoint), (66 bytes).
    Removing usbdesc.o(i.USBDescGetNumAlternateInterfaces), (42 bytes).
    Removing usbdma.o(i.USBLibDMAAddrGet), (8 bytes).
    Removing usbdma.o(i.USBLibDMASizeGet), (8 bytes).
    Removing usbhhub.o(i.HubDriverClose), (132 bytes).
    Removing usbhhub.o(i.HubDriverOpen), (400 bytes).
    Removing usbhhub.o(i.HubIntINCallback), (88 bytes).
    Removing usbhhub.o(i.USBHHubClose), (8 bytes).
    Removing usbhhub.o(i.USBHHubEnumerationComplete), (28 bytes).
    Removing usbhhub.o(i.USBHHubEnumerationError), (28 bytes).
    Removing usbhhub.o(i.USBHHubInit), (68 bytes).
    Removing usbhhub.o(i.USBHHubLPMSleep), (6 bytes).
    Removing usbhhub.o(i.USBHHubLPMStatus), (6 bytes).
    Removing usbhhub.o(i.USBHHubMain), (888 bytes).
    Removing usbhhub.o(i.USBHHubOpen), (20 bytes).
    Removing usbhhub.o(.bss), (156 bytes).
    Removing usbhhub.o(.constdata), (16 bytes).
    Removing usbhhub.o(.data), (8 bytes).
    Removing usbulpi.o(i.ULPIPowerTransceiver), (18 bytes).
    Removing udma.o(i.uDMAChannelAssign), (44 bytes).
    Removing udma.o(i.uDMAChannelAttributeEnable), (72 bytes).
    Removing udma.o(i.uDMAChannelAttributeGet), (64 bytes).
    Removing udma.o(i.uDMAChannelIsEnabled), (28 bytes).
    Removing udma.o(i.uDMAChannelRequest), (20 bytes).
    Removing udma.o(i.uDMAChannelScatterGatherSet), (84 bytes).
    Removing udma.o(i.uDMAChannelSelectDefault), (16 bytes).
    Removing udma.o(i.uDMAChannelSelectSecondary), (16 bytes).
    Removing udma.o(i.uDMAChannelSizeGet), (32 bytes).
    Removing udma.o(i.uDMAControlAlternateBaseGet), (12 bytes).
    Removing udma.o(i.uDMAControlBaseGet), (12 bytes).
    Removing udma.o(i.uDMAControlBaseSet), (12 bytes).
    Removing udma.o(i.uDMADisable), (12 bytes).
    Removing udma.o(i.uDMAEnable), (12 bytes).
    Removing udma.o(i.uDMAErrorStatusClear), (12 bytes).
    Removing udma.o(i.uDMAErrorStatusGet), (12 bytes).
    Removing udma.o(i.uDMAIntClear), (12 bytes).
    Removing udma.o(i.uDMAIntRegister), (18 bytes).
    Removing udma.o(i.uDMAIntStatus), (12 bytes).
    Removing udma.o(i.uDMAIntUnregister), (18 bytes).

355 unused section(s) (total 24841 bytes) removed from the image.

==============================================================================

Image Symbol Table

    Local Symbols

    Symbol Name                              Value     Ov Type        Size  Object(Section)

    RESET                                    0x00000000   Section      648  startup_rvmdk.o(RESET)
    ../clib/../cmprslib/zerorunl.c           0x00000000   Number         0  __dczerorl.o ABSOLUTE
    ../clib/microlib/init/entry.s            0x00000000   Number         0  entry11b.o ABSOLUTE
    ../clib/microlib/init/entry.s            0x00000000   Number         0  entry11a.o ABSOLUTE
    ../clib/microlib/init/entry.s            0x00000000   Number         0  entry10b.o ABSOLUTE
    ../clib/microlib/init/entry.s            0x00000000   Number         0  entry8b.o ABSOLUTE
    ../clib/microlib/init/entry.s            0x00000000   Number         0  entry8a.o ABSOLUTE
    ../clib/microlib/init/entry.s            0x00000000   Number         0  entry7b.o ABSOLUTE
    ../clib/microlib/init/entry.s            0x00000000   Number         0  entry7a.o ABSOLUTE
    ../clib/microlib/init/entry.s            0x00000000   Number         0  entry5.o ABSOLUTE
    ../clib/microlib/init/entry.s            0x00000000   Number         0  entry2.o ABSOLUTE
    ../clib/microlib/init/entry.s            0x00000000   Number         0  entry10a.o ABSOLUTE
    ../clib/microlib/init/entry.s            0x00000000   Number         0  entry.o ABSOLUTE
    ../clib/microlib/init/entry.s            0x00000000   Number         0  entry12a.o ABSOLUTE
    ../clib/microlib/init/entry.s            0x00000000   Number         0  entry9b.o ABSOLUTE
    ../clib/microlib/init/entry.s            0x00000000   Number         0  entry12b.o ABSOLUTE
    ../clib/microlib/init/entry.s            0x00000000   Number         0  entry9a.o ABSOLUTE
    ..\..\..\..\utils\uartstdio.c            0x00000000   Number         0  uartstdio.o ABSOLUTE
    ..\drivers\buttons.c                     0x00000000   Number         0  buttons.o ABSOLUTE
    cpu.c                                    0x00000000   Number         0  cpu.o ABSOLUTE
    cpu.c                                    0x00000000   Number         0  cpu.o ABSOLUTE
    dc.s                                     0x00000000   Number         0  dc.o ABSOLUTE
    device\usbdcdesc.c                       0x00000000   Number         0  usbdcdesc.o ABSOLUTE
    device\usbdconfig.c                      0x00000000   Number         0  usbdconfig.o ABSOLUTE
    device\usbdenum.c                        0x00000000   Number         0  usbdenum.o ABSOLUTE
    device\usbdhandler.c                     0x00000000   Number         0  usbdhandler.o ABSOLUTE
    device\usbdhid.c                         0x00000000   Number         0  usbdhid.o ABSOLUTE
    device\usbdhidkeyb.c                     0x00000000   Number         0  usbdhidkeyb.o ABSOLUTE
    gpio.c                                   0x00000000   Number         0  gpio.o ABSOLUTE
    handlers.s                               0x00000000   Number         0  handlers.o ABSOLUTE
    host\usbhhub.c                           0x00000000   Number         0  usbhhub.o ABSOLUTE
    host\usbhostenum.c                       0x00000000   Number         0  usbhostenum.o ABSOLUTE
    init.s                                   0x00000000   Number         0  init.o ABSOLUTE
    interrupt.c                              0x00000000   Number         0  interrupt.o ABSOLUTE
    startup_rvmdk.S                          0x00000000   Number         0  startup_rvmdk.o ABSOLUTE
    sysctl.c                                 0x00000000   Number         0  sysctl.o ABSOLUTE
    sysctl.c                                 0x00000000   Number         0  sysctl.o ABSOLUTE
    uart.c                                   0x00000000   Number         0  uart.o ABSOLUTE
    udma.c                                   0x00000000   Number         0  udma.o ABSOLUTE
    usb.c                                    0x00000000   Number         0  usb.o ABSOLUTE
    usb_dev_keyboard.c                       0x00000000   Number         0  usb_dev_keyboard.o ABSOLUTE
    usb_keyb_structs.c                       0x00000000   Number         0  usb_keyb_structs.o ABSOLUTE
    usbdesc.c                                0x00000000   Number         0  usbdesc.o ABSOLUTE
    usbdma.c                                 0x00000000   Number         0  usbdma.o ABSOLUTE
    usbmode.c                                0x00000000   Number         0  usbmode.o ABSOLUTE
    usbtick.c                                0x00000000   Number         0  usbtick.o ABSOLUTE
    usbulpi.c                                0x00000000   Number         0  usbulpi.o ABSOLUTE
    $v0                                      0x0000026c   Number         0  startup_rvmdk.o(RESET)
    NmiSR                                    0x00000281   Thumb Code     0  startup_rvmdk.o(RESET)
    FaultISR                                 0x00000283   Thumb Code     0  startup_rvmdk.o(RESET)
    IntDefaultHandler                        0x00000285   Thumb Code     0  startup_rvmdk.o(RESET)
    .ARM.Collect$$$$00000000                 0x00000288   Section        0  entry.o(.ARM.Collect$$$$00000000)
    .ARM.Collect$$$$00000001                 0x00000288   Section        4  entry2.o(.ARM.Collect$$$$00000001)
    .ARM.Collect$$$$00000004                 0x0000028c   Section        4  entry5.o(.ARM.Collect$$$$00000004)
    .ARM.Collect$$$$00000008                 0x00000290   Section        0  entry7b.o(.ARM.Collect$$$$00000008)
    .ARM.Collect$$$$0000000A                 0x00000290   Section        0  entry8b.o(.ARM.Collect$$$$0000000A)
    .ARM.Collect$$$$0000000B                 0x00000290   Section        8  entry9a.o(.ARM.Collect$$$$0000000B)
    .ARM.Collect$$$$0000000E                 0x00000298   Section        4  entry12b.o(.ARM.Collect$$$$0000000E)
    .ARM.Collect$$$$0000000F                 0x0000029c   Section        0  entry10a.o(.ARM.Collect$$$$0000000F)
    .ARM.Collect$$$$00000011                 0x0000029c   Section        0  entry11a.o(.ARM.Collect$$$$00000011)
    .ARM.Collect$$$$00002712                 0x0000029c   Section        4  entry2.o(.ARM.Collect$$$$00002712)
    __lit__00000000                          0x0000029c   Data           4  entry2.o(.ARM.Collect$$$$00002712)
    .text                                    0x000002a0   Section       36  init.o(.text)
    .text                                    0x000002c4   Section        0  __dczerorl.o(.text)
    i.ButtonsInit                            0x00000300   Section        0  buttons.o(i.ButtonsInit)
    i.ButtonsPoll                            0x00000364   Section        0  buttons.o(i.ButtonsPoll)
    i.ConfigureUART                          0x000003bc   Section        0  usb_dev_keyboard.o(i.ConfigureUART)
    i.DMAUSBIntHandler                       0x00000418   Section        0  usbdma.o(i.DMAUSBIntHandler)
    DMAUSBIntHandler                         0x00000419   Thumb Code    64  usbdma.o(i.DMAUSBIntHandler)
    i.DMAUSBIntStatusClear                   0x00000458   Section        0  usbdma.o(i.DMAUSBIntStatusClear)
    DMAUSBIntStatusClear                     0x00000459   Thumb Code    14  usbdma.o(i.DMAUSBIntStatusClear)
    i.DMAUSBStatus                           0x00000466   Section        0  usbdma.o(i.DMAUSBStatus)
    DMAUSBStatus                             0x00000467   Thumb Code     4  usbdma.o(i.DMAUSBStatus)
    i.GPIOPinRead                            0x0000046a   Section        0  gpio.o(i.GPIOPinRead)
    i.HIDKeyboardRxHandler                   0x00000470   Section        0  usbdhidkeyb.o(i.HIDKeyboardRxHandler)
    HIDKeyboardRxHandler                     0x00000471   Thumb Code   184  usbdhidkeyb.o(i.HIDKeyboardRxHandler)
    i.HIDKeyboardTxHandler                   0x00000528   Section        0  usbdhidkeyb.o(i.HIDKeyboardTxHandler)
    HIDKeyboardTxHandler                     0x00000529   Thumb Code    62  usbdhidkeyb.o(i.HIDKeyboardTxHandler)
    i.HIDTickHandler                         0x00000568   Section        0  usbdhid.o(i.HIDTickHandler)
    HIDTickHandler                           0x00000569   Thumb Code    60  usbdhid.o(i.HIDTickHandler)
    i.HandleConfigChange                     0x000005a8   Section        0  usbdhid.o(i.HandleConfigChange)
    HandleConfigChange                       0x000005a9   Thumb Code    78  usbdhid.o(i.HandleConfigChange)
    i.HandleDevice                           0x000005f6   Section        0  usbdhid.o(i.HandleDevice)
    HandleDevice                             0x000005f7   Thumb Code   128  usbdhid.o(i.HandleDevice)
    i.HandleDisconnect                       0x00000676   Section        0  usbdhid.o(i.HandleDisconnect)
    HandleDisconnect                         0x00000677   Thumb Code    30  usbdhid.o(i.HandleDisconnect)
    i.HandleEP0DataReceived                  0x00000694   Section        0  usbdhid.o(i.HandleEP0DataReceived)
    HandleEP0DataReceived                    0x00000695   Thumb Code    44  usbdhid.o(i.HandleEP0DataReceived)
    i.HandleEP0DataSent                      0x000006c0   Section        0  usbdhid.o(i.HandleEP0DataSent)
    HandleEP0DataSent                        0x000006c1   Thumb Code    32  usbdhid.o(i.HandleEP0DataSent)
    i.HandleEndpoints                        0x000006e0   Section        0  usbdhid.o(i.HandleEndpoints)
    HandleEndpoints                          0x000006e1   Thumb Code   286  usbdhid.o(i.HandleEndpoints)
    i.HandleGetDescriptor                    0x00000804   Section        0  usbdhid.o(i.HandleGetDescriptor)
    HandleGetDescriptor                      0x00000805   Thumb Code   184  usbdhid.o(i.HandleGetDescriptor)
    i.HandleRequest                          0x000008bc   Section        0  usbdhid.o(i.HandleRequest)
    HandleRequest                            0x000008bd   Thumb Code   414  usbdhid.o(i.HandleRequest)
    i.HandleReset                            0x00000a5a   Section        0  usbdhid.o(i.HandleReset)
    HandleReset                              0x00000a5b   Thumb Code    30  usbdhid.o(i.HandleReset)
    i.HandleResume                           0x00000a78   Section        0  usbdhid.o(i.HandleResume)
    HandleResume                             0x00000a79   Thumb Code    12  usbdhid.o(i.HandleResume)
    i.HandleSuspend                          0x00000a84   Section        0  usbdhid.o(i.HandleSuspend)
    HandleSuspend                            0x00000a85   Thumb Code    12  usbdhid.o(i.HandleSuspend)
    i.IntDisable                             0x00000a90   Section        0  interrupt.o(i.IntDisable)
    i.IntEnable                              0x00000af4   Section        0  interrupt.o(i.IntEnable)
    i.IntIsEnabled                           0x00000b58   Section        0  interrupt.o(i.IntIsEnabled)
    i.InternalUSBRegisterTickHandler         0x00000bb8   Section        0  usbtick.o(i.InternalUSBRegisterTickHandler)
    i.InternalUSBStartOfFrameTick            0x00000bec   Section        0  usbtick.o(i.InternalUSBStartOfFrameTick)
    i.InternalUSBTickInit                    0x00000c24   Section        0  usbtick.o(i.InternalUSBTickInit)
    i.IsBufferEmpty                          0x00000c5c   Section        0  uartstdio.o(i.IsBufferEmpty)
    IsBufferEmpty                            0x00000c5d   Thumb Code    16  uartstdio.o(i.IsBufferEmpty)
    i.IsBufferFull                           0x00000c6c   Section        0  uartstdio.o(i.IsBufferFull)
    IsBufferFull                             0x00000c6d   Thumb Code    26  uartstdio.o(i.IsBufferFull)
    i.KeyboardHandler                        0x00000c88   Section        0  usb_dev_keyboard.o(i.KeyboardHandler)
    i.ProcessIdleTimers                      0x00000ce0   Section        0  usbdhid.o(i.ProcessIdleTimers)
    ProcessIdleTimers                        0x00000ce1   Thumb Code   176  usbdhid.o(i.ProcessIdleTimers)
    i.SendArrowPress                         0x00000d90   Section        0  usb_dev_keyboard.o(i.SendArrowPress)
    i.SendArrowRelease                       0x00000dcc   Section        0  usb_dev_keyboard.o(i.SendArrowRelease)
    i.SysCtlPeripheralEnable                 0x00000e08   Section        0  sysctl.o(i.SysCtlPeripheralEnable)
    i.SysCtlPeripheralReset                  0x00000e30   Section        0  sysctl.o(i.SysCtlPeripheralReset)
    i.SysCtlUSBPLLEnable                     0x00000e6c   Section        0  sysctl.o(i.SysCtlUSBPLLEnable)
    i.SysTickIntHandler                      0x00000e7c   Section        0  usb_dev_keyboard.o(i.SysTickIntHandler)
    i.UARTClockSourceSet                     0x00000e8c   Section        0  uart.o(i.UARTClockSourceSet)
    i.UARTFlushRx                            0x00000e94   Section        0  uartstdio.o(i.UARTFlushRx)
    i.UARTFlushTx                            0x00000ebc   Section        0  uartstdio.o(i.UARTFlushTx)
    i.UARTPrimeTransmit                      0x00000ef4   Section        0  uartstdio.o(i.UARTPrimeTransmit)
    UARTPrimeTransmit                        0x00000ef5   Thumb Code   108  uartstdio.o(i.UARTPrimeTransmit)
    i.UARTStdioConfig                        0x00000f6c   Section        0  uartstdio.o(i.UARTStdioConfig)
    i.UARTStdioIntHandler                    0x00001004   Section        0  uartstdio.o(i.UARTStdioIntHandler)
    i.UARTprintf                             0x0000110c   Section        0  uartstdio.o(i.UARTprintf)
    i.UARTvprintf                            0x00001120   Section        0  uartstdio.o(i.UARTvprintf)
    i.UARTwrite                              0x000012d4   Section        0  uartstdio.o(i.UARTwrite)
    i.ULPIConfigSet                          0x00001368   Section        0  usbulpi.o(i.ULPIConfigSet)
    i.USB0DeviceIntHandler                   0x000013c4   Section        0  usbdhandler.o(i.USB0DeviceIntHandler)
    i.USBClockEnable                         0x000013dc   Section        0  usb.o(i.USBClockEnable)
    i.USBControllerVersion                   0x000013e6   Section        0  usb.o(i.USBControllerVersion)
    i.USBDCDConfigDescGet                    0x000013f0   Section        0  usbdcdesc.o(i.USBDCDConfigDescGet)
    i.USBDCDConfigDescGetNum                 0x00001446   Section        0  usbdcdesc.o(i.USBDCDConfigDescGetNum)
    i.USBDCDConfigDescGetSize                0x0000147c   Section        0  usbdcdesc.o(i.USBDCDConfigDescGetSize)
    i.USBDCDConfigGetInterface               0x0000149e   Section        0  usbdcdesc.o(i.USBDCDConfigGetInterface)
    i.USBDCDConfigGetInterfaceEndpoint       0x0000155a   Section        0  usbdcdesc.o(i.USBDCDConfigGetInterfaceEndpoint)
    i.USBDCDDeviceInfoInit                   0x000015b8   Section        0  usbdenum.o(i.USBDCDDeviceInfoInit)
    i.USBDCDInit                             0x000015fc   Section        0  usbdenum.o(i.USBDCDInit)
    i.USBDCDRequestDataEP0                   0x000017a4   Section        0  usbdenum.o(i.USBDCDRequestDataEP0)
    i.USBDCDSendDataEP0                      0x000017b8   Section        0  usbdenum.o(i.USBDCDSendDataEP0)
    i.USBDCDStallEP0                         0x000017cc   Section        0  usbdenum.o(i.USBDCDStallEP0)
    i.USBDClearFeature                       0x000017e8   Section        0  usbdenum.o(i.USBDClearFeature)
    USBDClearFeature                         0x000017e9   Thumb Code   156  usbdenum.o(i.USBDClearFeature)
    i.USBDEP0StateTx                         0x0000188c   Section        0  usbdenum.o(i.USBDEP0StateTx)
    USBDEP0StateTx                           0x0000188d   Thumb Code   104  usbdenum.o(i.USBDEP0StateTx)
    i.USBDEP0StateTxConfig                   0x00001900   Section        0  usbdenum.o(i.USBDEP0StateTxConfig)
    USBDEP0StateTxConfig                     0x00001901   Thumb Code   358  usbdenum.o(i.USBDEP0StateTxConfig)
    i.USBDGetConfiguration                   0x00001a74   Section        0  usbdenum.o(i.USBDGetConfiguration)
    USBDGetConfiguration                     0x00001a75   Thumb Code    46  usbdenum.o(i.USBDGetConfiguration)
    i.USBDGetDescriptor                      0x00001aa8   Section        0  usbdenum.o(i.USBDGetDescriptor)
    USBDGetDescriptor                        0x00001aa9   Thumb Code   354  usbdenum.o(i.USBDGetDescriptor)
    i.USBDGetInterface                       0x00001c18   Section        0  usbdenum.o(i.USBDGetInterface)
    USBDGetInterface                         0x00001c19   Thumb Code    82  usbdenum.o(i.USBDGetInterface)
    i.USBDGetStatus                          0x00001c74   Section        0  usbdenum.o(i.USBDGetStatus)
    USBDGetStatus                            0x00001c75   Thumb Code   124  usbdenum.o(i.USBDGetStatus)
    i.USBDHIDCompositeInit                   0x00001cf8   Section        0  usbdhid.o(i.USBDHIDCompositeInit)
    i.USBDHIDInit                            0x00001df4   Section        0  usbdhid.o(i.USBDHIDInit)
    i.USBDHIDKeyboardCompositeInit           0x00001e1c   Section        0  usbdhidkeyb.o(i.USBDHIDKeyboardCompositeInit)
    i.USBDHIDKeyboardInit                    0x00001ec0   Section        0  usbdhidkeyb.o(i.USBDHIDKeyboardInit)
    i.USBDHIDKeyboardKeyStateChange          0x00001ef8   Section        0  usbdhidkeyb.o(i.USBDHIDKeyboardKeyStateChange)
    i.USBDHIDReportWrite                     0x00001fe6   Section        0  usbdhid.o(i.USBDHIDReportWrite)
    i.USBDHIDTxPacketAvailable               0x00002088   Section        0  usbdhid.o(i.USBDHIDTxPacketAvailable)
    i.USBDMAChannelAddressSet                0x00002096   Section        0  usb.o(i.USBDMAChannelAddressSet)
    i.USBDMAChannelConfigSet                 0x000020a0   Section        0  usb.o(i.USBDMAChannelConfigSet)
    i.USBDMAChannelCountSet                  0x000020b6   Section        0  usb.o(i.USBDMAChannelCountSet)
    i.USBDMAChannelDisable                   0x000020c0   Section        0  usb.o(i.USBDMAChannelDisable)
    i.USBDMAChannelEnable                    0x000020d2   Section        0  usb.o(i.USBDMAChannelEnable)
    i.USBDMAChannelIntDisable                0x000020e4   Section        0  usb.o(i.USBDMAChannelIntDisable)
    i.USBDMAChannelIntEnable                 0x000020f6   Section        0  usb.o(i.USBDMAChannelIntEnable)
    i.USBDMAChannelIntStatus                 0x00002108   Section        0  usb.o(i.USBDMAChannelIntStatus)
    i.USBDMAChannelStatus                    0x0000210e   Section        0  usb.o(i.USBDMAChannelStatus)
    i.USBDReadAndDispatchRequest             0x0000211c   Section        0  usbdenum.o(i.USBDReadAndDispatchRequest)
    USBDReadAndDispatchRequest               0x0000211d   Thumb Code   104  usbdenum.o(i.USBDReadAndDispatchRequest)
    i.USBDSetAddress                         0x00002198   Section        0  usbdenum.o(i.USBDSetAddress)
    USBDSetAddress                           0x00002199   Thumb Code    30  usbdenum.o(i.USBDSetAddress)
    i.USBDSetConfiguration                   0x000021bc   Section        0  usbdenum.o(i.USBDSetConfiguration)
    USBDSetConfiguration                     0x000021bd   Thumb Code   152  usbdenum.o(i.USBDSetConfiguration)
    i.USBDSetDescriptor                      0x00002260   Section        0  usbdenum.o(i.USBDSetDescriptor)
    USBDSetDescriptor                        0x00002261   Thumb Code    32  usbdenum.o(i.USBDSetDescriptor)
    i.USBDSetFeature                         0x00002288   Section        0  usbdenum.o(i.USBDSetFeature)
    USBDSetFeature                           0x00002289   Thumb Code   122  usbdenum.o(i.USBDSetFeature)
    i.USBDSetInterface                       0x0000230c   Section        0  usbdenum.o(i.USBDSetInterface)
    USBDSetInterface                         0x0000230d   Thumb Code   176  usbdenum.o(i.USBDSetInterface)
    i.USBDSyncFrame                          0x000023c8   Section        0  usbdenum.o(i.USBDSyncFrame)
    USBDSyncFrame                            0x000023c9   Thumb Code    32  usbdenum.o(i.USBDSyncFrame)
    i.USBDescGet                             0x000023f0   Section        0  usbdesc.o(i.USBDescGet)
    i.USBDescGetNum                          0x00002426   Section        0  usbdesc.o(i.USBDescGetNum)
    i.USBDevAddrSet                          0x00002454   Section        0  usb.o(i.USBDevAddrSet)
    i.USBDevConnect                          0x00002458   Section        0  usb.o(i.USBDevConnect)
    i.USBDevDisconnect                       0x00002462   Section        0  usb.o(i.USBDevDisconnect)
    i.USBDevEndpointConfigSet                0x0000246c   Section        0  usb.o(i.USBDevEndpointConfigSet)
    i.USBDevEndpointDataAck                  0x000024f4   Section        0  usb.o(i.USBDevEndpointDataAck)
    i.USBDevEndpointStall                    0x00002518   Section        0  usb.o(i.USBDevEndpointStall)
    i.USBDevEndpointStallClear               0x0000254c   Section        0  usb.o(i.USBDevEndpointStallClear)
    i.USBDevEndpointStatusClear              0x00002596   Section        0  usb.o(i.USBDevEndpointStatusClear)
    i.USBDevLPMConfig                        0x000025f4   Section        0  usb.o(i.USBDevLPMConfig)
    i.USBDevLPMDisable                       0x000025fa   Section        0  usb.o(i.USBDevLPMDisable)
    i.USBDevLPMEnable                        0x00002608   Section        0  usb.o(i.USBDevLPMEnable)
    i.USBDevMode                             0x00002616   Section        0  usb.o(i.USBDevMode)
    i.USBDeviceConfig                        0x00002620   Section        0  usbdconfig.o(i.USBDeviceConfig)
    i.USBDeviceConfigAlternate               0x000027c0   Section        0  usbdconfig.o(i.USBDeviceConfigAlternate)
    i.USBDeviceEnumHandler                   0x00002888   Section        0  usbdenum.o(i.USBDeviceEnumHandler)
    i.USBDeviceIntHandlerInternal            0x00002974   Section        0  usbdenum.o(i.USBDeviceIntHandlerInternal)
    i.USBDeviceResumeTickHandler             0x00002b0c   Section        0  usbdenum.o(i.USBDeviceResumeTickHandler)
    i.USBEndpointDMAChannel                  0x00002b64   Section        0  usb.o(i.USBEndpointDMAChannel)
    i.USBEndpointDMAConfigSet                0x00002b7e   Section        0  usb.o(i.USBEndpointDMAConfigSet)
    i.USBEndpointDMADisable                  0x00002bd4   Section        0  usb.o(i.USBEndpointDMADisable)
    i.USBEndpointDMAEnable                   0x00002bf8   Section        0  usb.o(i.USBEndpointDMAEnable)
    i.USBEndpointDataAvail                   0x00002c1c   Section        0  usb.o(i.USBEndpointDataAvail)
    i.USBEndpointDataGet                     0x00002c3a   Section        0  usb.o(i.USBEndpointDataGet)
    i.USBEndpointDataPut                     0x00002c8e   Section        0  usb.o(i.USBEndpointDataPut)
    i.USBEndpointDataSend                    0x00002cc8   Section        0  usb.o(i.USBEndpointDataSend)
    i.USBEndpointPacketCountSet              0x00002cf8   Section        0  usb.o(i.USBEndpointPacketCountSet)
    i.USBEndpointStatus                      0x00002d04   Section        0  usb.o(i.USBEndpointStatus)
    i.USBFIFOAddrGet                         0x00002d14   Section        0  usb.o(i.USBFIFOAddrGet)
    i.USBFIFOConfigSet                       0x00002d1c   Section        0  usb.o(i.USBFIFOConfigSet)
    i.USBHostResume                          0x00002d5c   Section        0  usb.o(i.USBHostResume)
    i.USBIntEnableControl                    0x00002d70   Section        0  usb.o(i.USBIntEnableControl)
    i.USBIntEnableEndpoint                   0x00002d9c   Section        0  usb.o(i.USBIntEnableEndpoint)
    i.USBIntStatusControl                    0x00002db4   Section        0  usb.o(i.USBIntStatusControl)
    i.USBIntStatusEndpoint                   0x00002df0   Section        0  usb.o(i.USBIntStatusEndpoint)
    i.USBLPMIntEnable                        0x00002dfa   Section        0  usb.o(i.USBLPMIntEnable)
    i.USBLPMIntStatus                        0x00002e06   Section        0  usb.o(i.USBLPMIntStatus)
    i.USBLibDMAInit                          0x00002e0c   Section        0  usbdma.o(i.USBLibDMAInit)
    i.USBOTGMode                             0x00002f68   Section        0  usb.o(i.USBOTGMode)
    i.USBStackModeSet                        0x00002f70   Section        0  usbmode.o(i.USBStackModeSet)
    i.USBULPIDisable                         0x00002f8c   Section        0  usb.o(i.USBULPIDisable)
    i.USBULPIEnable                          0x00002f9a   Section        0  usb.o(i.USBULPIEnable)
    i.USBULPIRegRead                         0x00002fa8   Section        0  usb.o(i.USBULPIRegRead)
    i.USBULPIRegWrite                        0x00002fc8   Section        0  usb.o(i.USBULPIRegWrite)
    i.WaitForSendIdle                        0x00002fe8   Section        0  usb_dev_keyboard.o(i.WaitForSendIdle)
    i.__scatterload_copy                     0x00003018   Section       14  handlers.o(i.__scatterload_copy)
    i.__scatterload_null                     0x00003026   Section        2  handlers.o(i.__scatterload_null)
    i.__scatterload_zeroinit                 0x00003028   Section       14  handlers.o(i.__scatterload_zeroinit)
    i.iDMAUSBArbSizeSet                      0x00003036   Section        0  usbdma.o(i.iDMAUSBArbSizeSet)
    iDMAUSBArbSizeSet                        0x00003037   Thumb Code     2  usbdma.o(i.iDMAUSBArbSizeSet)
    i.iDMAUSBChannelAllocate                 0x00003038   Section        0  usbdma.o(i.iDMAUSBChannelAllocate)
    iDMAUSBChannelAllocate                   0x00003039   Thumb Code   132  usbdma.o(i.iDMAUSBChannelAllocate)
    i.iDMAUSBChannelDisable                  0x000030bc   Section        0  usbdma.o(i.iDMAUSBChannelDisable)
    iDMAUSBChannelDisable                    0x000030bd   Thumb Code    52  usbdma.o(i.iDMAUSBChannelDisable)
    i.iDMAUSBChannelEnable                   0x000030f0   Section        0  usbdma.o(i.iDMAUSBChannelEnable)
    iDMAUSBChannelEnable                     0x000030f1   Thumb Code    82  usbdma.o(i.iDMAUSBChannelEnable)
    i.iDMAUSBChannelIntDisable               0x00003142   Section        0  usbdma.o(i.iDMAUSBChannelIntDisable)
    iDMAUSBChannelIntDisable                 0x00003143   Thumb Code     8  usbdma.o(i.iDMAUSBChannelIntDisable)
    i.iDMAUSBChannelIntEnable                0x0000314a   Section        0  usbdma.o(i.iDMAUSBChannelIntEnable)
    iDMAUSBChannelIntEnable                  0x0000314b   Thumb Code     8  usbdma.o(i.iDMAUSBChannelIntEnable)
    i.iDMAUSBChannelRelease                  0x00003152   Section        0  usbdma.o(i.iDMAUSBChannelRelease)
    iDMAUSBChannelRelease                    0x00003153   Thumb Code    62  usbdma.o(i.iDMAUSBChannelRelease)
    i.iDMAUSBChannelStatus                   0x00003190   Section        0  usbdma.o(i.iDMAUSBChannelStatus)
    iDMAUSBChannelStatus                     0x00003191   Thumb Code    56  usbdma.o(i.iDMAUSBChannelStatus)
    i.iDMAUSBIntStatus                       0x000031c8   Section        0  usbdma.o(i.iDMAUSBIntStatus)
    iDMAUSBIntStatus                         0x000031c9   Thumb Code     6  usbdma.o(i.iDMAUSBIntStatus)
    i.iDMAUSBTransfer                        0x000031ce   Section        0  usbdma.o(i.iDMAUSBTransfer)
    iDMAUSBTransfer                          0x000031cf   Thumb Code   244  usbdma.o(i.iDMAUSBTransfer)
    i.iDMAUSBUnitSizeSet                     0x000032c2   Section        0  usbdma.o(i.iDMAUSBUnitSizeSet)
    iDMAUSBUnitSizeSet                       0x000032c3   Thumb Code     2  usbdma.o(i.iDMAUSBUnitSizeSet)
    i.main                                   0x000032c4   Section        0  usb_dev_keyboard.o(i.main)
    i.uDMAChannelAttributeDisable            0x000034d8   Section        0  udma.o(i.uDMAChannelAttributeDisable)
    i.uDMAChannelControlSet                  0x00003520   Section        0  udma.o(i.uDMAChannelControlSet)
    i.uDMAChannelDisable                     0x00003540   Section        0  udma.o(i.uDMAChannelDisable)
    i.uDMAChannelEnable                      0x00003554   Section        0  udma.o(i.uDMAChannelEnable)
    i.uDMAChannelModeGet                     0x00003568   Section        0  udma.o(i.uDMAChannelModeGet)
    i.uDMAChannelTransferSet                 0x00003590   Section        0  udma.o(i.uDMAChannelTransferSet)
    i.uDMAUSBArbSizeSet                      0x00003610   Section        0  usbdma.o(i.uDMAUSBArbSizeSet)
    uDMAUSBArbSizeSet                        0x00003611   Thumb Code   104  usbdma.o(i.uDMAUSBArbSizeSet)
    i.uDMAUSBChannelAllocate                 0x00003678   Section        0  usbdma.o(i.uDMAUSBChannelAllocate)
    uDMAUSBChannelAllocate                   0x00003679   Thumb Code   184  usbdma.o(i.uDMAUSBChannelAllocate)
    i.uDMAUSBChannelDisable                  0x00003738   Section        0  usbdma.o(i.uDMAUSBChannelDisable)
    uDMAUSBChannelDisable                    0x00003739   Thumb Code    88  usbdma.o(i.uDMAUSBChannelDisable)
    i.uDMAUSBChannelEnable                   0x00003790   Section        0  usbdma.o(i.uDMAUSBChannelEnable)
    uDMAUSBChannelEnable                     0x00003791   Thumb Code   106  usbdma.o(i.uDMAUSBChannelEnable)
    i.uDMAUSBChannelIntDisable               0x000037fa   Section        0  usbdma.o(i.uDMAUSBChannelIntDisable)
    uDMAUSBChannelIntDisable                 0x000037fb   Thumb Code     2  usbdma.o(i.uDMAUSBChannelIntDisable)
    i.uDMAUSBChannelIntEnable                0x000037fc   Section        0  usbdma.o(i.uDMAUSBChannelIntEnable)
    uDMAUSBChannelIntEnable                  0x000037fd   Thumb Code     2  usbdma.o(i.uDMAUSBChannelIntEnable)
    i.uDMAUSBChannelRelease                  0x000037fe   Section        0  usbdma.o(i.uDMAUSBChannelRelease)
    uDMAUSBChannelRelease                    0x000037ff   Thumb Code    90  usbdma.o(i.uDMAUSBChannelRelease)
    i.uDMAUSBChannelStatus                   0x00003858   Section        0  usbdma.o(i.uDMAUSBChannelStatus)
    uDMAUSBChannelStatus                     0x00003859   Thumb Code    38  usbdma.o(i.uDMAUSBChannelStatus)
    i.uDMAUSBIntStatus                       0x0000387e   Section        0  usbdma.o(i.uDMAUSBIntStatus)
    uDMAUSBIntStatus                         0x0000387f   Thumb Code    52  usbdma.o(i.uDMAUSBIntStatus)
    i.uDMAUSBTransfer                        0x000038b2   Section        0  usbdma.o(i.uDMAUSBTransfer)
    uDMAUSBTransfer                          0x000038b3   Thumb Code   200  usbdma.o(i.uDMAUSBTransfer)
    i.uDMAUSBUnitSizeSet                     0x0000397a   Section        0  usbdma.o(i.uDMAUSBUnitSizeSet)
    uDMAUSBUnitSizeSet                       0x0000397b   Thumb Code    84  usbdma.o(i.uDMAUSBUnitSizeSet)
    .constdata                               0x000039d0   Section       40  uartstdio.o(.constdata)
    g_pcHex                                  0x000039d0   Data           4  uartstdio.o(.constdata)
    g_ui32UARTBase                           0x000039d4   Data          12  uartstdio.o(.constdata)
    g_ui32UARTInt                            0x000039e0   Data          12  uartstdio.o(.constdata)
    g_ui32UARTPeriph                         0x000039ec   Data          12  uartstdio.o(.constdata)
    .constdata                               0x000039f8   Section        4  usb_keyb_structs.o(.constdata)
    .constdata                               0x000039fc   Section       36  usb_keyb_structs.o(.constdata)
    .constdata                               0x00003a20   Section       34  usb_keyb_structs.o(.constdata)
    .constdata                               0x00003a42   Section       18  usb_keyb_structs.o(.constdata)
    .constdata                               0x00003a54   Section       46  usb_keyb_structs.o(.constdata)
    .constdata                               0x00003a82   Section       54  usb_keyb_structs.o(.constdata)
    .constdata                               0x00003ab8   Section       24  usb_keyb_structs.o(.constdata)
    .constdata                               0x00003ad0   Section        7  usbdhidkeyb.o(.constdata)
    g_pui8HIDInEndpoint                      0x00003ad0   Data           7  usbdhidkeyb.o(.constdata)
    .constdata                               0x00003ad7   Section        7  usbdhidkeyb.o(.constdata)
    g_pui8HIDOutEndpoint                     0x00003ad7   Data           7  usbdhidkeyb.o(.constdata)
    .constdata                               0x00003ade   Section       63  usbdhidkeyb.o(.constdata)
    g_pui8KeybReportDescriptor               0x00003ade   Data          63  usbdhidkeyb.o(.constdata)
    .constdata                               0x00003b20   Section       17  usbdhidkeyb.o(.constdata)
    g_ppsHIDConfigDescriptors                0x00003b20   Data           4  usbdhidkeyb.o(.constdata)
    g_pui8KeybClassDescriptors               0x00003b24   Data           4  usbdhidkeyb.o(.constdata)
    g_sKeybHIDDescriptor                     0x00003b28   Data           9  usbdhidkeyb.o(.constdata)
    .constdata                               0x00003b34   Section        8  usbdhidkeyb.o(.constdata)
    g_sHIDConfigSection                      0x00003b34   Data           8  usbdhidkeyb.o(.constdata)
    .constdata                               0x00003b3c   Section        8  usbdhidkeyb.o(.constdata)
    g_sHIDInterfaceSection                   0x00003b3c   Data           8  usbdhidkeyb.o(.constdata)
    .constdata                               0x00003b44   Section        8  usbdhidkeyb.o(.constdata)
    g_sHIDInEndpointSection                  0x00003b44   Data           8  usbdhidkeyb.o(.constdata)
    .constdata                               0x00003b4c   Section        8  usbdhidkeyb.o(.constdata)
    g_sHIDOutEndpointSection                 0x00003b4c   Data           8  usbdhidkeyb.o(.constdata)
    .constdata                               0x00003b54   Section      268  interrupt.o(.constdata)
    g_pui32Priority                          0x00003b54   Data          32  interrupt.o(.constdata)
    g_pui32Regs                              0x00003b74   Data         156  interrupt.o(.constdata)
    g_pui32EnRegs                            0x00003c10   Data          20  interrupt.o(.constdata)
    g_pui32Dii16Regs                         0x00003c24   Data          20  interrupt.o(.constdata)
    g_pui32PendRegs                          0x00003c38   Data          20  interrupt.o(.constdata)
    g_pui32UnpendRegs                        0x00003c4c   Data          20  interrupt.o(.constdata)
    .constdata                               0x00003c60   Section       52  usbdenum.o(.constdata)
    g_psUSBDStdRequests                      0x00003c60   Data          52  usbdenum.o(.constdata)
    .constdata                               0x00003c94   Section       48  usbdhid.o(.constdata)
    .conststring                             0x00003cc4   Section       17  uartstdio.o(.conststring)
    .data                                    0x20000000   Section        3  buttons.o(.data)
    g_ui8ButtonStates                        0x20000000   Data           1  buttons.o(.data)
    ui8SwitchClockA                          0x20000001   Data           1  buttons.o(.data)
    ui8SwitchClockB                          0x20000002   Data           1  buttons.o(.data)
    .data                                    0x20000004   Section       28  uartstdio.o(.data)
    bLastWasCR                               0x20000004   Data           1  uartstdio.o(.data)
    g_bDisableEcho                           0x20000005   Data           1  uartstdio.o(.data)
    g_ui32UARTTxWriteIndex                   0x20000008   Data           4  uartstdio.o(.data)
    g_ui32UARTTxReadIndex                    0x2000000c   Data           4  uartstdio.o(.data)
    g_ui32UARTRxWriteIndex                   0x20000010   Data           4  uartstdio.o(.data)
    g_ui32UARTRxReadIndex                    0x20000014   Data           4  uartstdio.o(.data)
    g_ui32Base                               0x20000018   Data           4  uartstdio.o(.data)
    g_ui32PortNum                            0x2000001c   Data           4  uartstdio.o(.data)
    .data                                    0x20000020   Section        8  usb_dev_keyboard.o(.data)
    .data                                    0x20000028   Section      164  usb_keyb_structs.o(.data)
    .data                                    0x200000cc   Section        9  usbdhidkeyb.o(.data)
    g_pui8KeybDescriptor                     0x200000cc   Data           9  usbdhidkeyb.o(.data)
    .data                                    0x200000d5   Section        9  usbdhidkeyb.o(.data)
    g_pui8HIDInterface                       0x200000d5   Data           9  usbdhidkeyb.o(.data)
    .data                                    0x200000e0   Section        8  usbdhidkeyb.o(.data)
    g_sHIDDescriptorSection                  0x200000e0   Data           8  usbdhidkeyb.o(.data)
    .data                                    0x200000e8   Section       20  usbdhidkeyb.o(.data)
    g_psHIDSections                          0x200000e8   Data          20  usbdhidkeyb.o(.data)
    .data                                    0x200000fc   Section        8  usbdhidkeyb.o(.data)
    g_sHIDConfigHeader                       0x200000fc   Data           8  usbdhidkeyb.o(.data)
    .data                                    0x20000104   Section       16  usbmode.o(.data)
    g_iDualMode                              0x20000105   Data           1  usbmode.o(.data)
    g_pfnUSBModeCallback                     0x20000110   Data           4  usbmode.o(.data)
    .data                                    0x20000114   Section       16  usbdenum.o(.data)
    g_ui32PLLDiv                             0x20000114   Data           4  usbdenum.o(.data)
    ui32SOFDivide                            0x20000118   Data           4  usbdenum.o(.data)
    g_ui32ULPISupport                        0x2000011c   Data           4  usbdenum.o(.data)
    .data                                    0x20000124   Section       18  usbdhid.o(.data)
    .data                                    0x20000138   Section        8  usbtick.o(.data)
    .data                                    0x20000140   Section        4  usbtick.o(.data)
    .bss                                     0x20000144   Section     1152  uartstdio.o(.bss)
    g_pcUARTTxBuffer                         0x20000144   Data        1024  uartstdio.o(.bss)
    g_pcUARTRxBuffer                         0x20000544   Data         128  uartstdio.o(.bss)
    .bss                                     0x200005c4   Section      144  usbdenum.o(.bss)
    g_pui8DataBufferIn                       0x200005c4   Data          64  usbdenum.o(.bss)
    .bss                                     0x20000654   Section       48  usbtick.o(.bss)
    .bss                                     0x20000684   Section      272  usbdma.o(.bss)
    g_psUSBDMAInst                           0x20000684   Data         272  usbdma.o(.bss)
    STACK                                    0x20000798   Section     1024  startup_rvmdk.o(STACK)
    StackMem                                 0x20000798   Data           0  startup_rvmdk.o(STACK)

    Global Symbols

    Symbol Name                              Value     Ov Type        Size  Object(Section)

    BuildAttributes$$THM_ISAv4$E$P$D$K$B$S$7EM$VFPi3$EXTD16$VFPS$VFMA$PE$A:L22UL41UL21$X:L11$S22US41US21$IEEE1$IW$USESV6$~STKCKD$USESV7$~SHL$OTIME$EBA8$MICROLIB$REQ8$PRES8$EABIv2 0x00000000   Number         0  anon$$obj.o ABSOLUTE
    __ARM_use_no_argv                        0x00000000   Number         0  usb_dev_keyboard.o ABSOLUTE
    __Vectors                                0x00000000   Data           0  startup_rvmdk.o(RESET)
    __arm_fini_                               - Undefined Weak Reference
    __cpp_initialize__aeabi_                  - Undefined Weak Reference
    __cxa_finalize                            - Undefined Weak Reference
    _clock_init                               - Undefined Weak Reference
    _microlib_exit                            - Undefined Weak Reference
    Reset_Handler                            0x0000026d   Thumb Code     0  startup_rvmdk.o(RESET)
    __main                                   0x00000289   Thumb Code     0  entry.o(.ARM.Collect$$$$00000000)
    _main_stk                                0x00000289   Thumb Code     0  entry2.o(.ARM.Collect$$$$00000001)
    _main_scatterload                        0x0000028d   Thumb Code     0  entry5.o(.ARM.Collect$$$$00000004)
    __main_after_scatterload                 0x00000291   Thumb Code     0  entry5.o(.ARM.Collect$$$$00000004)
    _main_clock                              0x00000291   Thumb Code     0  entry7b.o(.ARM.Collect$$$$00000008)
    _main_cpp_init                           0x00000291   Thumb Code     0  entry8b.o(.ARM.Collect$$$$0000000A)
    _main_init                               0x00000291   Thumb Code     0  entry9a.o(.ARM.Collect$$$$0000000B)
    __rt_lib_shutdown_fini                   0x00000299   Thumb Code     0  entry12b.o(.ARM.Collect$$$$0000000E)
    __rt_final_cpp                           0x0000029d   Thumb Code     0  entry10a.o(.ARM.Collect$$$$0000000F)
    __rt_final_exit                          0x0000029d   Thumb Code     0  entry11a.o(.ARM.Collect$$$$00000011)
    __scatterload                            0x000002a1   Thumb Code    28  init.o(.text)
    __scatterload_rt2                        0x000002a1   Thumb Code     0  init.o(.text)
    __decompress                             0x000002c5   Thumb Code     0  __dczerorl.o(.text)
    __decompress0                            0x000002c5   Thumb Code    58  __dczerorl.o(.text)
    ButtonsInit                              0x00000301   Thumb Code    78  buttons.o(i.ButtonsInit)
    ButtonsPoll                              0x00000365   Thumb Code    78  buttons.o(i.ButtonsPoll)
    ConfigureUART                            0x000003bd   Thumb Code    76  usb_dev_keyboard.o(i.ConfigureUART)
    GPIOPinRead                              0x0000046b   Thumb Code     6  gpio.o(i.GPIOPinRead)
    IntDisable                               0x00000a91   Thumb Code    92  interrupt.o(i.IntDisable)
    IntEnable                                0x00000af5   Thumb Code    92  interrupt.o(i.IntEnable)
    IntIsEnabled                             0x00000b59   Thumb Code    88  interrupt.o(i.IntIsEnabled)
    InternalUSBRegisterTickHandler           0x00000bb9   Thumb Code    44  usbtick.o(i.InternalUSBRegisterTickHandler)
    InternalUSBStartOfFrameTick              0x00000bed   Thumb Code    46  usbtick.o(i.InternalUSBStartOfFrameTick)
    InternalUSBTickInit                      0x00000c25   Thumb Code    46  usbtick.o(i.InternalUSBTickInit)
    KeyboardHandler                          0x00000c89   Thumb Code    78  usb_dev_keyboard.o(i.KeyboardHandler)
    SendArrowPress                           0x00000d91   Thumb Code    50  usb_dev_keyboard.o(i.SendArrowPress)
    SendArrowRelease                         0x00000dcd   Thumb Code    50  usb_dev_keyboard.o(i.SendArrowRelease)
    SysCtlPeripheralEnable                   0x00000e09   Thumb Code    36  sysctl.o(i.SysCtlPeripheralEnable)
    SysCtlPeripheralReset                    0x00000e31   Thumb Code    56  sysctl.o(i.SysCtlPeripheralReset)
    SysCtlUSBPLLEnable                       0x00000e6d   Thumb Code    12  sysctl.o(i.SysCtlUSBPLLEnable)
    SysTickIntHandler                        0x00000e7d   Thumb Code    10  usb_dev_keyboard.o(i.SysTickIntHandler)
    UARTClockSourceSet                       0x00000e8d   Thumb Code     6  uart.o(i.UARTClockSourceSet)
    UARTFlushRx                              0x00000e95   Thumb Code    36  uartstdio.o(i.UARTFlushRx)
    UARTFlushTx                              0x00000ebd   Thumb Code    52  uartstdio.o(i.UARTFlushTx)
    UARTStdioConfig                          0x00000f6d   Thumb Code   142  uartstdio.o(i.UARTStdioConfig)
    UARTStdioIntHandler                      0x00001005   Thumb Code   248  uartstdio.o(i.UARTStdioIntHandler)
    UARTprintf                               0x0000110d   Thumb Code    18  uartstdio.o(i.UARTprintf)
    UARTvprintf                              0x00001121   Thumb Code   420  uartstdio.o(i.UARTvprintf)
    UARTwrite                                0x000012d5   Thumb Code   140  uartstdio.o(i.UARTwrite)
    ULPIConfigSet                            0x00001369   Thumb Code    90  usbulpi.o(i.ULPIConfigSet)
    USB0DeviceIntHandler                     0x000013c5   Thumb Code    20  usbdhandler.o(i.USB0DeviceIntHandler)
    USBClockEnable                           0x000013dd   Thumb Code    10  usb.o(i.USBClockEnable)
    USBControllerVersion                     0x000013e7   Thumb Code    10  usb.o(i.USBControllerVersion)
    USBDCDConfigDescGet                      0x000013f1   Thumb Code    86  usbdcdesc.o(i.USBDCDConfigDescGet)
    USBDCDConfigDescGetNum                   0x00001447   Thumb Code    54  usbdcdesc.o(i.USBDCDConfigDescGetNum)
    USBDCDConfigDescGetSize                  0x0000147d   Thumb Code    34  usbdcdesc.o(i.USBDCDConfigDescGetSize)
    USBDCDConfigGetInterface                 0x0000149f   Thumb Code   188  usbdcdesc.o(i.USBDCDConfigGetInterface)
    USBDCDConfigGetInterfaceEndpoint         0x0000155b   Thumb Code    94  usbdcdesc.o(i.USBDCDConfigGetInterfaceEndpoint)
    USBDCDDeviceInfoInit                     0x000015b9   Thumb Code    54  usbdenum.o(i.USBDCDDeviceInfoInit)
    USBDCDInit                               0x000015fd   Thumb Code   392  usbdenum.o(i.USBDCDInit)
    USBDCDRequestDataEP0                     0x000017a5   Thumb Code    14  usbdenum.o(i.USBDCDRequestDataEP0)
    USBDCDSendDataEP0                        0x000017b9   Thumb Code    14  usbdenum.o(i.USBDCDSendDataEP0)
    USBDCDStallEP0                           0x000017cd   Thumb Code    20  usbdenum.o(i.USBDCDStallEP0)
    USBDHIDCompositeInit                     0x00001cf9   Thumb Code   236  usbdhid.o(i.USBDHIDCompositeInit)
    USBDHIDInit                              0x00001df5   Thumb Code    38  usbdhid.o(i.USBDHIDInit)
    USBDHIDKeyboardCompositeInit             0x00001e1d   Thumb Code   146  usbdhidkeyb.o(i.USBDHIDKeyboardCompositeInit)
    USBDHIDKeyboardInit                      0x00001ec1   Thumb Code    50  usbdhidkeyb.o(i.USBDHIDKeyboardInit)
    USBDHIDKeyboardKeyStateChange            0x00001ef9   Thumb Code   238  usbdhidkeyb.o(i.USBDHIDKeyboardKeyStateChange)
    USBDHIDReportWrite                       0x00001fe7   Thumb Code   162  usbdhid.o(i.USBDHIDReportWrite)
    USBDHIDTxPacketAvailable                 0x00002089   Thumb Code    14  usbdhid.o(i.USBDHIDTxPacketAvailable)
    USBDMAChannelAddressSet                  0x00002097   Thumb Code    10  usb.o(i.USBDMAChannelAddressSet)
    USBDMAChannelConfigSet                   0x000020a1   Thumb Code    22  usb.o(i.USBDMAChannelConfigSet)
    USBDMAChannelCountSet                    0x000020b7   Thumb Code    10  usb.o(i.USBDMAChannelCountSet)
    USBDMAChannelDisable                     0x000020c1   Thumb Code    18  usb.o(i.USBDMAChannelDisable)
    USBDMAChannelEnable                      0x000020d3   Thumb Code    18  usb.o(i.USBDMAChannelEnable)
    USBDMAChannelIntDisable                  0x000020e5   Thumb Code    18  usb.o(i.USBDMAChannelIntDisable)
    USBDMAChannelIntEnable                   0x000020f7   Thumb Code    18  usb.o(i.USBDMAChannelIntEnable)
    USBDMAChannelIntStatus                   0x00002109   Thumb Code     6  usb.o(i.USBDMAChannelIntStatus)
    USBDMAChannelStatus                      0x0000210f   Thumb Code    14  usb.o(i.USBDMAChannelStatus)
    USBDescGet                               0x000023f1   Thumb Code    54  usbdesc.o(i.USBDescGet)
    USBDescGetNum                            0x00002427   Thumb Code    46  usbdesc.o(i.USBDescGetNum)
    USBDevAddrSet                            0x00002455   Thumb Code     4  usb.o(i.USBDevAddrSet)
    USBDevConnect                            0x00002459   Thumb Code    10  usb.o(i.USBDevConnect)
    USBDevDisconnect                         0x00002463   Thumb Code    10  usb.o(i.USBDevDisconnect)
    USBDevEndpointConfigSet                  0x0000246d   Thumb Code   136  usb.o(i.USBDevEndpointConfigSet)
    USBDevEndpointDataAck                    0x000024f5   Thumb Code    36  usb.o(i.USBDevEndpointDataAck)
    USBDevEndpointStall                      0x00002519   Thumb Code    52  usb.o(i.USBDevEndpointStall)
    USBDevEndpointStallClear                 0x0000254d   Thumb Code    74  usb.o(i.USBDevEndpointStallClear)
    USBDevEndpointStatusClear                0x00002597   Thumb Code    94  usb.o(i.USBDevEndpointStatusClear)
    USBDevLPMConfig                          0x000025f5   Thumb Code     6  usb.o(i.USBDevLPMConfig)
    USBDevLPMDisable                         0x000025fb   Thumb Code    14  usb.o(i.USBDevLPMDisable)
    USBDevLPMEnable                          0x00002609   Thumb Code    14  usb.o(i.USBDevLPMEnable)
    USBDevMode                               0x00002617   Thumb Code     8  usb.o(i.USBDevMode)
    USBDeviceConfig                          0x00002621   Thumb Code   410  usbdconfig.o(i.USBDeviceConfig)
    USBDeviceConfigAlternate                 0x000027c1   Thumb Code   194  usbdconfig.o(i.USBDeviceConfigAlternate)
    USBDeviceEnumHandler                     0x00002889   Thumb Code   224  usbdenum.o(i.USBDeviceEnumHandler)
    USBDeviceIntHandlerInternal              0x00002975   Thumb Code   388  usbdenum.o(i.USBDeviceIntHandlerInternal)
    USBDeviceResumeTickHandler               0x00002b0d   Thumb Code    76  usbdenum.o(i.USBDeviceResumeTickHandler)
    USBEndpointDMAChannel                    0x00002b65   Thumb Code    26  usb.o(i.USBEndpointDMAChannel)
    USBEndpointDMAConfigSet                  0x00002b7f   Thumb Code    86  usb.o(i.USBEndpointDMAConfigSet)
    USBEndpointDMADisable                    0x00002bd5   Thumb Code    36  usb.o(i.USBEndpointDMADisable)
    USBEndpointDMAEnable                     0x00002bf9   Thumb Code    36  usb.o(i.USBEndpointDMAEnable)
    USBEndpointDataAvail                     0x00002c1d   Thumb Code    30  usb.o(i.USBEndpointDataAvail)
    USBEndpointDataGet                       0x00002c3b   Thumb Code    84  usb.o(i.USBEndpointDataGet)
    USBEndpointDataPut                       0x00002c8f   Thumb Code    58  usb.o(i.USBEndpointDataPut)
    USBEndpointDataSend                      0x00002cc9   Thumb Code    48  usb.o(i.USBEndpointDataSend)
    USBEndpointPacketCountSet                0x00002cf9   Thumb Code    12  usb.o(i.USBEndpointPacketCountSet)
    USBEndpointStatus                        0x00002d05   Thumb Code    16  usb.o(i.USBEndpointStatus)
    USBFIFOAddrGet                           0x00002d15   Thumb Code     8  usb.o(i.USBFIFOAddrGet)
    USBFIFOConfigSet                         0x00002d1d   Thumb Code    64  usb.o(i.USBFIFOConfigSet)
    USBHostResume                            0x00002d5d   Thumb Code    18  usb.o(i.USBHostResume)
    USBIntEnableControl                      0x00002d71   Thumb Code    38  usb.o(i.USBIntEnableControl)
    USBIntEnableEndpoint                     0x00002d9d   Thumb Code    22  usb.o(i.USBIntEnableEndpoint)
    USBIntStatusControl                      0x00002db5   Thumb Code    56  usb.o(i.USBIntStatusControl)
    USBIntStatusEndpoint                     0x00002df1   Thumb Code    10  usb.o(i.USBIntStatusEndpoint)
    USBLPMIntEnable                          0x00002dfb   Thumb Code    12  usb.o(i.USBLPMIntEnable)
    USBLPMIntStatus                          0x00002e07   Thumb Code     6  usb.o(i.USBLPMIntStatus)
    USBLibDMAInit                            0x00002e0d   Thumb Code   232  usbdma.o(i.USBLibDMAInit)
    USBOTGMode                               0x00002f69   Thumb Code     8  usb.o(i.USBOTGMode)
    USBStackModeSet                          0x00002f71   Thumb Code    24  usbmode.o(i.USBStackModeSet)
    USBULPIDisable                           0x00002f8d   Thumb Code    14  usb.o(i.USBULPIDisable)
    USBULPIEnable                            0x00002f9b   Thumb Code    14  usb.o(i.USBULPIEnable)
    USBULPIRegRead                           0x00002fa9   Thumb Code    32  usb.o(i.USBULPIRegRead)
    USBULPIRegWrite                          0x00002fc9   Thumb Code    32  usb.o(i.USBULPIRegWrite)
    WaitForSendIdle                          0x00002fe9   Thumb Code    44  usb_dev_keyboard.o(i.WaitForSendIdle)
    __scatterload_copy                       0x00003019   Thumb Code    14  handlers.o(i.__scatterload_copy)
    __scatterload_null                       0x00003027   Thumb Code     2  handlers.o(i.__scatterload_null)
    __scatterload_zeroinit                   0x00003029   Thumb Code    14  handlers.o(i.__scatterload_zeroinit)
    main                                     0x000032c5   Thumb Code   352  usb_dev_keyboard.o(i.main)
    uDMAChannelAttributeDisable              0x000034d9   Thumb Code    66  udma.o(i.uDMAChannelAttributeDisable)
    uDMAChannelControlSet                    0x00003521   Thumb Code    24  udma.o(i.uDMAChannelControlSet)
    uDMAChannelDisable                       0x00003541   Thumb Code    16  udma.o(i.uDMAChannelDisable)
    uDMAChannelEnable                        0x00003555   Thumb Code    16  udma.o(i.uDMAChannelEnable)
    uDMAChannelModeGet                       0x00003569   Thumb Code    34  udma.o(i.uDMAChannelModeGet)
    uDMAChannelTransferSet                   0x00003591   Thumb Code   124  udma.o(i.uDMAChannelTransferSet)
    g_pui8LangDescriptor                     0x000039f8   Data           4  usb_keyb_structs.o(.constdata)
    g_pui8ManufacturerString                 0x000039fc   Data          36  usb_keyb_structs.o(.constdata)
    g_pui8ProductString                      0x00003a20   Data          34  usb_keyb_structs.o(.constdata)
    g_pui8SeriailNumberString                0x00003a42   Data          18  usb_keyb_structs.o(.constdata)
    g_pui8HIDInterfaceString                 0x00003a54   Data          46  usb_keyb_structs.o(.constdata)
    g_pui8ConfigString                       0x00003a82   Data          54  usb_keyb_structs.o(.constdata)
    g_ppui8StringDescriptors                 0x00003ab8   Data          24  usb_keyb_structs.o(.constdata)
    g_sHIDHandlers                           0x00003c94   Data          48  usbdhid.o(.constdata)
    Region$$Table$$Base                      0x00003cd8   Number         0  anon$$obj.o(Region$$Table)
    Region$$Table$$Limit                     0x00003cf8   Number         0  anon$$obj.o(Region$$Table)
    g_bConnected                             0x20000020   Data           1  usb_dev_keyboard.o(.data)
    g_bSuspended                             0x20000021   Data           1  usb_dev_keyboard.o(.data)
    g_eKeyboardState                         0x20000022   Data           1  usb_dev_keyboard.o(.data)
    g_ui32SysTickCount                       0x20000024   Data           4  usb_dev_keyboard.o(.data)
    g_sKeyboardDevice                        0x20000028   Data         164  usb_keyb_structs.o(.data)
    g_iUSBMode                               0x20000104   Data           1  usbmode.o(.data)
    g_eOTGModeState                          0x20000106   Data           1  usbmode.o(.data)
    g_ui32WaitTicks                          0x20000108   Data           4  usbmode.o(.data)
    g_ui32PollRate                           0x2000010c   Data           4  usbmode.o(.data)
    g_ppsDevInfo                             0x20000120   Data           4  usbdenum.o(.data)
    g_pui8HIDDeviceDescriptor                0x20000124   Data          18  usbdhid.o(.data)
    g_bUSBTimerInitialized                   0x20000138   Data           1  usbtick.o(.data)
    g_ui32CurrentUSBTick                     0x2000013c   Data           4  usbtick.o(.data)
    g_ui32USBSOFCount                        0x20000140   Data           4  usbtick.o(.data)
    g_psDCDInst                              0x20000604   Data          80  usbdenum.o(.bss)
    g_pfnTickHandlers                        0x20000654   Data          24  usbtick.o(.bss)
    g_pvTickInstance                         0x2000066c   Data          24  usbtick.o(.bss)
    __initial_sp                             0x20000b98   Data           0  startup_rvmdk.o(STACK)



==============================================================================

Memory Map of the image

  Image Entry point : 0x0000026d

  Load Region LR_IROM (Base: 0x00000000, Size: 0x00003e3c, Max: 0x00040000, ABSOLUTE, COMPRESSED[0x00003d50])

    Execution Region ER_IROM (Exec base: 0x00000000, Load base: 0x00000000, Size: 0x00003cf8, Max: 0x00040000, ABSOLUTE)

    Exec Addr    Load Addr    Size         Type   Attr      Idx    E Section Name        Object

    0x00000000   0x00000000   0x00000288   Code   RO           58  * RESET               startup_rvmdk.o
    0x00000288   0x00000288   0x00000000   Code   RO         3481  * .ARM.Collect$$$$00000000  mc_w.l(entry.o)
    0x00000288   0x00000288   0x00000004   Code   RO         3484    .ARM.Collect$$$$00000001  mc_w.l(entry2.o)
    0x0000028c   0x0000028c   0x00000004   Code   RO         3487    .ARM.Collect$$$$00000004  mc_w.l(entry5.o)
    0x00000290   0x00000290   0x00000000   Code   RO         3489    .ARM.Collect$$$$00000008  mc_w.l(entry7b.o)
    0x00000290   0x00000290   0x00000000   Code   RO         3491    .ARM.Collect$$$$0000000A  mc_w.l(entry8b.o)
    0x00000290   0x00000290   0x00000008   Code   RO         3492    .ARM.Collect$$$$0000000B  mc_w.l(entry9a.o)
    0x00000298   0x00000298   0x00000004   Code   RO         3499    .ARM.Collect$$$$0000000E  mc_w.l(entry12b.o)
    0x0000029c   0x0000029c   0x00000000   Code   RO         3494    .ARM.Collect$$$$0000000F  mc_w.l(entry10a.o)
    0x0000029c   0x0000029c   0x00000000   Code   RO         3496    .ARM.Collect$$$$00000011  mc_w.l(entry11a.o)
    0x0000029c   0x0000029c   0x00000004   Code   RO         3485    .ARM.Collect$$$$00002712  mc_w.l(entry2.o)
    0x000002a0   0x000002a0   0x00000024   Code   RO         3500    .text               mc_w.l(init.o)
    0x000002c4   0x000002c4   0x0000003a   Code   RO         3510    .text               mc_w.l(__dczerorl.o)
    0x000002fe   0x000002fe   0x00000002   PAD
    0x00000300   0x00000300   0x00000064   Code   RO            1    i.ButtonsInit       buttons.o
    0x00000364   0x00000364   0x00000058   Code   RO            2    i.ButtonsPoll       buttons.o
    0x000003bc   0x000003bc   0x0000005c   Code   RO          193    i.ConfigureUART     usb_dev_keyboard.o
    0x00000418   0x00000418   0x00000040   Code   RO         3054    i.DMAUSBIntHandler  usblib.lib(usbdma.o)
    0x00000458   0x00000458   0x0000000e   Code   RO         3055    i.DMAUSBIntStatusClear  usblib.lib(usbdma.o)
    0x00000466   0x00000466   0x00000004   Code   RO         3056    i.DMAUSBStatus      usblib.lib(usbdma.o)
    0x0000046a   0x0000046a   0x00000006   Code   RO          358    i.GPIOPinRead       driverlib.lib(gpio.o)
    0x00000470   0x00000470   0x000000b8   Code   RO         1012    i.HIDKeyboardRxHandler  usblib.lib(usbdhidkeyb.o)
    0x00000528   0x00000528   0x0000003e   Code   RO         1013    i.HIDKeyboardTxHandler  usblib.lib(usbdhidkeyb.o)
    0x00000566   0x00000566   0x00000002   PAD
    0x00000568   0x00000568   0x00000040   Code   RO         2470    i.HIDTickHandler    usblib.lib(usbdhid.o)
    0x000005a8   0x000005a8   0x0000004e   Code   RO         2471    i.HandleConfigChange  usblib.lib(usbdhid.o)
    0x000005f6   0x000005f6   0x00000080   Code   RO         2472    i.HandleDevice      usblib.lib(usbdhid.o)
    0x00000676   0x00000676   0x0000001e   Code   RO         2473    i.HandleDisconnect  usblib.lib(usbdhid.o)
    0x00000694   0x00000694   0x0000002c   Code   RO         2474    i.HandleEP0DataReceived  usblib.lib(usbdhid.o)
    0x000006c0   0x000006c0   0x00000020   Code   RO         2475    i.HandleEP0DataSent  usblib.lib(usbdhid.o)
    0x000006e0   0x000006e0   0x00000124   Code   RO         2476    i.HandleEndpoints   usblib.lib(usbdhid.o)
    0x00000804   0x00000804   0x000000b8   Code   RO         2477    i.HandleGetDescriptor  usblib.lib(usbdhid.o)
    0x000008bc   0x000008bc   0x0000019e   Code   RO         2478    i.HandleRequest     usblib.lib(usbdhid.o)
    0x00000a5a   0x00000a5a   0x0000001e   Code   RO         2479    i.HandleReset       usblib.lib(usbdhid.o)
    0x00000a78   0x00000a78   0x0000000c   Code   RO         2480    i.HandleResume      usblib.lib(usbdhid.o)
    0x00000a84   0x00000a84   0x0000000c   Code   RO         2481    i.HandleSuspend     usblib.lib(usbdhid.o)
    0x00000a90   0x00000a90   0x00000064   Code   RO         1202    i.IntDisable        driverlib.lib(interrupt.o)
    0x00000af4   0x00000af4   0x00000064   Code   RO         1203    i.IntEnable         driverlib.lib(interrupt.o)
    0x00000b58   0x00000b58   0x00000060   Code   RO         1204    i.IntIsEnabled      driverlib.lib(interrupt.o)
    0x00000bb8   0x00000bb8   0x00000034   Code   RO         2904    i.InternalUSBRegisterTickHandler  usblib.lib(usbtick.o)
    0x00000bec   0x00000bec   0x00000038   Code   RO         2905    i.InternalUSBStartOfFrameTick  usblib.lib(usbtick.o)
    0x00000c24   0x00000c24   0x00000038   Code   RO         2906    i.InternalUSBTickInit  usblib.lib(usbtick.o)
    0x00000c5c   0x00000c5c   0x00000010   Code   RO           64    i.IsBufferEmpty     uartstdio.o
    0x00000c6c   0x00000c6c   0x0000001a   Code   RO           65    i.IsBufferFull      uartstdio.o
    0x00000c86   0x00000c86   0x00000002   PAD
    0x00000c88   0x00000c88   0x00000058   Code   RO          194    i.KeyboardHandler   usb_dev_keyboard.o
    0x00000ce0   0x00000ce0   0x000000b0   Code   RO         2482    i.ProcessIdleTimers  usblib.lib(usbdhid.o)
    0x00000d90   0x00000d90   0x0000003c   Code   RO          195    i.SendArrowPress    usb_dev_keyboard.o
    0x00000dcc   0x00000dcc   0x0000003c   Code   RO          196    i.SendArrowRelease  usb_dev_keyboard.o
    0x00000e08   0x00000e08   0x00000028   Code   RO         1352    i.SysCtlPeripheralEnable  driverlib.lib(sysctl.o)
    0x00000e30   0x00000e30   0x0000003c   Code   RO         1357    i.SysCtlPeripheralReset  driverlib.lib(sysctl.o)
    0x00000e6c   0x00000e6c   0x00000010   Code   RO         1369    i.SysCtlUSBPLLEnable  driverlib.lib(sysctl.o)
    0x00000e7c   0x00000e7c   0x00000010   Code   RO          198    i.SysTickIntHandler  usb_dev_keyboard.o
    0x00000e8c   0x00000e8c   0x00000006   Code   RO          688    i.UARTClockSourceSet  driverlib.lib(uart.o)
    0x00000e92   0x00000e92   0x00000002   PAD
    0x00000e94   0x00000e94   0x00000028   Code   RO           67    i.UARTFlushRx       uartstdio.o
    0x00000ebc   0x00000ebc   0x00000038   Code   RO           68    i.UARTFlushTx       uartstdio.o
    0x00000ef4   0x00000ef4   0x00000078   Code   RO           70    i.UARTPrimeTransmit  uartstdio.o
    0x00000f6c   0x00000f6c   0x00000098   Code   RO           72    i.UARTStdioConfig   uartstdio.o
    0x00001004   0x00001004   0x00000108   Code   RO           73    i.UARTStdioIntHandler  uartstdio.o
    0x0000110c   0x0000110c   0x00000012   Code   RO           77    i.UARTprintf        uartstdio.o
    0x0000111e   0x0000111e   0x00000002   PAD
    0x00001120   0x00001120   0x000001b4   Code   RO           78    i.UARTvprintf       uartstdio.o
    0x000012d4   0x000012d4   0x00000094   Code   RO           79    i.UARTwrite         uartstdio.o
    0x00001368   0x00001368   0x0000005a   Code   RO         3295    i.ULPIConfigSet     usblib.lib(usbulpi.o)
    0x000013c2   0x000013c2   0x00000002   PAD
    0x000013c4   0x000013c4   0x00000018   Code   RO          971    i.USB0DeviceIntHandler  usblib.lib(usbdhandler.o)
    0x000013dc   0x000013dc   0x0000000a   Code   RO         1667    i.USBClockEnable    driverlib.lib(usb.o)
    0x000013e6   0x000013e6   0x0000000a   Code   RO         1668    i.USBControllerVersion  driverlib.lib(usb.o)
    0x000013f0   0x000013f0   0x00000056   Code   RO         2955    i.USBDCDConfigDescGet  usblib.lib(usbdcdesc.o)
    0x00001446   0x00001446   0x00000036   Code   RO         2956    i.USBDCDConfigDescGetNum  usblib.lib(usbdcdesc.o)
    0x0000147c   0x0000147c   0x00000022   Code   RO         2957    i.USBDCDConfigDescGetSize  usblib.lib(usbdcdesc.o)
    0x0000149e   0x0000149e   0x000000bc   Code   RO         2958    i.USBDCDConfigGetInterface  usblib.lib(usbdcdesc.o)
    0x0000155a   0x0000155a   0x0000005e   Code   RO         2959    i.USBDCDConfigGetInterfaceEndpoint  usblib.lib(usbdcdesc.o)
    0x000015b8   0x000015b8   0x00000044   Code   RO         2287    i.USBDCDDeviceInfoInit  usblib.lib(usbdenum.o)
    0x000015fc   0x000015fc   0x000001a8   Code   RO         2290    i.USBDCDInit        usblib.lib(usbdenum.o)
    0x000017a4   0x000017a4   0x00000014   Code   RO         2294    i.USBDCDRequestDataEP0  usblib.lib(usbdenum.o)
    0x000017b8   0x000017b8   0x00000014   Code   RO         2295    i.USBDCDSendDataEP0  usblib.lib(usbdenum.o)
    0x000017cc   0x000017cc   0x0000001c   Code   RO         2297    i.USBDCDStallEP0    usblib.lib(usbdenum.o)
    0x000017e8   0x000017e8   0x000000a4   Code   RO         2299    i.USBDClearFeature  usblib.lib(usbdenum.o)
    0x0000188c   0x0000188c   0x00000074   Code   RO         2300    i.USBDEP0StateTx    usblib.lib(usbdenum.o)
    0x00001900   0x00001900   0x00000174   Code   RO         2301    i.USBDEP0StateTxConfig  usblib.lib(usbdenum.o)
    0x00001a74   0x00001a74   0x00000034   Code   RO         2302    i.USBDGetConfiguration  usblib.lib(usbdenum.o)
    0x00001aa8   0x00001aa8   0x00000170   Code   RO         2303    i.USBDGetDescriptor  usblib.lib(usbdenum.o)
    0x00001c18   0x00001c18   0x0000005c   Code   RO         2304    i.USBDGetInterface  usblib.lib(usbdenum.o)
    0x00001c74   0x00001c74   0x00000084   Code   RO         2305    i.USBDGetStatus     usblib.lib(usbdenum.o)
    0x00001cf8   0x00001cf8   0x000000fc   Code   RO         2483    i.USBDHIDCompositeInit  usblib.lib(usbdhid.o)
    0x00001df4   0x00001df4   0x00000026   Code   RO         2484    i.USBDHIDInit       usblib.lib(usbdhid.o)
    0x00001e1a   0x00001e1a   0x00000002   PAD
    0x00001e1c   0x00001e1c   0x000000a4   Code   RO         1014    i.USBDHIDKeyboardCompositeInit  usblib.lib(usbdhidkeyb.o)
    0x00001ec0   0x00001ec0   0x00000038   Code   RO         1015    i.USBDHIDKeyboardInit  usblib.lib(usbdhidkeyb.o)
    0x00001ef8   0x00001ef8   0x000000ee   Code   RO         1016    i.USBDHIDKeyboardKeyStateChange  usblib.lib(usbdhidkeyb.o)
    0x00001fe6   0x00001fe6   0x000000a2   Code   RO         2488    i.USBDHIDReportWrite  usblib.lib(usbdhid.o)
    0x00002088   0x00002088   0x0000000e   Code   RO         2493    i.USBDHIDTxPacketAvailable  usblib.lib(usbdhid.o)
    0x00002096   0x00002096   0x0000000a   Code   RO         1670    i.USBDMAChannelAddressSet  driverlib.lib(usb.o)
    0x000020a0   0x000020a0   0x00000016   Code   RO         1671    i.USBDMAChannelConfigSet  driverlib.lib(usb.o)
    0x000020b6   0x000020b6   0x0000000a   Code   RO         1673    i.USBDMAChannelCountSet  driverlib.lib(usb.o)
    0x000020c0   0x000020c0   0x00000012   Code   RO         1674    i.USBDMAChannelDisable  driverlib.lib(usb.o)
    0x000020d2   0x000020d2   0x00000012   Code   RO         1675    i.USBDMAChannelEnable  driverlib.lib(usb.o)
    0x000020e4   0x000020e4   0x00000012   Code   RO         1676    i.USBDMAChannelIntDisable  driverlib.lib(usb.o)
    0x000020f6   0x000020f6   0x00000012   Code   RO         1677    i.USBDMAChannelIntEnable  driverlib.lib(usb.o)
    0x00002108   0x00002108   0x00000006   Code   RO         1678    i.USBDMAChannelIntStatus  driverlib.lib(usb.o)
    0x0000210e   0x0000210e   0x0000000e   Code   RO         1679    i.USBDMAChannelStatus  driverlib.lib(usb.o)
    0x0000211c   0x0000211c   0x0000007c   Code   RO         2306    i.USBDReadAndDispatchRequest  usblib.lib(usbdenum.o)
    0x00002198   0x00002198   0x00000024   Code   RO         2307    i.USBDSetAddress    usblib.lib(usbdenum.o)
    0x000021bc   0x000021bc   0x000000a4   Code   RO         2308    i.USBDSetConfiguration  usblib.lib(usbdenum.o)
    0x00002260   0x00002260   0x00000028   Code   RO         2309    i.USBDSetDescriptor  usblib.lib(usbdenum.o)
    0x00002288   0x00002288   0x00000084   Code   RO         2310    i.USBDSetFeature    usblib.lib(usbdenum.o)
    0x0000230c   0x0000230c   0x000000bc   Code   RO         2311    i.USBDSetInterface  usblib.lib(usbdenum.o)
    0x000023c8   0x000023c8   0x00000028   Code   RO         2312    i.USBDSyncFrame     usblib.lib(usbdenum.o)
    0x000023f0   0x000023f0   0x00000036   Code   RO         3015    i.USBDescGet        usblib.lib(usbdesc.o)
    0x00002426   0x00002426   0x0000002e   Code   RO         3018    i.USBDescGetNum     usblib.lib(usbdesc.o)
    0x00002454   0x00002454   0x00000004   Code   RO         1683    i.USBDevAddrSet     driverlib.lib(usb.o)
    0x00002458   0x00002458   0x0000000a   Code   RO         1684    i.USBDevConnect     driverlib.lib(usb.o)
    0x00002462   0x00002462   0x0000000a   Code   RO         1685    i.USBDevDisconnect  driverlib.lib(usb.o)
    0x0000246c   0x0000246c   0x00000088   Code   RO         1687    i.USBDevEndpointConfigSet  driverlib.lib(usb.o)
    0x000024f4   0x000024f4   0x00000024   Code   RO         1688    i.USBDevEndpointDataAck  driverlib.lib(usb.o)
    0x00002518   0x00002518   0x00000034   Code   RO         1689    i.USBDevEndpointStall  driverlib.lib(usb.o)
    0x0000254c   0x0000254c   0x0000004a   Code   RO         1690    i.USBDevEndpointStallClear  driverlib.lib(usb.o)
    0x00002596   0x00002596   0x0000005e   Code   RO         1691    i.USBDevEndpointStatusClear  driverlib.lib(usb.o)
    0x000025f4   0x000025f4   0x00000006   Code   RO         1692    i.USBDevLPMConfig   driverlib.lib(usb.o)
    0x000025fa   0x000025fa   0x0000000e   Code   RO         1693    i.USBDevLPMDisable  driverlib.lib(usb.o)
    0x00002608   0x00002608   0x0000000e   Code   RO         1694    i.USBDevLPMEnable   driverlib.lib(usb.o)
    0x00002616   0x00002616   0x00000008   Code   RO         1696    i.USBDevMode        driverlib.lib(usb.o)
    0x0000261e   0x0000261e   0x00000002   PAD
    0x00002620   0x00002620   0x000001a0   Code   RO         2997    i.USBDeviceConfig   usblib.lib(usbdconfig.o)
    0x000027c0   0x000027c0   0x000000c8   Code   RO         2998    i.USBDeviceConfigAlternate  usblib.lib(usbdconfig.o)
    0x00002888   0x00002888   0x000000ec   Code   RO         2313    i.USBDeviceEnumHandler  usblib.lib(usbdenum.o)
    0x00002974   0x00002974   0x00000198   Code   RO         2315    i.USBDeviceIntHandlerInternal  usblib.lib(usbdenum.o)
    0x00002b0c   0x00002b0c   0x00000058   Code   RO         2316    i.USBDeviceResumeTickHandler  usblib.lib(usbdenum.o)
    0x00002b64   0x00002b64   0x0000001a   Code   RO         1698    i.USBEndpointDMAChannel  driverlib.lib(usb.o)
    0x00002b7e   0x00002b7e   0x00000056   Code   RO         1699    i.USBEndpointDMAConfigSet  driverlib.lib(usb.o)
    0x00002bd4   0x00002bd4   0x00000024   Code   RO         1700    i.USBEndpointDMADisable  driverlib.lib(usb.o)
    0x00002bf8   0x00002bf8   0x00000024   Code   RO         1701    i.USBEndpointDMAEnable  driverlib.lib(usb.o)
    0x00002c1c   0x00002c1c   0x0000001e   Code   RO         1702    i.USBEndpointDataAvail  driverlib.lib(usb.o)
    0x00002c3a   0x00002c3a   0x00000054   Code   RO         1703    i.USBEndpointDataGet  driverlib.lib(usb.o)
    0x00002c8e   0x00002c8e   0x0000003a   Code   RO         1704    i.USBEndpointDataPut  driverlib.lib(usb.o)
    0x00002cc8   0x00002cc8   0x00000030   Code   RO         1705    i.USBEndpointDataSend  driverlib.lib(usb.o)
    0x00002cf8   0x00002cf8   0x0000000c   Code   RO         1707    i.USBEndpointPacketCountSet  driverlib.lib(usb.o)
    0x00002d04   0x00002d04   0x00000010   Code   RO         1708    i.USBEndpointStatus  driverlib.lib(usb.o)
    0x00002d14   0x00002d14   0x00000008   Code   RO         1709    i.USBFIFOAddrGet    driverlib.lib(usb.o)
    0x00002d1c   0x00002d1c   0x00000040   Code   RO         1711    i.USBFIFOConfigSet  driverlib.lib(usb.o)
    0x00002d5c   0x00002d5c   0x00000012   Code   RO         1738    i.USBHostResume     driverlib.lib(usb.o)
    0x00002d6e   0x00002d6e   0x00000002   PAD
    0x00002d70   0x00002d70   0x0000002c   Code   RO         1743    i.USBIntEnableControl  driverlib.lib(usb.o)
    0x00002d9c   0x00002d9c   0x00000016   Code   RO         1744    i.USBIntEnableEndpoint  driverlib.lib(usb.o)
    0x00002db2   0x00002db2   0x00000002   PAD
    0x00002db4   0x00002db4   0x0000003c   Code   RO         1746    i.USBIntStatusControl  driverlib.lib(usb.o)
    0x00002df0   0x00002df0   0x0000000a   Code   RO         1747    i.USBIntStatusEndpoint  driverlib.lib(usb.o)
    0x00002dfa   0x00002dfa   0x0000000c   Code   RO         1751    i.USBLPMIntEnable   driverlib.lib(usb.o)
    0x00002e06   0x00002e06   0x00000006   Code   RO         1752    i.USBLPMIntStatus   driverlib.lib(usb.o)
    0x00002e0c   0x00002e0c   0x0000015c   Code   RO         3058    i.USBLibDMAInit     usblib.lib(usbdma.o)
    0x00002f68   0x00002f68   0x00000008   Code   RO         1758    i.USBOTGMode        driverlib.lib(usb.o)
    0x00002f70   0x00002f70   0x0000001c   Code   RO         1108    i.USBStackModeSet   usblib.lib(usbmode.o)
    0x00002f8c   0x00002f8c   0x0000000e   Code   RO         1763    i.USBULPIDisable    driverlib.lib(usb.o)
    0x00002f9a   0x00002f9a   0x0000000e   Code   RO         1764    i.USBULPIEnable     driverlib.lib(usb.o)
    0x00002fa8   0x00002fa8   0x00000020   Code   RO         1765    i.USBULPIRegRead    driverlib.lib(usb.o)
    0x00002fc8   0x00002fc8   0x00000020   Code   RO         1766    i.USBULPIRegWrite   driverlib.lib(usb.o)
    0x00002fe8   0x00002fe8   0x00000030   Code   RO          199    i.WaitForSendIdle   usb_dev_keyboard.o
    0x00003018   0x00003018   0x0000000e   Code   RO         3504    i.__scatterload_copy  mc_w.l(handlers.o)
    0x00003026   0x00003026   0x00000002   Code   RO         3505    i.__scatterload_null  mc_w.l(handlers.o)
    0x00003028   0x00003028   0x0000000e   Code   RO         3506    i.__scatterload_zeroinit  mc_w.l(handlers.o)
    0x00003036   0x00003036   0x00000002   Code   RO         3060    i.iDMAUSBArbSizeSet  usblib.lib(usbdma.o)
    0x00003038   0x00003038   0x00000084   Code   RO         3061    i.iDMAUSBChannelAllocate  usblib.lib(usbdma.o)
    0x000030bc   0x000030bc   0x00000034   Code   RO         3062    i.iDMAUSBChannelDisable  usblib.lib(usbdma.o)
    0x000030f0   0x000030f0   0x00000052   Code   RO         3063    i.iDMAUSBChannelEnable  usblib.lib(usbdma.o)
    0x00003142   0x00003142   0x00000008   Code   RO         3064    i.iDMAUSBChannelIntDisable  usblib.lib(usbdma.o)
    0x0000314a   0x0000314a   0x00000008   Code   RO         3065    i.iDMAUSBChannelIntEnable  usblib.lib(usbdma.o)
    0x00003152   0x00003152   0x0000003e   Code   RO         3066    i.iDMAUSBChannelRelease  usblib.lib(usbdma.o)
    0x00003190   0x00003190   0x00000038   Code   RO         3067    i.iDMAUSBChannelStatus  usblib.lib(usbdma.o)
    0x000031c8   0x000031c8   0x00000006   Code   RO         3068    i.iDMAUSBIntStatus  usblib.lib(usbdma.o)
    0x000031ce   0x000031ce   0x000000f4   Code   RO         3069    i.iDMAUSBTransfer   usblib.lib(usbdma.o)
    0x000032c2   0x000032c2   0x00000002   Code   RO         3070    i.iDMAUSBUnitSizeSet  usblib.lib(usbdma.o)
    0x000032c4   0x000032c4   0x00000214   Code   RO          200    i.main              usb_dev_keyboard.o
    0x000034d8   0x000034d8   0x00000048   Code   RO         3317    i.uDMAChannelAttributeDisable  driverlib.lib(udma.o)
    0x00003520   0x00003520   0x00000020   Code   RO         3320    i.uDMAChannelControlSet  driverlib.lib(udma.o)
    0x00003540   0x00003540   0x00000014   Code   RO         3321    i.uDMAChannelDisable  driverlib.lib(udma.o)
    0x00003554   0x00003554   0x00000014   Code   RO         3322    i.uDMAChannelEnable  driverlib.lib(udma.o)
    0x00003568   0x00003568   0x00000028   Code   RO         3324    i.uDMAChannelModeGet  driverlib.lib(udma.o)
    0x00003590   0x00003590   0x00000080   Code   RO         3330    i.uDMAChannelTransferSet  driverlib.lib(udma.o)
    0x00003610   0x00003610   0x00000068   Code   RO         3071    i.uDMAUSBArbSizeSet  usblib.lib(usbdma.o)
    0x00003678   0x00003678   0x000000c0   Code   RO         3072    i.uDMAUSBChannelAllocate  usblib.lib(usbdma.o)
    0x00003738   0x00003738   0x00000058   Code   RO         3073    i.uDMAUSBChannelDisable  usblib.lib(usbdma.o)
    0x00003790   0x00003790   0x0000006a   Code   RO         3074    i.uDMAUSBChannelEnable  usblib.lib(usbdma.o)
    0x000037fa   0x000037fa   0x00000002   Code   RO         3075    i.uDMAUSBChannelIntDisable  usblib.lib(usbdma.o)
    0x000037fc   0x000037fc   0x00000002   Code   RO         3076    i.uDMAUSBChannelIntEnable  usblib.lib(usbdma.o)
    0x000037fe   0x000037fe   0x0000005a   Code   RO         3077    i.uDMAUSBChannelRelease  usblib.lib(usbdma.o)
    0x00003858   0x00003858   0x00000026   Code   RO         3078    i.uDMAUSBChannelStatus  usblib.lib(usbdma.o)
    0x0000387e   0x0000387e   0x00000034   Code   RO         3079    i.uDMAUSBIntStatus  usblib.lib(usbdma.o)
    0x000038b2   0x000038b2   0x000000c8   Code   RO         3080    i.uDMAUSBTransfer   usblib.lib(usbdma.o)
    0x0000397a   0x0000397a   0x00000054   Code   RO         3081    i.uDMAUSBUnitSizeSet  usblib.lib(usbdma.o)
    0x000039ce   0x000039ce   0x00000002   PAD
    0x000039d0   0x000039d0   0x00000028   Data   RO           81    .constdata          uartstdio.o
    0x000039f8   0x000039f8   0x00000004   Data   RO          294    .constdata          usb_keyb_structs.o
    0x000039fc   0x000039fc   0x00000024   Data   RO          295    .constdata          usb_keyb_structs.o
    0x00003a20   0x00003a20   0x00000022   Data   RO          296    .constdata          usb_keyb_structs.o
    0x00003a42   0x00003a42   0x00000012   Data   RO          297    .constdata          usb_keyb_structs.o
    0x00003a54   0x00003a54   0x0000002e   Data   RO          298    .constdata          usb_keyb_structs.o
    0x00003a82   0x00003a82   0x00000036   Data   RO          299    .constdata          usb_keyb_structs.o
    0x00003ab8   0x00003ab8   0x00000018   Data   RO          300    .constdata          usb_keyb_structs.o
    0x00003ad0   0x00003ad0   0x00000007   Data   RO         1021    .constdata          usblib.lib(usbdhidkeyb.o)
    0x00003ad7   0x00003ad7   0x00000007   Data   RO         1022    .constdata          usblib.lib(usbdhidkeyb.o)
    0x00003ade   0x00003ade   0x0000003f   Data   RO         1023    .constdata          usblib.lib(usbdhidkeyb.o)
    0x00003b1d   0x00003b1d   0x00000003   PAD
    0x00003b20   0x00003b20   0x00000011   Data   RO         1024    .constdata          usblib.lib(usbdhidkeyb.o)
    0x00003b31   0x00003b31   0x00000003   PAD
    0x00003b34   0x00003b34   0x00000008   Data   RO         1025    .constdata          usblib.lib(usbdhidkeyb.o)
    0x00003b3c   0x00003b3c   0x00000008   Data   RO         1026    .constdata          usblib.lib(usbdhidkeyb.o)
    0x00003b44   0x00003b44   0x00000008   Data   RO         1027    .constdata          usblib.lib(usbdhidkeyb.o)
    0x00003b4c   0x00003b4c   0x00000008   Data   RO         1028    .constdata          usblib.lib(usbdhidkeyb.o)
    0x00003b54   0x00003b54   0x0000010c   Data   RO         1219    .constdata          driverlib.lib(interrupt.o)
    0x00003c60   0x00003c60   0x00000034   Data   RO         2318    .constdata          usblib.lib(usbdenum.o)
    0x00003c94   0x00003c94   0x00000030   Data   RO         2494    .constdata          usblib.lib(usbdhid.o)
    0x00003cc4   0x00003cc4   0x00000011   Data   RO           82    .conststring        uartstdio.o
    0x00003cd5   0x00003cd5   0x00000003   PAD
    0x00003cd8   0x00003cd8   0x00000020   Data   RO         3502    Region$$Table       anon$$obj.o


    Execution Region RW_IRAM (Exec base: 0x20000000, Load base: 0x00003cf8, Size: 0x00000b98, Max: 0x00008000, ABSOLUTE, COMPRESSED[0x00000058])

    Exec Addr    Load Addr    Size         Type   Attr      Idx    E Section Name        Object

    0x20000000   COMPRESSED   0x00000003   Data   RW            3    .data               buttons.o
    0x20000003   COMPRESSED   0x00000001   PAD
    0x20000004   COMPRESSED   0x0000001c   Data   RW           83    .data               uartstdio.o
    0x20000020   COMPRESSED   0x00000008   Data   RW          202    .data               usb_dev_keyboard.o
    0x20000028   COMPRESSED   0x000000a4   Data   RW          301    .data               usb_keyb_structs.o
    0x200000cc   COMPRESSED   0x00000009   Data   RW         1029    .data               usblib.lib(usbdhidkeyb.o)
    0x200000d5   COMPRESSED   0x00000009   Data   RW         1030    .data               usblib.lib(usbdhidkeyb.o)
    0x200000de   COMPRESSED   0x00000002   PAD
    0x200000e0   COMPRESSED   0x00000008   Data   RW         1031    .data               usblib.lib(usbdhidkeyb.o)
    0x200000e8   COMPRESSED   0x00000014   Data   RW         1032    .data               usblib.lib(usbdhidkeyb.o)
    0x200000fc   COMPRESSED   0x00000008   Data   RW         1033    .data               usblib.lib(usbdhidkeyb.o)
    0x20000104   COMPRESSED   0x00000010   Data   RW         1109    .data               usblib.lib(usbmode.o)
    0x20000114   COMPRESSED   0x00000010   Data   RW         2319    .data               usblib.lib(usbdenum.o)
    0x20000124   COMPRESSED   0x00000012   Data   RW         2495    .data               usblib.lib(usbdhid.o)
    0x20000136   COMPRESSED   0x00000002   PAD
    0x20000138   COMPRESSED   0x00000008   Data   RW         2909    .data               usblib.lib(usbtick.o)
    0x20000140   COMPRESSED   0x00000004   Data   RW         2910    .data               usblib.lib(usbtick.o)
    0x20000144        -       0x00000480   Zero   RW           80    .bss                uartstdio.o
    0x200005c4        -       0x00000090   Zero   RW         2317    .bss                usblib.lib(usbdenum.o)
    0x20000654        -       0x00000030   Zero   RW         2908    .bss                usblib.lib(usbtick.o)
    0x20000684        -       0x00000110   Zero   RW         3082    .bss                usblib.lib(usbdma.o)
    0x20000794   COMPRESSED   0x00000004   PAD
    0x20000798        -       0x00000400   Zero   RW           56    STACK               startup_rvmdk.o


==============================================================================

Image component sizes


      Code (inc. data)   RO Data    RW Data    ZI Data      Debug   Object Name

       188         32          0          3          0       6768   buttons.o
       648        622          0          0       1024        308   startup_rvmdk.o
      1276         70         57         28       1152      11035   uartstdio.o
       896        236          0          8          0       6628   usb_dev_keyboard.o
         0          0        216        164          0      28259   usb_keyb_structs.o

    ----------------------------------------------------------------------
      3012        960        308        204       2176      52998   Object Totals
         0          0         32          0          0          0   (incl. Generated)
         4          0          3          1          0          0   (incl. Padding)

    ----------------------------------------------------------------------

      Code (inc. data)   RO Data    RW Data    ZI Data      Debug   Library Member Name

         6          0          0          0          0       3550   gpio.o
       296         24        268          0          0       2724   interrupt.o
       116         12          0          0          0       2962   sysctl.o
         6          0          0          0          0        497   uart.o
       312         32          0          0          0       3961   udma.o
      1388         10          0          0          0      41171   usb.o
        58          0          0          0          0          0   __dczerorl.o
         0          0          0          0          0          0   entry.o
         0          0          0          0          0          0   entry10a.o
         0          0          0          0          0          0   entry11a.o
         4          0          0          0          0          0   entry12b.o
         8          4          0          0          0          0   entry2.o
         4          0          0          0          0          0   entry5.o
         0          0          0          0          0          0   entry7b.o
         0          0          0          0          0          0   entry8b.o
         8          4          0          0          0          0   entry9a.o
        30          0          0          0          0          0   handlers.o
        36          8          0          0          0         68   init.o
       456          0          0          0          0       4863   usbdcdesc.o
       616         12          0          0          0       3605   usbdconfig.o
      3312        264         52         16        144      19766   usbdenum.o
       100          0          0          0          0      12065   usbdesc.o
        24          4          0          0          0      16159   usbdhandler.o
      1962         48         48         18          0      14680   usbdhid.o
       704         32        126         54          0      20780   usbdhidkeyb.o
      2042        124          0          0        272      16032   usbdma.o
        28          4          0         16          0       1994   usbmode.o
       164         28          0         12         48      16276   usbtick.o
        90          0          0          0          0        592   usbulpi.o

    ----------------------------------------------------------------------
     11788        610        500        120        468     181745   Library Totals
        18          0          6          4          4          0   (incl. Padding)

    ----------------------------------------------------------------------

      Code (inc. data)   RO Data    RW Data    ZI Data      Debug   Library Name

      2124         78        268          0          0      54865   driverlib.lib
       148         16          0          0          0         68   mc_w.l
      9498        516        226        116        464     126812   usblib.lib

    ----------------------------------------------------------------------
     11788        610        500        120        468     181745   Library Totals

    ----------------------------------------------------------------------

==============================================================================


      Code (inc. data)   RO Data    RW Data    ZI Data      Debug   

     14800       1570        808        324       2644     219127   Grand Totals
     14800       1570        808         88       2644     219127   ELF Image Totals (compressed)
     14800       1570        808         88          0          0   ROM Totals

==============================================================================

    Total RO  Size (Code + RO Data)                15608 (  15.24kB)
    Total RW  Size (RW Data + ZI Data)              2968 (   2.90kB)
    Total ROM Size (Code + RO Data + RW Data)      15696 (  15.33kB)

==============================================================================

