<!doctype html public "-//w3c//dtd html 4.0 transitional//en">
<html><head>
<title>Static Call Graph - [.\rvmdk\usb_dev_keyboard.axf]</title></head>
<body><HR>
<H1>Static Call Graph for image .\rvmdk\usb_dev_keyboard.axf</H1><HR>
<BR><P>#&#060CALLGRAPH&#062# ARM Linker, 5060960: Last Updated: Fri Apr 25 00:32:14 2025
<BR><P>
<H3>Maximum Stack Usage =        196 bytes + Unknown(Functions without stacksize, Cycles, Untraceable Function Pointers)</H3><H3>
Call chain for Maximum Stack Depth:</H3>
USBDSetConfiguration &rArr; USBDeviceConfig &rArr; USBDCDConfigGetInterfaceEndpoint &rArr; USBDCDConfigGetInterface &rArr; USBDescGet
<P>
<H3>
Functions with no stack information
</H3><UL>
 <LI><a href="#[3b]">Reset_Handler</a>
 <LI><a href="#[2]">NmiSR</a>
 <LI><a href="#[3]">FaultISR</a>
 <LI><a href="#[4]">IntDefaultHandler</a>
</UL>
</UL>
<P>
<H3>
Mutually Recursive functions
</H3> <LI><a href="#[2]">NmiSR</a>&nbsp;&nbsp;&nbsp;&rArr;&nbsp;&nbsp;&nbsp;<a href="#[2]">NmiSR</a><BR>
 <LI><a href="#[3]">FaultISR</a>&nbsp;&nbsp;&nbsp;&rArr;&nbsp;&nbsp;&nbsp;<a href="#[3]">FaultISR</a><BR>
 <LI><a href="#[4]">IntDefaultHandler</a>&nbsp;&nbsp;&nbsp;&rArr;&nbsp;&nbsp;&nbsp;<a href="#[4]">IntDefaultHandler</a><BR>
</UL>
<P>
<H3>
Function Pointers
</H3><UL>
 <LI><a href="#[14]">DMAUSBIntHandler</a> from usbdma.o(i.DMAUSBIntHandler) referenced from usbdma.o(i.USBLibDMAInit)
 <LI><a href="#[16]">DMAUSBIntStatusClear</a> from usbdma.o(i.DMAUSBIntStatusClear) referenced from usbdma.o(i.USBLibDMAInit)
 <LI><a href="#[17]">DMAUSBStatus</a> from usbdma.o(i.DMAUSBStatus) referenced from usbdma.o(i.USBLibDMAInit)
 <LI><a href="#[3]">FaultISR</a> from startup_rvmdk.o(RESET) referenced from startup_rvmdk.o(RESET)
 <LI><a href="#[a]">HIDKeyboardRxHandler</a> from usbdhidkeyb.o(i.HIDKeyboardRxHandler) referenced from usbdhidkeyb.o(i.USBDHIDKeyboardCompositeInit)
 <LI><a href="#[b]">HIDKeyboardTxHandler</a> from usbdhidkeyb.o(i.HIDKeyboardTxHandler) referenced from usbdhidkeyb.o(i.USBDHIDKeyboardCompositeInit)
 <LI><a href="#[9]">HIDTickHandler</a> from usbdhid.o(i.HIDTickHandler) referenced from usbdhid.o(i.USBDHIDCompositeInit)
 <LI><a href="#[32]">HandleConfigChange</a> from usbdhid.o(i.HandleConfigChange) referenced from usbdhid.o(.constdata)
 <LI><a href="#[3a]">HandleDevice</a> from usbdhid.o(i.HandleDevice) referenced from usbdhid.o(.constdata)
 <LI><a href="#[38]">HandleDisconnect</a> from usbdhid.o(i.HandleDisconnect) referenced from usbdhid.o(.constdata)
 <LI><a href="#[33]">HandleEP0DataReceived</a> from usbdhid.o(i.HandleEP0DataReceived) referenced from usbdhid.o(.constdata)
 <LI><a href="#[34]">HandleEP0DataSent</a> from usbdhid.o(i.HandleEP0DataSent) referenced from usbdhid.o(.constdata)
 <LI><a href="#[39]">HandleEndpoints</a> from usbdhid.o(i.HandleEndpoints) referenced from usbdhid.o(.constdata)
 <LI><a href="#[30]">HandleGetDescriptor</a> from usbdhid.o(i.HandleGetDescriptor) referenced from usbdhid.o(.constdata)
 <LI><a href="#[31]">HandleRequest</a> from usbdhid.o(i.HandleRequest) referenced from usbdhid.o(.constdata)
 <LI><a href="#[35]">HandleReset</a> from usbdhid.o(i.HandleReset) referenced from usbdhid.o(.constdata)
 <LI><a href="#[37]">HandleResume</a> from usbdhid.o(i.HandleResume) referenced from usbdhid.o(.constdata)
 <LI><a href="#[36]">HandleSuspend</a> from usbdhid.o(i.HandleSuspend) referenced from usbdhid.o(.constdata)
 <LI><a href="#[4]">IntDefaultHandler</a> from startup_rvmdk.o(RESET) referenced 111 times from startup_rvmdk.o(RESET)
 <LI><a href="#[0]">KeyboardHandler</a> from usb_dev_keyboard.o(i.KeyboardHandler) referenced 2 times from usb_keyb_structs.o(.data)
 <LI><a href="#[2]">NmiSR</a> from startup_rvmdk.o(RESET) referenced from startup_rvmdk.o(RESET)
 <LI><a href="#[3b]">Reset_Handler</a> from startup_rvmdk.o(RESET) referenced from startup_rvmdk.o(RESET)
 <LI><a href="#[5]">SysTickIntHandler</a> from usb_dev_keyboard.o(i.SysTickIntHandler) referenced from startup_rvmdk.o(RESET)
 <LI><a href="#[6]">UARTStdioIntHandler</a> from uartstdio.o(i.UARTStdioIntHandler) referenced from startup_rvmdk.o(RESET)
 <LI><a href="#[7]">USB0DeviceIntHandler</a> from usbdhandler.o(i.USB0DeviceIntHandler) referenced from startup_rvmdk.o(RESET)
 <LI><a href="#[26]">USBDClearFeature</a> from usbdenum.o(i.USBDClearFeature) referenced from usbdenum.o(.constdata)
 <LI><a href="#[2b]">USBDGetConfiguration</a> from usbdenum.o(i.USBDGetConfiguration) referenced from usbdenum.o(.constdata)
 <LI><a href="#[29]">USBDGetDescriptor</a> from usbdenum.o(i.USBDGetDescriptor) referenced from usbdenum.o(.constdata)
 <LI><a href="#[2d]">USBDGetInterface</a> from usbdenum.o(i.USBDGetInterface) referenced from usbdenum.o(.constdata)
 <LI><a href="#[25]">USBDGetStatus</a> from usbdenum.o(i.USBDGetStatus) referenced from usbdenum.o(.constdata)
 <LI><a href="#[28]">USBDSetAddress</a> from usbdenum.o(i.USBDSetAddress) referenced from usbdenum.o(.constdata)
 <LI><a href="#[2c]">USBDSetConfiguration</a> from usbdenum.o(i.USBDSetConfiguration) referenced from usbdenum.o(.constdata)
 <LI><a href="#[2a]">USBDSetDescriptor</a> from usbdenum.o(i.USBDSetDescriptor) referenced from usbdenum.o(.constdata)
 <LI><a href="#[27]">USBDSetFeature</a> from usbdenum.o(i.USBDSetFeature) referenced from usbdenum.o(.constdata)
 <LI><a href="#[2e]">USBDSetInterface</a> from usbdenum.o(i.USBDSetInterface) referenced from usbdenum.o(.constdata)
 <LI><a href="#[2f]">USBDSyncFrame</a> from usbdenum.o(i.USBDSyncFrame) referenced from usbdenum.o(.constdata)
 <LI><a href="#[1a]">iDMAUSBArbSizeSet</a> from usbdma.o(i.iDMAUSBArbSizeSet) referenced from usbdma.o(i.USBLibDMAInit)
 <LI><a href="#[1b]">iDMAUSBChannelAllocate</a> from usbdma.o(i.iDMAUSBChannelAllocate) referenced from usbdma.o(i.USBLibDMAInit)
 <LI><a href="#[23]">iDMAUSBChannelDisable</a> from usbdma.o(i.iDMAUSBChannelDisable) referenced from usbdma.o(i.USBLibDMAInit)
 <LI><a href="#[22]">iDMAUSBChannelEnable</a> from usbdma.o(i.iDMAUSBChannelEnable) referenced from usbdma.o(i.USBLibDMAInit)
 <LI><a href="#[1f]">iDMAUSBChannelIntDisable</a> from usbdma.o(i.iDMAUSBChannelIntDisable) referenced from usbdma.o(i.USBLibDMAInit)
 <LI><a href="#[1e]">iDMAUSBChannelIntEnable</a> from usbdma.o(i.iDMAUSBChannelIntEnable) referenced from usbdma.o(i.USBLibDMAInit)
 <LI><a href="#[21]">iDMAUSBChannelRelease</a> from usbdma.o(i.iDMAUSBChannelRelease) referenced from usbdma.o(i.USBLibDMAInit)
 <LI><a href="#[1c]">iDMAUSBChannelStatus</a> from usbdma.o(i.iDMAUSBChannelStatus) referenced from usbdma.o(i.USBLibDMAInit)
 <LI><a href="#[1d]">iDMAUSBIntStatus</a> from usbdma.o(i.iDMAUSBIntStatus) referenced from usbdma.o(i.USBLibDMAInit)
 <LI><a href="#[20]">iDMAUSBTransfer</a> from usbdma.o(i.iDMAUSBTransfer) referenced from usbdma.o(i.USBLibDMAInit)
 <LI><a href="#[24]">iDMAUSBUnitSizeSet</a> from usbdma.o(i.iDMAUSBUnitSizeSet) referenced from usbdma.o(i.USBLibDMAInit)
 <LI><a href="#[8]">main</a> from usb_dev_keyboard.o(i.main) referenced from entry9a.o(.ARM.Collect$$$$0000000B)
 <LI><a href="#[c]">uDMAUSBArbSizeSet</a> from usbdma.o(i.uDMAUSBArbSizeSet) referenced from usbdma.o(i.USBLibDMAInit)
 <LI><a href="#[d]">uDMAUSBChannelAllocate</a> from usbdma.o(i.uDMAUSBChannelAllocate) referenced from usbdma.o(i.USBLibDMAInit)
 <LI><a href="#[e]">uDMAUSBChannelDisable</a> from usbdma.o(i.uDMAUSBChannelDisable) referenced from usbdma.o(i.USBLibDMAInit)
 <LI><a href="#[f]">uDMAUSBChannelEnable</a> from usbdma.o(i.uDMAUSBChannelEnable) referenced from usbdma.o(i.USBLibDMAInit)
 <LI><a href="#[11]">uDMAUSBChannelIntDisable</a> from usbdma.o(i.uDMAUSBChannelIntDisable) referenced from usbdma.o(i.USBLibDMAInit)
 <LI><a href="#[10]">uDMAUSBChannelIntEnable</a> from usbdma.o(i.uDMAUSBChannelIntEnable) referenced from usbdma.o(i.USBLibDMAInit)
 <LI><a href="#[12]">uDMAUSBChannelRelease</a> from usbdma.o(i.uDMAUSBChannelRelease) referenced from usbdma.o(i.USBLibDMAInit)
 <LI><a href="#[13]">uDMAUSBChannelStatus</a> from usbdma.o(i.uDMAUSBChannelStatus) referenced from usbdma.o(i.USBLibDMAInit)
 <LI><a href="#[15]">uDMAUSBIntStatus</a> from usbdma.o(i.uDMAUSBIntStatus) referenced from usbdma.o(i.USBLibDMAInit)
 <LI><a href="#[18]">uDMAUSBTransfer</a> from usbdma.o(i.uDMAUSBTransfer) referenced from usbdma.o(i.USBLibDMAInit)
 <LI><a href="#[19]">uDMAUSBUnitSizeSet</a> from usbdma.o(i.uDMAUSBUnitSizeSet) referenced from usbdma.o(i.USBLibDMAInit)
</UL>
<P>
<H3>
Global Symbols
</H3>
<P><STRONG><a name="[3b]"></a>Reset_Handler</STRONG> (Thumb, 0 bytes, Stack size unknown bytes, startup_rvmdk.o(RESET))
<BR><BR>[Calls]<UL><LI><a href="#[3c]">&gt;&gt;</a>&nbsp;&nbsp;&nbsp;__main
</UL>

<P><STRONG><a name="[3c]"></a>__main</STRONG> (Thumb, 0 bytes, Stack size unknown bytes, entry.o(.ARM.Collect$$$$00000000))
<BR><BR>[Called By]<UL><LI><a href="#[3b]">&gt;&gt;</a>&nbsp;&nbsp;&nbsp;Reset_Handler
</UL>

<P><STRONG><a name="[af]"></a>_main_stk</STRONG> (Thumb, 0 bytes, Stack size unknown bytes, entry2.o(.ARM.Collect$$$$00000001))

<P><STRONG><a name="[3d]"></a>_main_scatterload</STRONG> (Thumb, 0 bytes, Stack size unknown bytes, entry5.o(.ARM.Collect$$$$00000004))
<BR><BR>[Calls]<UL><LI><a href="#[3e]">&gt;&gt;</a>&nbsp;&nbsp;&nbsp;__scatterload
</UL>

<P><STRONG><a name="[3f]"></a>__main_after_scatterload</STRONG> (Thumb, 0 bytes, Stack size unknown bytes, entry5.o(.ARM.Collect$$$$00000004))
<BR><BR>[Called By]<UL><LI><a href="#[3e]">&gt;&gt;</a>&nbsp;&nbsp;&nbsp;__scatterload
</UL>

<P><STRONG><a name="[b0]"></a>_main_clock</STRONG> (Thumb, 0 bytes, Stack size unknown bytes, entry7b.o(.ARM.Collect$$$$00000008))

<P><STRONG><a name="[b1]"></a>_main_cpp_init</STRONG> (Thumb, 0 bytes, Stack size unknown bytes, entry8b.o(.ARM.Collect$$$$0000000A))

<P><STRONG><a name="[b2]"></a>_main_init</STRONG> (Thumb, 0 bytes, Stack size unknown bytes, entry9a.o(.ARM.Collect$$$$0000000B))

<P><STRONG><a name="[b3]"></a>__rt_lib_shutdown_fini</STRONG> (Thumb, 0 bytes, Stack size unknown bytes, entry12b.o(.ARM.Collect$$$$0000000E))

<P><STRONG><a name="[b4]"></a>__rt_final_cpp</STRONG> (Thumb, 0 bytes, Stack size unknown bytes, entry10a.o(.ARM.Collect$$$$0000000F))

<P><STRONG><a name="[b5]"></a>__rt_final_exit</STRONG> (Thumb, 0 bytes, Stack size unknown bytes, entry11a.o(.ARM.Collect$$$$00000011))

<P><STRONG><a name="[3e]"></a>__scatterload</STRONG> (Thumb, 28 bytes, Stack size 0 bytes, init.o(.text))
<BR><BR>[Calls]<UL><LI><a href="#[3f]">&gt;&gt;</a>&nbsp;&nbsp;&nbsp;__main_after_scatterload
</UL>
<BR>[Called By]<UL><LI><a href="#[3d]">&gt;&gt;</a>&nbsp;&nbsp;&nbsp;_main_scatterload
</UL>

<P><STRONG><a name="[b6]"></a>__scatterload_rt2</STRONG> (Thumb, 0 bytes, Stack size 0 bytes, init.o(.text), UNUSED)

<P><STRONG><a name="[b7]"></a>__decompress</STRONG> (Thumb, 0 bytes, Stack size unknown bytes, __dczerorl.o(.text), UNUSED)

<P><STRONG><a name="[b8]"></a>__decompress0</STRONG> (Thumb, 58 bytes, Stack size unknown bytes, __dczerorl.o(.text), UNUSED)

<P><STRONG><a name="[a3]"></a>ButtonsInit</STRONG> (Thumb, 78 bytes, Stack size 16 bytes, buttons.o(i.ButtonsInit))
<BR><BR>[Stack]<UL><LI>Max Depth = 16<LI>Call Chain = ButtonsInit
</UL>
<BR>[Called By]<UL><LI><a href="#[8]">&gt;&gt;</a>&nbsp;&nbsp;&nbsp;main
</UL>

<P><STRONG><a name="[a5]"></a>ButtonsPoll</STRONG> (Thumb, 78 bytes, Stack size 16 bytes, buttons.o(i.ButtonsPoll))
<BR><BR>[Stack]<UL><LI>Max Depth = 16<LI>Call Chain = ButtonsPoll
</UL>
<BR>[Called By]<UL><LI><a href="#[8]">&gt;&gt;</a>&nbsp;&nbsp;&nbsp;main
</UL>

<P><STRONG><a name="[40]"></a>ConfigureUART</STRONG> (Thumb, 76 bytes, Stack size 8 bytes, usb_dev_keyboard.o(i.ConfigureUART))
<BR><BR>[Stack]<UL><LI>Max Depth = 48<LI>Call Chain = ConfigureUART &rArr; UARTStdioConfig &rArr; UARTFlushTx
</UL>
<BR>[Calls]<UL><LI><a href="#[41]">&gt;&gt;</a>&nbsp;&nbsp;&nbsp;UARTClockSourceSet
<LI><a href="#[42]">&gt;&gt;</a>&nbsp;&nbsp;&nbsp;UARTStdioConfig
</UL>
<BR>[Called By]<UL><LI><a href="#[8]">&gt;&gt;</a>&nbsp;&nbsp;&nbsp;main
</UL>

<P><STRONG><a name="[97]"></a>IntDisable</STRONG> (Thumb, 92 bytes, Stack size 0 bytes, interrupt.o(i.IntDisable))
<BR><BR>[Called By]<UL><LI><a href="#[f]">&gt;&gt;</a>&nbsp;&nbsp;&nbsp;uDMAUSBChannelEnable
<LI><a href="#[22]">&gt;&gt;</a>&nbsp;&nbsp;&nbsp;iDMAUSBChannelEnable
</UL>

<P><STRONG><a name="[77]"></a>IntEnable</STRONG> (Thumb, 92 bytes, Stack size 0 bytes, interrupt.o(i.IntEnable))
<BR><BR>[Called By]<UL><LI><a href="#[64]">&gt;&gt;</a>&nbsp;&nbsp;&nbsp;USBDCDInit
<LI><a href="#[f]">&gt;&gt;</a>&nbsp;&nbsp;&nbsp;uDMAUSBChannelEnable
<LI><a href="#[22]">&gt;&gt;</a>&nbsp;&nbsp;&nbsp;iDMAUSBChannelEnable
</UL>

<P><STRONG><a name="[96]"></a>IntIsEnabled</STRONG> (Thumb, 88 bytes, Stack size 0 bytes, interrupt.o(i.IntIsEnabled))
<BR><BR>[Called By]<UL><LI><a href="#[f]">&gt;&gt;</a>&nbsp;&nbsp;&nbsp;uDMAUSBChannelEnable
<LI><a href="#[22]">&gt;&gt;</a>&nbsp;&nbsp;&nbsp;iDMAUSBChannelEnable
</UL>

<P><STRONG><a name="[81]"></a>InternalUSBRegisterTickHandler</STRONG> (Thumb, 44 bytes, Stack size 0 bytes, usbtick.o(i.InternalUSBRegisterTickHandler))
<BR><BR>[Called By]<UL><LI><a href="#[7f]">&gt;&gt;</a>&nbsp;&nbsp;&nbsp;USBDHIDCompositeInit
</UL>

<P><STRONG><a name="[91]"></a>InternalUSBStartOfFrameTick</STRONG> (Thumb, 46 bytes, Stack size 24 bytes, usbtick.o(i.InternalUSBStartOfFrameTick))
<BR><BR>[Stack]<UL><LI>Max Depth = 24<LI>Call Chain = InternalUSBStartOfFrameTick
</UL>
<BR>[Called By]<UL><LI><a href="#[5d]">&gt;&gt;</a>&nbsp;&nbsp;&nbsp;USBDeviceIntHandlerInternal
</UL>

<P><STRONG><a name="[72]"></a>InternalUSBTickInit</STRONG> (Thumb, 46 bytes, Stack size 0 bytes, usbtick.o(i.InternalUSBTickInit))
<BR><BR>[Called By]<UL><LI><a href="#[7f]">&gt;&gt;</a>&nbsp;&nbsp;&nbsp;USBDHIDCompositeInit
<LI><a href="#[64]">&gt;&gt;</a>&nbsp;&nbsp;&nbsp;USBDCDInit
</UL>

<P><STRONG><a name="[0]"></a>KeyboardHandler</STRONG> (Thumb, 78 bytes, Stack size 8 bytes, usb_dev_keyboard.o(i.KeyboardHandler))
<BR><BR>[Stack]<UL><LI>Max Depth = 8<LI>Call Chain = KeyboardHandler
</UL>
<BR>[Address Reference Count : 1]<UL><LI> usb_keyb_structs.o(.data)
</UL>
<P><STRONG><a name="[4e]"></a>SendString</STRONG> (Thumb, 84 bytes, Stack size 24 bytes, usb_dev_keyboard.o(i.SendString))
<BR><BR>[Stack]<UL><LI>Max Depth = 84<LI>Call Chain = SendString &rArr; USBDHIDKeyboardKeyStateChange &rArr; USBDHIDReportWrite &rArr; USBEndpointDataPut
</UL>
<BR>[Calls]<UL><LI><a href="#[4f]">&gt;&gt;</a>&nbsp;&nbsp;&nbsp;USBDHIDKeyboardKeyStateChange
<LI><a href="#[50]">&gt;&gt;</a>&nbsp;&nbsp;&nbsp;WaitForSendIdle
</UL>
<BR>[Called By]<UL><LI><a href="#[8]">&gt;&gt;</a>&nbsp;&nbsp;&nbsp;main
</UL>

<P><STRONG><a name="[66]"></a>SysCtlPeripheralEnable</STRONG> (Thumb, 36 bytes, Stack size 0 bytes, sysctl.o(i.SysCtlPeripheralEnable))
<BR><BR>[Called By]<UL><LI><a href="#[64]">&gt;&gt;</a>&nbsp;&nbsp;&nbsp;USBDCDInit
</UL>

<P><STRONG><a name="[65]"></a>SysCtlPeripheralReset</STRONG> (Thumb, 56 bytes, Stack size 4 bytes, sysctl.o(i.SysCtlPeripheralReset))
<BR><BR>[Stack]<UL><LI>Max Depth = 4<LI>Call Chain = SysCtlPeripheralReset
</UL>
<BR>[Called By]<UL><LI><a href="#[64]">&gt;&gt;</a>&nbsp;&nbsp;&nbsp;USBDCDInit
</UL>

<P><STRONG><a name="[67]"></a>SysCtlUSBPLLEnable</STRONG> (Thumb, 12 bytes, Stack size 0 bytes, sysctl.o(i.SysCtlUSBPLLEnable))
<BR><BR>[Called By]<UL><LI><a href="#[64]">&gt;&gt;</a>&nbsp;&nbsp;&nbsp;USBDCDInit
</UL>

<P><STRONG><a name="[5]"></a>SysTickIntHandler</STRONG> (Thumb, 10 bytes, Stack size 0 bytes, usb_dev_keyboard.o(i.SysTickIntHandler))
<BR>[Address Reference Count : 1]<UL><LI> startup_rvmdk.o(RESET)
</UL>
<P><STRONG><a name="[41]"></a>UARTClockSourceSet</STRONG> (Thumb, 6 bytes, Stack size 0 bytes, uart.o(i.UARTClockSourceSet))
<BR><BR>[Called By]<UL><LI><a href="#[40]">&gt;&gt;</a>&nbsp;&nbsp;&nbsp;ConfigureUART
</UL>

<P><STRONG><a name="[54]"></a>UARTFlushRx</STRONG> (Thumb, 36 bytes, Stack size 8 bytes, uartstdio.o(i.UARTFlushRx))
<BR><BR>[Stack]<UL><LI>Max Depth = 8<LI>Call Chain = UARTFlushRx
</UL>
<BR>[Called By]<UL><LI><a href="#[42]">&gt;&gt;</a>&nbsp;&nbsp;&nbsp;UARTStdioConfig
</UL>

<P><STRONG><a name="[51]"></a>UARTFlushTx</STRONG> (Thumb, 52 bytes, Stack size 8 bytes, uartstdio.o(i.UARTFlushTx))
<BR><BR>[Stack]<UL><LI>Max Depth = 8<LI>Call Chain = UARTFlushTx
</UL>
<BR>[Calls]<UL><LI><a href="#[52]">&gt;&gt;</a>&nbsp;&nbsp;&nbsp;IsBufferEmpty
</UL>
<BR>[Called By]<UL><LI><a href="#[42]">&gt;&gt;</a>&nbsp;&nbsp;&nbsp;UARTStdioConfig
</UL>

<P><STRONG><a name="[42]"></a>UARTStdioConfig</STRONG> (Thumb, 142 bytes, Stack size 32 bytes, uartstdio.o(i.UARTStdioConfig))
<BR><BR>[Stack]<UL><LI>Max Depth = 40<LI>Call Chain = UARTStdioConfig &rArr; UARTFlushTx
</UL>
<BR>[Calls]<UL><LI><a href="#[51]">&gt;&gt;</a>&nbsp;&nbsp;&nbsp;UARTFlushTx
<LI><a href="#[54]">&gt;&gt;</a>&nbsp;&nbsp;&nbsp;UARTFlushRx
</UL>
<BR>[Called By]<UL><LI><a href="#[40]">&gt;&gt;</a>&nbsp;&nbsp;&nbsp;ConfigureUART
</UL>

<P><STRONG><a name="[6]"></a>UARTStdioIntHandler</STRONG> (Thumb, 248 bytes, Stack size 24 bytes, uartstdio.o(i.UARTStdioIntHandler))
<BR><BR>[Stack]<UL><LI>Max Depth = 80<LI>Call Chain = UARTStdioIntHandler &rArr; UARTwrite &rArr; UARTPrimeTransmit
</UL>
<BR>[Calls]<UL><LI><a href="#[55]">&gt;&gt;</a>&nbsp;&nbsp;&nbsp;UARTwrite
<LI><a href="#[53]">&gt;&gt;</a>&nbsp;&nbsp;&nbsp;UARTPrimeTransmit
<LI><a href="#[56]">&gt;&gt;</a>&nbsp;&nbsp;&nbsp;IsBufferFull
<LI><a href="#[52]">&gt;&gt;</a>&nbsp;&nbsp;&nbsp;IsBufferEmpty
</UL>
<BR>[Address Reference Count : 1]<UL><LI> startup_rvmdk.o(RESET)
</UL>
<P><STRONG><a name="[57]"></a>UARTprintf</STRONG> (Thumb, 18 bytes, Stack size 24 bytes, uartstdio.o(i.UARTprintf))
<BR><BR>[Stack]<UL><LI>Max Depth = 136<LI>Call Chain = UARTprintf &rArr; UARTvprintf &rArr; UARTwrite &rArr; UARTPrimeTransmit
</UL>
<BR>[Calls]<UL><LI><a href="#[58]">&gt;&gt;</a>&nbsp;&nbsp;&nbsp;UARTvprintf
</UL>
<BR>[Called By]<UL><LI><a href="#[8]">&gt;&gt;</a>&nbsp;&nbsp;&nbsp;main
</UL>

<P><STRONG><a name="[58]"></a>UARTvprintf</STRONG> (Thumb, 420 bytes, Stack size 56 bytes, uartstdio.o(i.UARTvprintf))
<BR><BR>[Stack]<UL><LI>Max Depth = 112<LI>Call Chain = UARTvprintf &rArr; UARTwrite &rArr; UARTPrimeTransmit
</UL>
<BR>[Calls]<UL><LI><a href="#[55]">&gt;&gt;</a>&nbsp;&nbsp;&nbsp;UARTwrite
</UL>
<BR>[Called By]<UL><LI><a href="#[57]">&gt;&gt;</a>&nbsp;&nbsp;&nbsp;UARTprintf
</UL>

<P><STRONG><a name="[55]"></a>UARTwrite</STRONG> (Thumb, 140 bytes, Stack size 32 bytes, uartstdio.o(i.UARTwrite))
<BR><BR>[Stack]<UL><LI>Max Depth = 56<LI>Call Chain = UARTwrite &rArr; UARTPrimeTransmit
</UL>
<BR>[Calls]<UL><LI><a href="#[53]">&gt;&gt;</a>&nbsp;&nbsp;&nbsp;UARTPrimeTransmit
<LI><a href="#[56]">&gt;&gt;</a>&nbsp;&nbsp;&nbsp;IsBufferFull
<LI><a href="#[52]">&gt;&gt;</a>&nbsp;&nbsp;&nbsp;IsBufferEmpty
</UL>
<BR>[Called By]<UL><LI><a href="#[58]">&gt;&gt;</a>&nbsp;&nbsp;&nbsp;UARTvprintf
<LI><a href="#[6]">&gt;&gt;</a>&nbsp;&nbsp;&nbsp;UARTStdioIntHandler
</UL>

<P><STRONG><a name="[59]"></a>ULPIConfigSet</STRONG> (Thumb, 90 bytes, Stack size 16 bytes, usbulpi.o(i.ULPIConfigSet))
<BR><BR>[Stack]<UL><LI>Max Depth = 16<LI>Call Chain = ULPIConfigSet
</UL>
<BR>[Calls]<UL><LI><a href="#[5b]">&gt;&gt;</a>&nbsp;&nbsp;&nbsp;USBULPIRegWrite
<LI><a href="#[5a]">&gt;&gt;</a>&nbsp;&nbsp;&nbsp;USBULPIRegRead
</UL>
<BR>[Called By]<UL><LI><a href="#[64]">&gt;&gt;</a>&nbsp;&nbsp;&nbsp;USBDCDInit
</UL>

<P><STRONG><a name="[7]"></a>USB0DeviceIntHandler</STRONG> (Thumb, 20 bytes, Stack size 8 bytes, usbdhandler.o(i.USB0DeviceIntHandler))
<BR><BR>[Stack]<UL><LI>Max Depth = 116<LI>Call Chain = USB0DeviceIntHandler &rArr; USBDeviceIntHandlerInternal &rArr; USBDeviceEnumHandler &rArr; USBDEP0StateTxConfig &rArr; USBEndpointDataPut
</UL>
<BR>[Calls]<UL><LI><a href="#[5c]">&gt;&gt;</a>&nbsp;&nbsp;&nbsp;USBIntStatusControl
<LI><a href="#[5d]">&gt;&gt;</a>&nbsp;&nbsp;&nbsp;USBDeviceIntHandlerInternal
</UL>
<BR>[Address Reference Count : 1]<UL><LI> startup_rvmdk.o(RESET)
</UL>
<P><STRONG><a name="[68]"></a>USBClockEnable</STRONG> (Thumb, 10 bytes, Stack size 0 bytes, usb.o(i.USBClockEnable))
<BR><BR>[Called By]<UL><LI><a href="#[64]">&gt;&gt;</a>&nbsp;&nbsp;&nbsp;USBDCDInit
</UL>

<P><STRONG><a name="[93]"></a>USBControllerVersion</STRONG> (Thumb, 10 bytes, Stack size 0 bytes, usb.o(i.USBControllerVersion))
<BR><BR>[Called By]<UL><LI><a href="#[71]">&gt;&gt;</a>&nbsp;&nbsp;&nbsp;USBLibDMAInit
</UL>

<P><STRONG><a name="[5e]"></a>USBDCDConfigDescGet</STRONG> (Thumb, 86 bytes, Stack size 32 bytes, usbdcdesc.o(i.USBDCDConfigDescGet))
<BR><BR>[Stack]<UL><LI>Max Depth = 44<LI>Call Chain = USBDCDConfigDescGet &rArr; USBDescGet
</UL>
<BR>[Calls]<UL><LI><a href="#[5f]">&gt;&gt;</a>&nbsp;&nbsp;&nbsp;USBDescGetNum
<LI><a href="#[60]">&gt;&gt;</a>&nbsp;&nbsp;&nbsp;USBDescGet
</UL>
<BR>[Called By]<UL><LI><a href="#[89]">&gt;&gt;</a>&nbsp;&nbsp;&nbsp;USBDeviceConfig
</UL>

<P><STRONG><a name="[61]"></a>USBDCDConfigDescGetNum</STRONG> (Thumb, 54 bytes, Stack size 24 bytes, usbdcdesc.o(i.USBDCDConfigDescGetNum))
<BR><BR>[Stack]<UL><LI>Max Depth = 32<LI>Call Chain = USBDCDConfigDescGetNum &rArr; USBDescGetNum
</UL>
<BR>[Calls]<UL><LI><a href="#[5f]">&gt;&gt;</a>&nbsp;&nbsp;&nbsp;USBDescGetNum
</UL>
<BR>[Called By]<UL><LI><a href="#[8a]">&gt;&gt;</a>&nbsp;&nbsp;&nbsp;USBDeviceConfigAlternate
<LI><a href="#[89]">&gt;&gt;</a>&nbsp;&nbsp;&nbsp;USBDeviceConfig
<LI><a href="#[2e]">&gt;&gt;</a>&nbsp;&nbsp;&nbsp;USBDSetInterface
</UL>

<P><STRONG><a name="[7e]"></a>USBDCDConfigDescGetSize</STRONG> (Thumb, 34 bytes, Stack size 0 bytes, usbdcdesc.o(i.USBDCDConfigDescGetSize))
<BR><BR>[Called By]<UL><LI><a href="#[29]">&gt;&gt;</a>&nbsp;&nbsp;&nbsp;USBDGetDescriptor
<LI><a href="#[7d]">&gt;&gt;</a>&nbsp;&nbsp;&nbsp;USBDEP0StateTxConfig
</UL>

<P><STRONG><a name="[62]"></a>USBDCDConfigGetInterface</STRONG> (Thumb, 188 bytes, Stack size 32 bytes, usbdcdesc.o(i.USBDCDConfigGetInterface))
<BR><BR>[Stack]<UL><LI>Max Depth = 44<LI>Call Chain = USBDCDConfigGetInterface &rArr; USBDescGet
</UL>
<BR>[Calls]<UL><LI><a href="#[5f]">&gt;&gt;</a>&nbsp;&nbsp;&nbsp;USBDescGetNum
<LI><a href="#[60]">&gt;&gt;</a>&nbsp;&nbsp;&nbsp;USBDescGet
</UL>
<BR>[Called By]<UL><LI><a href="#[63]">&gt;&gt;</a>&nbsp;&nbsp;&nbsp;USBDCDConfigGetInterfaceEndpoint
<LI><a href="#[8a]">&gt;&gt;</a>&nbsp;&nbsp;&nbsp;USBDeviceConfigAlternate
<LI><a href="#[89]">&gt;&gt;</a>&nbsp;&nbsp;&nbsp;USBDeviceConfig
<LI><a href="#[2e]">&gt;&gt;</a>&nbsp;&nbsp;&nbsp;USBDSetInterface
</UL>

<P><STRONG><a name="[63]"></a>USBDCDConfigGetInterfaceEndpoint</STRONG> (Thumb, 94 bytes, Stack size 16 bytes, usbdcdesc.o(i.USBDCDConfigGetInterfaceEndpoint))
<BR><BR>[Stack]<UL><LI>Max Depth = 60<LI>Call Chain = USBDCDConfigGetInterfaceEndpoint &rArr; USBDCDConfigGetInterface &rArr; USBDescGet
</UL>
<BR>[Calls]<UL><LI><a href="#[62]">&gt;&gt;</a>&nbsp;&nbsp;&nbsp;USBDCDConfigGetInterface
</UL>
<BR>[Called By]<UL><LI><a href="#[7f]">&gt;&gt;</a>&nbsp;&nbsp;&nbsp;USBDHIDCompositeInit
<LI><a href="#[8a]">&gt;&gt;</a>&nbsp;&nbsp;&nbsp;USBDeviceConfigAlternate
<LI><a href="#[89]">&gt;&gt;</a>&nbsp;&nbsp;&nbsp;USBDeviceConfig
</UL>

<P><STRONG><a name="[80]"></a>USBDCDDeviceInfoInit</STRONG> (Thumb, 54 bytes, Stack size 0 bytes, usbdenum.o(i.USBDCDDeviceInfoInit))
<BR><BR>[Called By]<UL><LI><a href="#[7f]">&gt;&gt;</a>&nbsp;&nbsp;&nbsp;USBDHIDCompositeInit
</UL>

<P><STRONG><a name="[64]"></a>USBDCDInit</STRONG> (Thumb, 392 bytes, Stack size 32 bytes, usbdenum.o(i.USBDCDInit))
<BR><BR>[Stack]<UL><LI>Max Depth = 48<LI>Call Chain = USBDCDInit &rArr; ULPIConfigSet
</UL>
<BR>[Calls]<UL><LI><a href="#[5c]">&gt;&gt;</a>&nbsp;&nbsp;&nbsp;USBIntStatusControl
<LI><a href="#[77]">&gt;&gt;</a>&nbsp;&nbsp;&nbsp;IntEnable
<LI><a href="#[65]">&gt;&gt;</a>&nbsp;&nbsp;&nbsp;SysCtlPeripheralReset
<LI><a href="#[6b]">&gt;&gt;</a>&nbsp;&nbsp;&nbsp;USBOTGMode
<LI><a href="#[75]">&gt;&gt;</a>&nbsp;&nbsp;&nbsp;USBIntEnableEndpoint
<LI><a href="#[74]">&gt;&gt;</a>&nbsp;&nbsp;&nbsp;USBIntEnableControl
<LI><a href="#[67]">&gt;&gt;</a>&nbsp;&nbsp;&nbsp;SysCtlUSBPLLEnable
<LI><a href="#[66]">&gt;&gt;</a>&nbsp;&nbsp;&nbsp;SysCtlPeripheralEnable
<LI><a href="#[72]">&gt;&gt;</a>&nbsp;&nbsp;&nbsp;InternalUSBTickInit
<LI><a href="#[71]">&gt;&gt;</a>&nbsp;&nbsp;&nbsp;USBLibDMAInit
<LI><a href="#[59]">&gt;&gt;</a>&nbsp;&nbsp;&nbsp;ULPIConfigSet
<LI><a href="#[69]">&gt;&gt;</a>&nbsp;&nbsp;&nbsp;USBULPIEnable
<LI><a href="#[6a]">&gt;&gt;</a>&nbsp;&nbsp;&nbsp;USBULPIDisable
<LI><a href="#[6e]">&gt;&gt;</a>&nbsp;&nbsp;&nbsp;USBLPMIntEnable
<LI><a href="#[73]">&gt;&gt;</a>&nbsp;&nbsp;&nbsp;USBIntStatusEndpoint
<LI><a href="#[6c]">&gt;&gt;</a>&nbsp;&nbsp;&nbsp;USBDevMode
<LI><a href="#[6f]">&gt;&gt;</a>&nbsp;&nbsp;&nbsp;USBDevLPMEnable
<LI><a href="#[70]">&gt;&gt;</a>&nbsp;&nbsp;&nbsp;USBDevLPMDisable
<LI><a href="#[6d]">&gt;&gt;</a>&nbsp;&nbsp;&nbsp;USBDevLPMConfig
<LI><a href="#[76]">&gt;&gt;</a>&nbsp;&nbsp;&nbsp;USBDevConnect
<LI><a href="#[68]">&gt;&gt;</a>&nbsp;&nbsp;&nbsp;USBClockEnable
</UL>
<BR>[Called By]<UL><LI><a href="#[82]">&gt;&gt;</a>&nbsp;&nbsp;&nbsp;USBDHIDInit
</UL>

<P><STRONG><a name="[78]"></a>USBDCDRemoteWakeupRequest</STRONG> (Thumb, 46 bytes, Stack size 8 bytes, usbdenum.o(i.USBDCDRemoteWakeupRequest), UNUSED)
<BR><BR>[Calls]<UL><LI><a href="#[79]">&gt;&gt;</a>&nbsp;&nbsp;&nbsp;USBHostResume
</UL>
<BR>[Called By]<UL><LI><a href="#[86]">&gt;&gt;</a>&nbsp;&nbsp;&nbsp;USBDHIDRemoteWakeupRequest
</UL>

<P><STRONG><a name="[4c]"></a>USBDCDRequestDataEP0</STRONG> (Thumb, 14 bytes, Stack size 0 bytes, usbdenum.o(i.USBDCDRequestDataEP0))
<BR><BR>[Called By]<UL><LI><a href="#[31]">&gt;&gt;</a>&nbsp;&nbsp;&nbsp;HandleRequest
</UL>

<P><STRONG><a name="[4a]"></a>USBDCDSendDataEP0</STRONG> (Thumb, 14 bytes, Stack size 0 bytes, usbdenum.o(i.USBDCDSendDataEP0))
<BR><BR>[Stack]<UL><LI>Max Depth = 20<LI>Call Chain = USBDCDSendDataEP0 &rArr; USBDEP0StateTx &rArr; USBEndpointDataPut
</UL>
<BR>[Calls]<UL><LI><a href="#[7a]">&gt;&gt;</a>&nbsp;&nbsp;&nbsp;USBDEP0StateTx
</UL>
<BR>[Called By]<UL><LI><a href="#[31]">&gt;&gt;</a>&nbsp;&nbsp;&nbsp;HandleRequest
<LI><a href="#[30]">&gt;&gt;</a>&nbsp;&nbsp;&nbsp;HandleGetDescriptor
</UL>

<P><STRONG><a name="[4b]"></a>USBDCDStallEP0</STRONG> (Thumb, 20 bytes, Stack size 8 bytes, usbdenum.o(i.USBDCDStallEP0))
<BR><BR>[Stack]<UL><LI>Max Depth = 8<LI>Call Chain = USBDCDStallEP0
</UL>
<BR>[Calls]<UL><LI><a href="#[7b]">&gt;&gt;</a>&nbsp;&nbsp;&nbsp;USBDevEndpointStall
</UL>
<BR>[Called By]<UL><LI><a href="#[31]">&gt;&gt;</a>&nbsp;&nbsp;&nbsp;HandleRequest
<LI><a href="#[30]">&gt;&gt;</a>&nbsp;&nbsp;&nbsp;HandleGetDescriptor
</UL>

<P><STRONG><a name="[7f]"></a>USBDHIDCompositeInit</STRONG> (Thumb, 236 bytes, Stack size 24 bytes, usbdhid.o(i.USBDHIDCompositeInit))
<BR><BR>[Stack]<UL><LI>Max Depth = 84<LI>Call Chain = USBDHIDCompositeInit &rArr; USBDCDConfigGetInterfaceEndpoint &rArr; USBDCDConfigGetInterface &rArr; USBDescGet
</UL>
<BR>[Calls]<UL><LI><a href="#[72]">&gt;&gt;</a>&nbsp;&nbsp;&nbsp;InternalUSBTickInit
<LI><a href="#[63]">&gt;&gt;</a>&nbsp;&nbsp;&nbsp;USBDCDConfigGetInterfaceEndpoint
<LI><a href="#[81]">&gt;&gt;</a>&nbsp;&nbsp;&nbsp;InternalUSBRegisterTickHandler
<LI><a href="#[80]">&gt;&gt;</a>&nbsp;&nbsp;&nbsp;USBDCDDeviceInfoInit
</UL>
<BR>[Called By]<UL><LI><a href="#[82]">&gt;&gt;</a>&nbsp;&nbsp;&nbsp;USBDHIDInit
<LI><a href="#[83]">&gt;&gt;</a>&nbsp;&nbsp;&nbsp;USBDHIDKeyboardCompositeInit
</UL>

<P><STRONG><a name="[82]"></a>USBDHIDInit</STRONG> (Thumb, 38 bytes, Stack size 16 bytes, usbdhid.o(i.USBDHIDInit))
<BR><BR>[Stack]<UL><LI>Max Depth = 100<LI>Call Chain = USBDHIDInit &rArr; USBDHIDCompositeInit &rArr; USBDCDConfigGetInterfaceEndpoint &rArr; USBDCDConfigGetInterface &rArr; USBDescGet
</UL>
<BR>[Calls]<UL><LI><a href="#[7f]">&gt;&gt;</a>&nbsp;&nbsp;&nbsp;USBDHIDCompositeInit
<LI><a href="#[64]">&gt;&gt;</a>&nbsp;&nbsp;&nbsp;USBDCDInit
</UL>
<BR>[Called By]<UL><LI><a href="#[84]">&gt;&gt;</a>&nbsp;&nbsp;&nbsp;USBDHIDKeyboardInit
</UL>

<P><STRONG><a name="[83]"></a>USBDHIDKeyboardCompositeInit</STRONG> (Thumb, 146 bytes, Stack size 16 bytes, usbdhidkeyb.o(i.USBDHIDKeyboardCompositeInit))
<BR><BR>[Stack]<UL><LI>Max Depth = 100<LI>Call Chain = USBDHIDKeyboardCompositeInit &rArr; USBDHIDCompositeInit &rArr; USBDCDConfigGetInterfaceEndpoint &rArr; USBDCDConfigGetInterface &rArr; USBDescGet
</UL>
<BR>[Calls]<UL><LI><a href="#[7f]">&gt;&gt;</a>&nbsp;&nbsp;&nbsp;USBDHIDCompositeInit
</UL>
<BR>[Called By]<UL><LI><a href="#[84]">&gt;&gt;</a>&nbsp;&nbsp;&nbsp;USBDHIDKeyboardInit
</UL>

<P><STRONG><a name="[84]"></a>USBDHIDKeyboardInit</STRONG> (Thumb, 50 bytes, Stack size 16 bytes, usbdhidkeyb.o(i.USBDHIDKeyboardInit))
<BR><BR>[Stack]<UL><LI>Max Depth = 116<LI>Call Chain = USBDHIDKeyboardInit &rArr; USBDHIDInit &rArr; USBDHIDCompositeInit &rArr; USBDCDConfigGetInterfaceEndpoint &rArr; USBDCDConfigGetInterface &rArr; USBDescGet
</UL>
<BR>[Calls]<UL><LI><a href="#[82]">&gt;&gt;</a>&nbsp;&nbsp;&nbsp;USBDHIDInit
<LI><a href="#[83]">&gt;&gt;</a>&nbsp;&nbsp;&nbsp;USBDHIDKeyboardCompositeInit
</UL>
<BR>[Called By]<UL><LI><a href="#[8]">&gt;&gt;</a>&nbsp;&nbsp;&nbsp;main
</UL>

<P><STRONG><a name="[4f]"></a>USBDHIDKeyboardKeyStateChange</STRONG> (Thumb, 238 bytes, Stack size 24 bytes, usbdhidkeyb.o(i.USBDHIDKeyboardKeyStateChange))
<BR><BR>[Stack]<UL><LI>Max Depth = 60<LI>Call Chain = USBDHIDKeyboardKeyStateChange &rArr; USBDHIDReportWrite &rArr; USBEndpointDataPut
</UL>
<BR>[Calls]<UL><LI><a href="#[85]">&gt;&gt;</a>&nbsp;&nbsp;&nbsp;USBDHIDTxPacketAvailable
<LI><a href="#[43]">&gt;&gt;</a>&nbsp;&nbsp;&nbsp;USBDHIDReportWrite
</UL>
<BR>[Called By]<UL><LI><a href="#[4e]">&gt;&gt;</a>&nbsp;&nbsp;&nbsp;SendString
</UL>

<P><STRONG><a name="[a6]"></a>USBDHIDKeyboardRemoteWakeupRequest</STRONG> (Thumb, 6 bytes, Stack size 0 bytes, usbdhidkeyb.o(i.USBDHIDKeyboardRemoteWakeupRequest))
<BR><BR>[Called By]<UL><LI><a href="#[8]">&gt;&gt;</a>&nbsp;&nbsp;&nbsp;main
</UL>

<P><STRONG><a name="[86]"></a>USBDHIDRemoteWakeupRequest</STRONG> (Thumb, 6 bytes, Stack size 0 bytes, usbdhid.o(i.USBDHIDRemoteWakeupRequest), UNUSED)
<BR><BR>[Calls]<UL><LI><a href="#[78]">&gt;&gt;</a>&nbsp;&nbsp;&nbsp;USBDCDRemoteWakeupRequest
</UL>

<P><STRONG><a name="[43]"></a>USBDHIDReportWrite</STRONG> (Thumb, 162 bytes, Stack size 32 bytes, usbdhid.o(i.USBDHIDReportWrite))
<BR><BR>[Stack]<UL><LI>Max Depth = 36<LI>Call Chain = USBDHIDReportWrite &rArr; USBEndpointDataPut
</UL>
<BR>[Calls]<UL><LI><a href="#[49]">&gt;&gt;</a>&nbsp;&nbsp;&nbsp;USBEndpointDataSend
<LI><a href="#[48]">&gt;&gt;</a>&nbsp;&nbsp;&nbsp;USBEndpointDataPut
</UL>
<BR>[Called By]<UL><LI><a href="#[b]">&gt;&gt;</a>&nbsp;&nbsp;&nbsp;HIDKeyboardTxHandler
<LI><a href="#[4f]">&gt;&gt;</a>&nbsp;&nbsp;&nbsp;USBDHIDKeyboardKeyStateChange
<LI><a href="#[44]">&gt;&gt;</a>&nbsp;&nbsp;&nbsp;ProcessIdleTimers
</UL>

<P><STRONG><a name="[85]"></a>USBDHIDTxPacketAvailable</STRONG> (Thumb, 14 bytes, Stack size 0 bytes, usbdhid.o(i.USBDHIDTxPacketAvailable))
<BR><BR>[Called By]<UL><LI><a href="#[4f]">&gt;&gt;</a>&nbsp;&nbsp;&nbsp;USBDHIDKeyboardKeyStateChange
</UL>

<P><STRONG><a name="[9c]"></a>USBDMAChannelAddressSet</STRONG> (Thumb, 10 bytes, Stack size 0 bytes, usb.o(i.USBDMAChannelAddressSet))
<BR><BR>[Called By]<UL><LI><a href="#[20]">&gt;&gt;</a>&nbsp;&nbsp;&nbsp;iDMAUSBTransfer
</UL>

<P><STRONG><a name="[a0]"></a>USBDMAChannelConfigSet</STRONG> (Thumb, 22 bytes, Stack size 0 bytes, usb.o(i.USBDMAChannelConfigSet))
<BR><BR>[Called By]<UL><LI><a href="#[20]">&gt;&gt;</a>&nbsp;&nbsp;&nbsp;iDMAUSBTransfer
</UL>

<P><STRONG><a name="[9d]"></a>USBDMAChannelCountSet</STRONG> (Thumb, 10 bytes, Stack size 0 bytes, usb.o(i.USBDMAChannelCountSet))
<BR><BR>[Called By]<UL><LI><a href="#[20]">&gt;&gt;</a>&nbsp;&nbsp;&nbsp;iDMAUSBTransfer
</UL>

<P><STRONG><a name="[94]"></a>USBDMAChannelDisable</STRONG> (Thumb, 18 bytes, Stack size 0 bytes, usb.o(i.USBDMAChannelDisable))
<BR><BR>[Called By]<UL><LI><a href="#[21]">&gt;&gt;</a>&nbsp;&nbsp;&nbsp;iDMAUSBChannelRelease
<LI><a href="#[23]">&gt;&gt;</a>&nbsp;&nbsp;&nbsp;iDMAUSBChannelDisable
<LI><a href="#[1b]">&gt;&gt;</a>&nbsp;&nbsp;&nbsp;iDMAUSBChannelAllocate
</UL>

<P><STRONG><a name="[99]"></a>USBDMAChannelEnable</STRONG> (Thumb, 18 bytes, Stack size 0 bytes, usb.o(i.USBDMAChannelEnable))
<BR><BR>[Called By]<UL><LI><a href="#[20]">&gt;&gt;</a>&nbsp;&nbsp;&nbsp;iDMAUSBTransfer
<LI><a href="#[22]">&gt;&gt;</a>&nbsp;&nbsp;&nbsp;iDMAUSBChannelEnable
</UL>

<P><STRONG><a name="[95]"></a>USBDMAChannelIntDisable</STRONG> (Thumb, 18 bytes, Stack size 0 bytes, usb.o(i.USBDMAChannelIntDisable))
<BR><BR>[Called By]<UL><LI><a href="#[1f]">&gt;&gt;</a>&nbsp;&nbsp;&nbsp;iDMAUSBChannelIntDisable
<LI><a href="#[23]">&gt;&gt;</a>&nbsp;&nbsp;&nbsp;iDMAUSBChannelDisable
</UL>

<P><STRONG><a name="[98]"></a>USBDMAChannelIntEnable</STRONG> (Thumb, 18 bytes, Stack size 0 bytes, usb.o(i.USBDMAChannelIntEnable))
<BR><BR>[Called By]<UL><LI><a href="#[1e]">&gt;&gt;</a>&nbsp;&nbsp;&nbsp;iDMAUSBChannelIntEnable
<LI><a href="#[22]">&gt;&gt;</a>&nbsp;&nbsp;&nbsp;iDMAUSBChannelEnable
</UL>

<P><STRONG><a name="[9b]"></a>USBDMAChannelIntStatus</STRONG> (Thumb, 6 bytes, Stack size 0 bytes, usb.o(i.USBDMAChannelIntStatus))
<BR><BR>[Called By]<UL><LI><a href="#[1d]">&gt;&gt;</a>&nbsp;&nbsp;&nbsp;iDMAUSBIntStatus
</UL>

<P><STRONG><a name="[9a]"></a>USBDMAChannelStatus</STRONG> (Thumb, 14 bytes, Stack size 0 bytes, usb.o(i.USBDMAChannelStatus))
<BR><BR>[Called By]<UL><LI><a href="#[1c]">&gt;&gt;</a>&nbsp;&nbsp;&nbsp;iDMAUSBChannelStatus
</UL>

<P><STRONG><a name="[60]"></a>USBDescGet</STRONG> (Thumb, 54 bytes, Stack size 12 bytes, usbdesc.o(i.USBDescGet))
<BR><BR>[Stack]<UL><LI>Max Depth = 12<LI>Call Chain = USBDescGet
</UL>
<BR>[Called By]<UL><LI><a href="#[62]">&gt;&gt;</a>&nbsp;&nbsp;&nbsp;USBDCDConfigGetInterface
<LI><a href="#[5e]">&gt;&gt;</a>&nbsp;&nbsp;&nbsp;USBDCDConfigDescGet
</UL>

<P><STRONG><a name="[5f]"></a>USBDescGetNum</STRONG> (Thumb, 46 bytes, Stack size 8 bytes, usbdesc.o(i.USBDescGetNum))
<BR><BR>[Stack]<UL><LI>Max Depth = 8<LI>Call Chain = USBDescGetNum
</UL>
<BR>[Called By]<UL><LI><a href="#[62]">&gt;&gt;</a>&nbsp;&nbsp;&nbsp;USBDCDConfigGetInterface
<LI><a href="#[61]">&gt;&gt;</a>&nbsp;&nbsp;&nbsp;USBDCDConfigDescGetNum
<LI><a href="#[5e]">&gt;&gt;</a>&nbsp;&nbsp;&nbsp;USBDCDConfigDescGet
</UL>

<P><STRONG><a name="[8e]"></a>USBDevAddrSet</STRONG> (Thumb, 4 bytes, Stack size 0 bytes, usb.o(i.USBDevAddrSet))
<BR><BR>[Called By]<UL><LI><a href="#[8d]">&gt;&gt;</a>&nbsp;&nbsp;&nbsp;USBDeviceEnumHandler
</UL>

<P><STRONG><a name="[76]"></a>USBDevConnect</STRONG> (Thumb, 10 bytes, Stack size 0 bytes, usb.o(i.USBDevConnect))
<BR><BR>[Called By]<UL><LI><a href="#[64]">&gt;&gt;</a>&nbsp;&nbsp;&nbsp;USBDCDInit
</UL>

<P><STRONG><a name="[90]"></a>USBDevDisconnect</STRONG> (Thumb, 10 bytes, Stack size 0 bytes, usb.o(i.USBDevDisconnect))
<BR><BR>[Called By]<UL><LI><a href="#[5d]">&gt;&gt;</a>&nbsp;&nbsp;&nbsp;USBDeviceIntHandlerInternal
</UL>

<P><STRONG><a name="[8b]"></a>USBDevEndpointConfigSet</STRONG> (Thumb, 136 bytes, Stack size 0 bytes, usb.o(i.USBDevEndpointConfigSet))
<BR><BR>[Called By]<UL><LI><a href="#[8a]">&gt;&gt;</a>&nbsp;&nbsp;&nbsp;USBDeviceConfigAlternate
<LI><a href="#[89]">&gt;&gt;</a>&nbsp;&nbsp;&nbsp;USBDeviceConfig
</UL>

<P><STRONG><a name="[4d]"></a>USBDevEndpointDataAck</STRONG> (Thumb, 36 bytes, Stack size 0 bytes, usb.o(i.USBDevEndpointDataAck))
<BR><BR>[Called By]<UL><LI><a href="#[31]">&gt;&gt;</a>&nbsp;&nbsp;&nbsp;HandleRequest
<LI><a href="#[8d]">&gt;&gt;</a>&nbsp;&nbsp;&nbsp;USBDeviceEnumHandler
<LI><a href="#[2f]">&gt;&gt;</a>&nbsp;&nbsp;&nbsp;USBDSyncFrame
<LI><a href="#[2e]">&gt;&gt;</a>&nbsp;&nbsp;&nbsp;USBDSetInterface
<LI><a href="#[27]">&gt;&gt;</a>&nbsp;&nbsp;&nbsp;USBDSetFeature
<LI><a href="#[2a]">&gt;&gt;</a>&nbsp;&nbsp;&nbsp;USBDSetDescriptor
<LI><a href="#[2c]">&gt;&gt;</a>&nbsp;&nbsp;&nbsp;USBDSetConfiguration
<LI><a href="#[28]">&gt;&gt;</a>&nbsp;&nbsp;&nbsp;USBDSetAddress
<LI><a href="#[25]">&gt;&gt;</a>&nbsp;&nbsp;&nbsp;USBDGetStatus
<LI><a href="#[2d]">&gt;&gt;</a>&nbsp;&nbsp;&nbsp;USBDGetInterface
<LI><a href="#[29]">&gt;&gt;</a>&nbsp;&nbsp;&nbsp;USBDGetDescriptor
<LI><a href="#[2b]">&gt;&gt;</a>&nbsp;&nbsp;&nbsp;USBDGetConfiguration
<LI><a href="#[26]">&gt;&gt;</a>&nbsp;&nbsp;&nbsp;USBDClearFeature
</UL>

<P><STRONG><a name="[7b]"></a>USBDevEndpointStall</STRONG> (Thumb, 52 bytes, Stack size 0 bytes, usb.o(i.USBDevEndpointStall))
<BR><BR>[Called By]<UL><LI><a href="#[4b]">&gt;&gt;</a>&nbsp;&nbsp;&nbsp;USBDCDStallEP0
<LI><a href="#[2f]">&gt;&gt;</a>&nbsp;&nbsp;&nbsp;USBDSyncFrame
<LI><a href="#[2e]">&gt;&gt;</a>&nbsp;&nbsp;&nbsp;USBDSetInterface
<LI><a href="#[27]">&gt;&gt;</a>&nbsp;&nbsp;&nbsp;USBDSetFeature
<LI><a href="#[2a]">&gt;&gt;</a>&nbsp;&nbsp;&nbsp;USBDSetDescriptor
<LI><a href="#[2c]">&gt;&gt;</a>&nbsp;&nbsp;&nbsp;USBDSetConfiguration
<LI><a href="#[87]">&gt;&gt;</a>&nbsp;&nbsp;&nbsp;USBDReadAndDispatchRequest
<LI><a href="#[25]">&gt;&gt;</a>&nbsp;&nbsp;&nbsp;USBDGetStatus
<LI><a href="#[2d]">&gt;&gt;</a>&nbsp;&nbsp;&nbsp;USBDGetInterface
<LI><a href="#[29]">&gt;&gt;</a>&nbsp;&nbsp;&nbsp;USBDGetDescriptor
<LI><a href="#[26]">&gt;&gt;</a>&nbsp;&nbsp;&nbsp;USBDClearFeature
</UL>

<P><STRONG><a name="[7c]"></a>USBDevEndpointStallClear</STRONG> (Thumb, 74 bytes, Stack size 0 bytes, usb.o(i.USBDevEndpointStallClear))
<BR><BR>[Called By]<UL><LI><a href="#[26]">&gt;&gt;</a>&nbsp;&nbsp;&nbsp;USBDClearFeature
</UL>

<P><STRONG><a name="[47]"></a>USBDevEndpointStatusClear</STRONG> (Thumb, 94 bytes, Stack size 0 bytes, usb.o(i.USBDevEndpointStatusClear))
<BR><BR>[Called By]<UL><LI><a href="#[39]">&gt;&gt;</a>&nbsp;&nbsp;&nbsp;HandleEndpoints
<LI><a href="#[8d]">&gt;&gt;</a>&nbsp;&nbsp;&nbsp;USBDeviceEnumHandler
</UL>

<P><STRONG><a name="[6d]"></a>USBDevLPMConfig</STRONG> (Thumb, 6 bytes, Stack size 0 bytes, usb.o(i.USBDevLPMConfig))
<BR><BR>[Called By]<UL><LI><a href="#[64]">&gt;&gt;</a>&nbsp;&nbsp;&nbsp;USBDCDInit
</UL>

<P><STRONG><a name="[70]"></a>USBDevLPMDisable</STRONG> (Thumb, 14 bytes, Stack size 0 bytes, usb.o(i.USBDevLPMDisable))
<BR><BR>[Called By]<UL><LI><a href="#[64]">&gt;&gt;</a>&nbsp;&nbsp;&nbsp;USBDCDInit
</UL>

<P><STRONG><a name="[6f]"></a>USBDevLPMEnable</STRONG> (Thumb, 14 bytes, Stack size 0 bytes, usb.o(i.USBDevLPMEnable))
<BR><BR>[Called By]<UL><LI><a href="#[5d]">&gt;&gt;</a>&nbsp;&nbsp;&nbsp;USBDeviceIntHandlerInternal
<LI><a href="#[64]">&gt;&gt;</a>&nbsp;&nbsp;&nbsp;USBDCDInit
</UL>

<P><STRONG><a name="[6c]"></a>USBDevMode</STRONG> (Thumb, 8 bytes, Stack size 0 bytes, usb.o(i.USBDevMode))
<BR><BR>[Called By]<UL><LI><a href="#[64]">&gt;&gt;</a>&nbsp;&nbsp;&nbsp;USBDCDInit
</UL>

<P><STRONG><a name="[89]"></a>USBDeviceConfig</STRONG> (Thumb, 410 bytes, Stack size 112 bytes, usbdconfig.o(i.USBDeviceConfig))
<BR><BR>[Stack]<UL><LI>Max Depth = 172<LI>Call Chain = USBDeviceConfig &rArr; USBDCDConfigGetInterfaceEndpoint &rArr; USBDCDConfigGetInterface &rArr; USBDescGet
</UL>
<BR>[Calls]<UL><LI><a href="#[63]">&gt;&gt;</a>&nbsp;&nbsp;&nbsp;USBDCDConfigGetInterfaceEndpoint
<LI><a href="#[62]">&gt;&gt;</a>&nbsp;&nbsp;&nbsp;USBDCDConfigGetInterface
<LI><a href="#[61]">&gt;&gt;</a>&nbsp;&nbsp;&nbsp;USBDCDConfigDescGetNum
<LI><a href="#[8c]">&gt;&gt;</a>&nbsp;&nbsp;&nbsp;USBFIFOConfigSet
<LI><a href="#[8b]">&gt;&gt;</a>&nbsp;&nbsp;&nbsp;USBDevEndpointConfigSet
<LI><a href="#[5e]">&gt;&gt;</a>&nbsp;&nbsp;&nbsp;USBDCDConfigDescGet
</UL>
<BR>[Called By]<UL><LI><a href="#[2c]">&gt;&gt;</a>&nbsp;&nbsp;&nbsp;USBDSetConfiguration
</UL>

<P><STRONG><a name="[8a]"></a>USBDeviceConfigAlternate</STRONG> (Thumb, 194 bytes, Stack size 40 bytes, usbdconfig.o(i.USBDeviceConfigAlternate))
<BR><BR>[Stack]<UL><LI>Max Depth = 100<LI>Call Chain = USBDeviceConfigAlternate &rArr; USBDCDConfigGetInterfaceEndpoint &rArr; USBDCDConfigGetInterface &rArr; USBDescGet
</UL>
<BR>[Calls]<UL><LI><a href="#[63]">&gt;&gt;</a>&nbsp;&nbsp;&nbsp;USBDCDConfigGetInterfaceEndpoint
<LI><a href="#[62]">&gt;&gt;</a>&nbsp;&nbsp;&nbsp;USBDCDConfigGetInterface
<LI><a href="#[61]">&gt;&gt;</a>&nbsp;&nbsp;&nbsp;USBDCDConfigDescGetNum
<LI><a href="#[8b]">&gt;&gt;</a>&nbsp;&nbsp;&nbsp;USBDevEndpointConfigSet
</UL>
<BR>[Called By]<UL><LI><a href="#[2e]">&gt;&gt;</a>&nbsp;&nbsp;&nbsp;USBDSetInterface
</UL>

<P><STRONG><a name="[8d]"></a>USBDeviceEnumHandler</STRONG> (Thumb, 224 bytes, Stack size 24 bytes, usbdenum.o(i.USBDeviceEnumHandler))
<BR><BR>[Stack]<UL><LI>Max Depth = 76<LI>Call Chain = USBDeviceEnumHandler &rArr; USBDEP0StateTxConfig &rArr; USBEndpointDataPut
</UL>
<BR>[Calls]<UL><LI><a href="#[87]">&gt;&gt;</a>&nbsp;&nbsp;&nbsp;USBDReadAndDispatchRequest
<LI><a href="#[7d]">&gt;&gt;</a>&nbsp;&nbsp;&nbsp;USBDEP0StateTxConfig
<LI><a href="#[7a]">&gt;&gt;</a>&nbsp;&nbsp;&nbsp;USBDEP0StateTx
<LI><a href="#[46]">&gt;&gt;</a>&nbsp;&nbsp;&nbsp;USBEndpointStatus
<LI><a href="#[88]">&gt;&gt;</a>&nbsp;&nbsp;&nbsp;USBEndpointDataGet
<LI><a href="#[47]">&gt;&gt;</a>&nbsp;&nbsp;&nbsp;USBDevEndpointStatusClear
<LI><a href="#[4d]">&gt;&gt;</a>&nbsp;&nbsp;&nbsp;USBDevEndpointDataAck
<LI><a href="#[8e]">&gt;&gt;</a>&nbsp;&nbsp;&nbsp;USBDevAddrSet
</UL>
<BR>[Called By]<UL><LI><a href="#[5d]">&gt;&gt;</a>&nbsp;&nbsp;&nbsp;USBDeviceIntHandlerInternal
</UL>

<P><STRONG><a name="[5d]"></a>USBDeviceIntHandlerInternal</STRONG> (Thumb, 388 bytes, Stack size 32 bytes, usbdenum.o(i.USBDeviceIntHandlerInternal))
<BR><BR>[Stack]<UL><LI>Max Depth = 108<LI>Call Chain = USBDeviceIntHandlerInternal &rArr; USBDeviceEnumHandler &rArr; USBDEP0StateTxConfig &rArr; USBEndpointDataPut
</UL>
<BR>[Calls]<UL><LI><a href="#[91]">&gt;&gt;</a>&nbsp;&nbsp;&nbsp;InternalUSBStartOfFrameTick
<LI><a href="#[8f]">&gt;&gt;</a>&nbsp;&nbsp;&nbsp;USBDeviceResumeTickHandler
<LI><a href="#[8d]">&gt;&gt;</a>&nbsp;&nbsp;&nbsp;USBDeviceEnumHandler
<LI><a href="#[92]">&gt;&gt;</a>&nbsp;&nbsp;&nbsp;USBLPMIntStatus
<LI><a href="#[73]">&gt;&gt;</a>&nbsp;&nbsp;&nbsp;USBIntStatusEndpoint
<LI><a href="#[6f]">&gt;&gt;</a>&nbsp;&nbsp;&nbsp;USBDevLPMEnable
<LI><a href="#[90]">&gt;&gt;</a>&nbsp;&nbsp;&nbsp;USBDevDisconnect
</UL>
<BR>[Called By]<UL><LI><a href="#[7]">&gt;&gt;</a>&nbsp;&nbsp;&nbsp;USB0DeviceIntHandler
</UL>

<P><STRONG><a name="[8f]"></a>USBDeviceResumeTickHandler</STRONG> (Thumb, 76 bytes, Stack size 8 bytes, usbdenum.o(i.USBDeviceResumeTickHandler))
<BR><BR>[Stack]<UL><LI>Max Depth = 8<LI>Call Chain = USBDeviceResumeTickHandler
</UL>
<BR>[Calls]<UL><LI><a href="#[79]">&gt;&gt;</a>&nbsp;&nbsp;&nbsp;USBHostResume
</UL>
<BR>[Called By]<UL><LI><a href="#[5d]">&gt;&gt;</a>&nbsp;&nbsp;&nbsp;USBDeviceIntHandlerInternal
</UL>

<P><STRONG><a name="[a8]"></a>USBEndpointDMAChannel</STRONG> (Thumb, 26 bytes, Stack size 0 bytes, usb.o(i.USBEndpointDMAChannel))
<BR><BR>[Called By]<UL><LI><a href="#[d]">&gt;&gt;</a>&nbsp;&nbsp;&nbsp;uDMAUSBChannelAllocate
</UL>

<P><STRONG><a name="[9f]"></a>USBEndpointDMAConfigSet</STRONG> (Thumb, 86 bytes, Stack size 0 bytes, usb.o(i.USBEndpointDMAConfigSet))
<BR><BR>[Called By]<UL><LI><a href="#[18]">&gt;&gt;</a>&nbsp;&nbsp;&nbsp;uDMAUSBTransfer
<LI><a href="#[20]">&gt;&gt;</a>&nbsp;&nbsp;&nbsp;iDMAUSBTransfer
</UL>

<P><STRONG><a name="[a2]"></a>USBEndpointDMADisable</STRONG> (Thumb, 36 bytes, Stack size 0 bytes, usb.o(i.USBEndpointDMADisable))
<BR><BR>[Called By]<UL><LI><a href="#[12]">&gt;&gt;</a>&nbsp;&nbsp;&nbsp;uDMAUSBChannelRelease
<LI><a href="#[e]">&gt;&gt;</a>&nbsp;&nbsp;&nbsp;uDMAUSBChannelDisable
<LI><a href="#[d]">&gt;&gt;</a>&nbsp;&nbsp;&nbsp;uDMAUSBChannelAllocate
<LI><a href="#[20]">&gt;&gt;</a>&nbsp;&nbsp;&nbsp;iDMAUSBTransfer
</UL>

<P><STRONG><a name="[a1]"></a>USBEndpointDMAEnable</STRONG> (Thumb, 36 bytes, Stack size 0 bytes, usb.o(i.USBEndpointDMAEnable))
<BR><BR>[Called By]<UL><LI><a href="#[f]">&gt;&gt;</a>&nbsp;&nbsp;&nbsp;uDMAUSBChannelEnable
<LI><a href="#[20]">&gt;&gt;</a>&nbsp;&nbsp;&nbsp;iDMAUSBTransfer
</UL>

<P><STRONG><a name="[45]"></a>USBEndpointDataAvail</STRONG> (Thumb, 30 bytes, Stack size 0 bytes, usb.o(i.USBEndpointDataAvail))
<BR><BR>[Called By]<UL><LI><a href="#[39]">&gt;&gt;</a>&nbsp;&nbsp;&nbsp;HandleEndpoints
<LI><a href="#[9]">&gt;&gt;</a>&nbsp;&nbsp;&nbsp;HIDTickHandler
</UL>

<P><STRONG><a name="[88]"></a>USBEndpointDataGet</STRONG> (Thumb, 84 bytes, Stack size 4 bytes, usb.o(i.USBEndpointDataGet))
<BR><BR>[Stack]<UL><LI>Max Depth = 4<LI>Call Chain = USBEndpointDataGet
</UL>
<BR>[Called By]<UL><LI><a href="#[8d]">&gt;&gt;</a>&nbsp;&nbsp;&nbsp;USBDeviceEnumHandler
<LI><a href="#[87]">&gt;&gt;</a>&nbsp;&nbsp;&nbsp;USBDReadAndDispatchRequest
</UL>

<P><STRONG><a name="[48]"></a>USBEndpointDataPut</STRONG> (Thumb, 58 bytes, Stack size 4 bytes, usb.o(i.USBEndpointDataPut))
<BR><BR>[Stack]<UL><LI>Max Depth = 4<LI>Call Chain = USBEndpointDataPut
</UL>
<BR>[Called By]<UL><LI><a href="#[43]">&gt;&gt;</a>&nbsp;&nbsp;&nbsp;USBDHIDReportWrite
<LI><a href="#[39]">&gt;&gt;</a>&nbsp;&nbsp;&nbsp;HandleEndpoints
<LI><a href="#[7d]">&gt;&gt;</a>&nbsp;&nbsp;&nbsp;USBDEP0StateTxConfig
<LI><a href="#[7a]">&gt;&gt;</a>&nbsp;&nbsp;&nbsp;USBDEP0StateTx
</UL>

<P><STRONG><a name="[49]"></a>USBEndpointDataSend</STRONG> (Thumb, 48 bytes, Stack size 0 bytes, usb.o(i.USBEndpointDataSend))
<BR><BR>[Called By]<UL><LI><a href="#[43]">&gt;&gt;</a>&nbsp;&nbsp;&nbsp;USBDHIDReportWrite
<LI><a href="#[39]">&gt;&gt;</a>&nbsp;&nbsp;&nbsp;HandleEndpoints
<LI><a href="#[7d]">&gt;&gt;</a>&nbsp;&nbsp;&nbsp;USBDEP0StateTxConfig
<LI><a href="#[7a]">&gt;&gt;</a>&nbsp;&nbsp;&nbsp;USBDEP0StateTx
</UL>

<P><STRONG><a name="[9e]"></a>USBEndpointPacketCountSet</STRONG> (Thumb, 12 bytes, Stack size 0 bytes, usb.o(i.USBEndpointPacketCountSet))
<BR><BR>[Called By]<UL><LI><a href="#[18]">&gt;&gt;</a>&nbsp;&nbsp;&nbsp;uDMAUSBTransfer
<LI><a href="#[20]">&gt;&gt;</a>&nbsp;&nbsp;&nbsp;iDMAUSBTransfer
</UL>

<P><STRONG><a name="[46]"></a>USBEndpointStatus</STRONG> (Thumb, 16 bytes, Stack size 0 bytes, usb.o(i.USBEndpointStatus))
<BR><BR>[Called By]<UL><LI><a href="#[39]">&gt;&gt;</a>&nbsp;&nbsp;&nbsp;HandleEndpoints
<LI><a href="#[8d]">&gt;&gt;</a>&nbsp;&nbsp;&nbsp;USBDeviceEnumHandler
</UL>

<P><STRONG><a name="[ad]"></a>USBFIFOAddrGet</STRONG> (Thumb, 8 bytes, Stack size 0 bytes, usb.o(i.USBFIFOAddrGet))
<BR><BR>[Called By]<UL><LI><a href="#[18]">&gt;&gt;</a>&nbsp;&nbsp;&nbsp;uDMAUSBTransfer
</UL>

<P><STRONG><a name="[8c]"></a>USBFIFOConfigSet</STRONG> (Thumb, 64 bytes, Stack size 0 bytes, usb.o(i.USBFIFOConfigSet))
<BR><BR>[Called By]<UL><LI><a href="#[89]">&gt;&gt;</a>&nbsp;&nbsp;&nbsp;USBDeviceConfig
</UL>

<P><STRONG><a name="[79]"></a>USBHostResume</STRONG> (Thumb, 18 bytes, Stack size 0 bytes, usb.o(i.USBHostResume))
<BR><BR>[Called By]<UL><LI><a href="#[8f]">&gt;&gt;</a>&nbsp;&nbsp;&nbsp;USBDeviceResumeTickHandler
<LI><a href="#[78]">&gt;&gt;</a>&nbsp;&nbsp;&nbsp;USBDCDRemoteWakeupRequest
</UL>

<P><STRONG><a name="[74]"></a>USBIntEnableControl</STRONG> (Thumb, 38 bytes, Stack size 0 bytes, usb.o(i.USBIntEnableControl))
<BR><BR>[Called By]<UL><LI><a href="#[64]">&gt;&gt;</a>&nbsp;&nbsp;&nbsp;USBDCDInit
</UL>

<P><STRONG><a name="[75]"></a>USBIntEnableEndpoint</STRONG> (Thumb, 22 bytes, Stack size 0 bytes, usb.o(i.USBIntEnableEndpoint))
<BR><BR>[Called By]<UL><LI><a href="#[64]">&gt;&gt;</a>&nbsp;&nbsp;&nbsp;USBDCDInit
</UL>

<P><STRONG><a name="[5c]"></a>USBIntStatusControl</STRONG> (Thumb, 56 bytes, Stack size 0 bytes, usb.o(i.USBIntStatusControl))
<BR><BR>[Called By]<UL><LI><a href="#[7]">&gt;&gt;</a>&nbsp;&nbsp;&nbsp;USB0DeviceIntHandler
<LI><a href="#[64]">&gt;&gt;</a>&nbsp;&nbsp;&nbsp;USBDCDInit
</UL>

<P><STRONG><a name="[73]"></a>USBIntStatusEndpoint</STRONG> (Thumb, 10 bytes, Stack size 0 bytes, usb.o(i.USBIntStatusEndpoint))
<BR><BR>[Called By]<UL><LI><a href="#[5d]">&gt;&gt;</a>&nbsp;&nbsp;&nbsp;USBDeviceIntHandlerInternal
<LI><a href="#[64]">&gt;&gt;</a>&nbsp;&nbsp;&nbsp;USBDCDInit
</UL>

<P><STRONG><a name="[6e]"></a>USBLPMIntEnable</STRONG> (Thumb, 12 bytes, Stack size 0 bytes, usb.o(i.USBLPMIntEnable))
<BR><BR>[Called By]<UL><LI><a href="#[64]">&gt;&gt;</a>&nbsp;&nbsp;&nbsp;USBDCDInit
</UL>

<P><STRONG><a name="[92]"></a>USBLPMIntStatus</STRONG> (Thumb, 6 bytes, Stack size 0 bytes, usb.o(i.USBLPMIntStatus))
<BR><BR>[Called By]<UL><LI><a href="#[5d]">&gt;&gt;</a>&nbsp;&nbsp;&nbsp;USBDeviceIntHandlerInternal
</UL>

<P><STRONG><a name="[71]"></a>USBLibDMAInit</STRONG> (Thumb, 232 bytes, Stack size 8 bytes, usbdma.o(i.USBLibDMAInit))
<BR><BR>[Stack]<UL><LI>Max Depth = 8<LI>Call Chain = USBLibDMAInit
</UL>
<BR>[Calls]<UL><LI><a href="#[93]">&gt;&gt;</a>&nbsp;&nbsp;&nbsp;USBControllerVersion
</UL>
<BR>[Called By]<UL><LI><a href="#[64]">&gt;&gt;</a>&nbsp;&nbsp;&nbsp;USBDCDInit
</UL>

<P><STRONG><a name="[6b]"></a>USBOTGMode</STRONG> (Thumb, 8 bytes, Stack size 0 bytes, usb.o(i.USBOTGMode))
<BR><BR>[Called By]<UL><LI><a href="#[64]">&gt;&gt;</a>&nbsp;&nbsp;&nbsp;USBDCDInit
</UL>

<P><STRONG><a name="[a4]"></a>USBStackModeSet</STRONG> (Thumb, 24 bytes, Stack size 0 bytes, usbmode.o(i.USBStackModeSet))
<BR><BR>[Called By]<UL><LI><a href="#[8]">&gt;&gt;</a>&nbsp;&nbsp;&nbsp;main
</UL>

<P><STRONG><a name="[6a]"></a>USBULPIDisable</STRONG> (Thumb, 14 bytes, Stack size 0 bytes, usb.o(i.USBULPIDisable))
<BR><BR>[Called By]<UL><LI><a href="#[64]">&gt;&gt;</a>&nbsp;&nbsp;&nbsp;USBDCDInit
</UL>

<P><STRONG><a name="[69]"></a>USBULPIEnable</STRONG> (Thumb, 14 bytes, Stack size 0 bytes, usb.o(i.USBULPIEnable))
<BR><BR>[Called By]<UL><LI><a href="#[64]">&gt;&gt;</a>&nbsp;&nbsp;&nbsp;USBDCDInit
</UL>

<P><STRONG><a name="[5a]"></a>USBULPIRegRead</STRONG> (Thumb, 32 bytes, Stack size 0 bytes, usb.o(i.USBULPIRegRead))
<BR><BR>[Called By]<UL><LI><a href="#[59]">&gt;&gt;</a>&nbsp;&nbsp;&nbsp;ULPIConfigSet
</UL>

<P><STRONG><a name="[5b]"></a>USBULPIRegWrite</STRONG> (Thumb, 32 bytes, Stack size 0 bytes, usb.o(i.USBULPIRegWrite))
<BR><BR>[Called By]<UL><LI><a href="#[59]">&gt;&gt;</a>&nbsp;&nbsp;&nbsp;ULPIConfigSet
</UL>

<P><STRONG><a name="[50]"></a>WaitForSendIdle</STRONG> (Thumb, 44 bytes, Stack size 8 bytes, usb_dev_keyboard.o(i.WaitForSendIdle))
<BR><BR>[Stack]<UL><LI>Max Depth = 8<LI>Call Chain = WaitForSendIdle
</UL>
<BR>[Called By]<UL><LI><a href="#[4e]">&gt;&gt;</a>&nbsp;&nbsp;&nbsp;SendString
</UL>

<P><STRONG><a name="[b9]"></a>__scatterload_copy</STRONG> (Thumb, 14 bytes, Stack size unknown bytes, handlers.o(i.__scatterload_copy), UNUSED)

<P><STRONG><a name="[ba]"></a>__scatterload_null</STRONG> (Thumb, 2 bytes, Stack size unknown bytes, handlers.o(i.__scatterload_null), UNUSED)

<P><STRONG><a name="[bb]"></a>__scatterload_zeroinit</STRONG> (Thumb, 14 bytes, Stack size unknown bytes, handlers.o(i.__scatterload_zeroinit), UNUSED)

<P><STRONG><a name="[8]"></a>main</STRONG> (Thumb, 292 bytes, Stack size 8 bytes, usb_dev_keyboard.o(i.main))
<BR><BR>[Stack]<UL><LI>Max Depth = 144<LI>Call Chain = main &rArr; UARTprintf &rArr; UARTvprintf &rArr; UARTwrite &rArr; UARTPrimeTransmit
</UL>
<BR>[Calls]<UL><LI><a href="#[a4]">&gt;&gt;</a>&nbsp;&nbsp;&nbsp;USBStackModeSet
<LI><a href="#[a6]">&gt;&gt;</a>&nbsp;&nbsp;&nbsp;USBDHIDKeyboardRemoteWakeupRequest
<LI><a href="#[84]">&gt;&gt;</a>&nbsp;&nbsp;&nbsp;USBDHIDKeyboardInit
<LI><a href="#[4e]">&gt;&gt;</a>&nbsp;&nbsp;&nbsp;SendString
<LI><a href="#[40]">&gt;&gt;</a>&nbsp;&nbsp;&nbsp;ConfigureUART
<LI><a href="#[57]">&gt;&gt;</a>&nbsp;&nbsp;&nbsp;UARTprintf
<LI><a href="#[a5]">&gt;&gt;</a>&nbsp;&nbsp;&nbsp;ButtonsPoll
<LI><a href="#[a3]">&gt;&gt;</a>&nbsp;&nbsp;&nbsp;ButtonsInit
</UL>
<BR>[Address Reference Count : 1]<UL><LI> entry9a.o(.ARM.Collect$$$$0000000B)
</UL>
<P><STRONG><a name="[a9]"></a>uDMAChannelAttributeDisable</STRONG> (Thumb, 66 bytes, Stack size 0 bytes, udma.o(i.uDMAChannelAttributeDisable))
<BR><BR>[Called By]<UL><LI><a href="#[12]">&gt;&gt;</a>&nbsp;&nbsp;&nbsp;uDMAUSBChannelRelease
<LI><a href="#[d]">&gt;&gt;</a>&nbsp;&nbsp;&nbsp;uDMAUSBChannelAllocate
</UL>

<P><STRONG><a name="[a7]"></a>uDMAChannelControlSet</STRONG> (Thumb, 24 bytes, Stack size 0 bytes, udma.o(i.uDMAChannelControlSet))
<BR><BR>[Called By]<UL><LI><a href="#[19]">&gt;&gt;</a>&nbsp;&nbsp;&nbsp;uDMAUSBUnitSizeSet
<LI><a href="#[d]">&gt;&gt;</a>&nbsp;&nbsp;&nbsp;uDMAUSBChannelAllocate
<LI><a href="#[c]">&gt;&gt;</a>&nbsp;&nbsp;&nbsp;uDMAUSBArbSizeSet
</UL>

<P><STRONG><a name="[aa]"></a>uDMAChannelDisable</STRONG> (Thumb, 16 bytes, Stack size 0 bytes, udma.o(i.uDMAChannelDisable))
<BR><BR>[Called By]<UL><LI><a href="#[e]">&gt;&gt;</a>&nbsp;&nbsp;&nbsp;uDMAUSBChannelDisable
</UL>

<P><STRONG><a name="[ab]"></a>uDMAChannelEnable</STRONG> (Thumb, 16 bytes, Stack size 0 bytes, udma.o(i.uDMAChannelEnable))
<BR><BR>[Called By]<UL><LI><a href="#[f]">&gt;&gt;</a>&nbsp;&nbsp;&nbsp;uDMAUSBChannelEnable
</UL>

<P><STRONG><a name="[ac]"></a>uDMAChannelModeGet</STRONG> (Thumb, 34 bytes, Stack size 0 bytes, udma.o(i.uDMAChannelModeGet))
<BR><BR>[Called By]<UL><LI><a href="#[15]">&gt;&gt;</a>&nbsp;&nbsp;&nbsp;uDMAUSBIntStatus
</UL>

<P><STRONG><a name="[ae]"></a>uDMAChannelTransferSet</STRONG> (Thumb, 124 bytes, Stack size 16 bytes, udma.o(i.uDMAChannelTransferSet))
<BR><BR>[Stack]<UL><LI>Max Depth = 16<LI>Call Chain = uDMAChannelTransferSet
</UL>
<BR>[Called By]<UL><LI><a href="#[18]">&gt;&gt;</a>&nbsp;&nbsp;&nbsp;uDMAUSBTransfer
</UL>
<P>
<H3>
Local Symbols
</H3>
<P><STRONG><a name="[2]"></a>NmiSR</STRONG> (Thumb, 0 bytes, Stack size unknown bytes, startup_rvmdk.o(RESET))
<BR><BR>[Calls]<UL><LI><a href="#[2]">&gt;&gt;</a>&nbsp;&nbsp;&nbsp;NmiSR
</UL>
<BR>[Called By]<UL><LI><a href="#[2]">&gt;&gt;</a>&nbsp;&nbsp;&nbsp;NmiSR
</UL>
<BR>[Address Reference Count : 1]<UL><LI> startup_rvmdk.o(RESET)
</UL>
<P><STRONG><a name="[3]"></a>FaultISR</STRONG> (Thumb, 0 bytes, Stack size unknown bytes, startup_rvmdk.o(RESET))
<BR><BR>[Calls]<UL><LI><a href="#[3]">&gt;&gt;</a>&nbsp;&nbsp;&nbsp;FaultISR
</UL>
<BR>[Called By]<UL><LI><a href="#[3]">&gt;&gt;</a>&nbsp;&nbsp;&nbsp;FaultISR
</UL>
<BR>[Address Reference Count : 1]<UL><LI> startup_rvmdk.o(RESET)
</UL>
<P><STRONG><a name="[4]"></a>IntDefaultHandler</STRONG> (Thumb, 0 bytes, Stack size unknown bytes, startup_rvmdk.o(RESET))
<BR><BR>[Calls]<UL><LI><a href="#[4]">&gt;&gt;</a>&nbsp;&nbsp;&nbsp;IntDefaultHandler
</UL>
<BR>[Called By]<UL><LI><a href="#[4]">&gt;&gt;</a>&nbsp;&nbsp;&nbsp;IntDefaultHandler
</UL>
<BR>[Address Reference Count : 1]<UL><LI> startup_rvmdk.o(RESET)
</UL>
<P><STRONG><a name="[52]"></a>IsBufferEmpty</STRONG> (Thumb, 16 bytes, Stack size 0 bytes, uartstdio.o(i.IsBufferEmpty))
<BR><BR>[Called By]<UL><LI><a href="#[55]">&gt;&gt;</a>&nbsp;&nbsp;&nbsp;UARTwrite
<LI><a href="#[51]">&gt;&gt;</a>&nbsp;&nbsp;&nbsp;UARTFlushTx
<LI><a href="#[53]">&gt;&gt;</a>&nbsp;&nbsp;&nbsp;UARTPrimeTransmit
<LI><a href="#[6]">&gt;&gt;</a>&nbsp;&nbsp;&nbsp;UARTStdioIntHandler
</UL>

<P><STRONG><a name="[56]"></a>IsBufferFull</STRONG> (Thumb, 26 bytes, Stack size 0 bytes, uartstdio.o(i.IsBufferFull))
<BR><BR>[Called By]<UL><LI><a href="#[55]">&gt;&gt;</a>&nbsp;&nbsp;&nbsp;UARTwrite
<LI><a href="#[6]">&gt;&gt;</a>&nbsp;&nbsp;&nbsp;UARTStdioIntHandler
</UL>

<P><STRONG><a name="[53]"></a>UARTPrimeTransmit</STRONG> (Thumb, 108 bytes, Stack size 24 bytes, uartstdio.o(i.UARTPrimeTransmit))
<BR><BR>[Stack]<UL><LI>Max Depth = 24<LI>Call Chain = UARTPrimeTransmit
</UL>
<BR>[Calls]<UL><LI><a href="#[52]">&gt;&gt;</a>&nbsp;&nbsp;&nbsp;IsBufferEmpty
</UL>
<BR>[Called By]<UL><LI><a href="#[55]">&gt;&gt;</a>&nbsp;&nbsp;&nbsp;UARTwrite
<LI><a href="#[6]">&gt;&gt;</a>&nbsp;&nbsp;&nbsp;UARTStdioIntHandler
</UL>

<P><STRONG><a name="[a]"></a>HIDKeyboardRxHandler</STRONG> (Thumb, 184 bytes, Stack size 8 bytes, usbdhidkeyb.o(i.HIDKeyboardRxHandler))
<BR><BR>[Stack]<UL><LI>Max Depth = 8<LI>Call Chain = HIDKeyboardRxHandler
</UL>
<BR>[Address Reference Count : 1]<UL><LI> usbdhidkeyb.o(i.USBDHIDKeyboardCompositeInit)
</UL>
<P><STRONG><a name="[b]"></a>HIDKeyboardTxHandler</STRONG> (Thumb, 62 bytes, Stack size 16 bytes, usbdhidkeyb.o(i.HIDKeyboardTxHandler))
<BR><BR>[Stack]<UL><LI>Max Depth = 52<LI>Call Chain = HIDKeyboardTxHandler &rArr; USBDHIDReportWrite &rArr; USBEndpointDataPut
</UL>
<BR>[Calls]<UL><LI><a href="#[43]">&gt;&gt;</a>&nbsp;&nbsp;&nbsp;USBDHIDReportWrite
</UL>
<BR>[Address Reference Count : 1]<UL><LI> usbdhidkeyb.o(i.USBDHIDKeyboardCompositeInit)
</UL>
<P><STRONG><a name="[26]"></a>USBDClearFeature</STRONG> (Thumb, 156 bytes, Stack size 24 bytes, usbdenum.o(i.USBDClearFeature))
<BR><BR>[Stack]<UL><LI>Max Depth = 24<LI>Call Chain = USBDClearFeature
</UL>
<BR>[Calls]<UL><LI><a href="#[7c]">&gt;&gt;</a>&nbsp;&nbsp;&nbsp;USBDevEndpointStallClear
<LI><a href="#[7b]">&gt;&gt;</a>&nbsp;&nbsp;&nbsp;USBDevEndpointStall
<LI><a href="#[4d]">&gt;&gt;</a>&nbsp;&nbsp;&nbsp;USBDevEndpointDataAck
</UL>
<BR>[Address Reference Count : 1]<UL><LI> usbdenum.o(.constdata)
</UL>
<P><STRONG><a name="[7a]"></a>USBDEP0StateTx</STRONG> (Thumb, 104 bytes, Stack size 16 bytes, usbdenum.o(i.USBDEP0StateTx))
<BR><BR>[Stack]<UL><LI>Max Depth = 20<LI>Call Chain = USBDEP0StateTx &rArr; USBEndpointDataPut
</UL>
<BR>[Calls]<UL><LI><a href="#[49]">&gt;&gt;</a>&nbsp;&nbsp;&nbsp;USBEndpointDataSend
<LI><a href="#[48]">&gt;&gt;</a>&nbsp;&nbsp;&nbsp;USBEndpointDataPut
</UL>
<BR>[Called By]<UL><LI><a href="#[8d]">&gt;&gt;</a>&nbsp;&nbsp;&nbsp;USBDeviceEnumHandler
<LI><a href="#[4a]">&gt;&gt;</a>&nbsp;&nbsp;&nbsp;USBDCDSendDataEP0
<LI><a href="#[25]">&gt;&gt;</a>&nbsp;&nbsp;&nbsp;USBDGetStatus
<LI><a href="#[2d]">&gt;&gt;</a>&nbsp;&nbsp;&nbsp;USBDGetInterface
<LI><a href="#[29]">&gt;&gt;</a>&nbsp;&nbsp;&nbsp;USBDGetDescriptor
<LI><a href="#[2b]">&gt;&gt;</a>&nbsp;&nbsp;&nbsp;USBDGetConfiguration
</UL>

<P><STRONG><a name="[7d]"></a>USBDEP0StateTxConfig</STRONG> (Thumb, 358 bytes, Stack size 48 bytes, usbdenum.o(i.USBDEP0StateTxConfig))
<BR><BR>[Stack]<UL><LI>Max Depth = 52<LI>Call Chain = USBDEP0StateTxConfig &rArr; USBEndpointDataPut
</UL>
<BR>[Calls]<UL><LI><a href="#[7e]">&gt;&gt;</a>&nbsp;&nbsp;&nbsp;USBDCDConfigDescGetSize
<LI><a href="#[49]">&gt;&gt;</a>&nbsp;&nbsp;&nbsp;USBEndpointDataSend
<LI><a href="#[48]">&gt;&gt;</a>&nbsp;&nbsp;&nbsp;USBEndpointDataPut
</UL>
<BR>[Called By]<UL><LI><a href="#[8d]">&gt;&gt;</a>&nbsp;&nbsp;&nbsp;USBDeviceEnumHandler
<LI><a href="#[29]">&gt;&gt;</a>&nbsp;&nbsp;&nbsp;USBDGetDescriptor
</UL>

<P><STRONG><a name="[2b]"></a>USBDGetConfiguration</STRONG> (Thumb, 46 bytes, Stack size 16 bytes, usbdenum.o(i.USBDGetConfiguration))
<BR><BR>[Stack]<UL><LI>Max Depth = 36<LI>Call Chain = USBDGetConfiguration &rArr; USBDEP0StateTx &rArr; USBEndpointDataPut
</UL>
<BR>[Calls]<UL><LI><a href="#[7a]">&gt;&gt;</a>&nbsp;&nbsp;&nbsp;USBDEP0StateTx
<LI><a href="#[4d]">&gt;&gt;</a>&nbsp;&nbsp;&nbsp;USBDevEndpointDataAck
</UL>
<BR>[Address Reference Count : 1]<UL><LI> usbdenum.o(.constdata)
</UL>
<P><STRONG><a name="[29]"></a>USBDGetDescriptor</STRONG> (Thumb, 354 bytes, Stack size 40 bytes, usbdenum.o(i.USBDGetDescriptor))
<BR><BR>[Stack]<UL><LI>Max Depth = 92<LI>Call Chain = USBDGetDescriptor &rArr; USBDEP0StateTxConfig &rArr; USBEndpointDataPut
</UL>
<BR>[Calls]<UL><LI><a href="#[7e]">&gt;&gt;</a>&nbsp;&nbsp;&nbsp;USBDCDConfigDescGetSize
<LI><a href="#[7d]">&gt;&gt;</a>&nbsp;&nbsp;&nbsp;USBDEP0StateTxConfig
<LI><a href="#[7a]">&gt;&gt;</a>&nbsp;&nbsp;&nbsp;USBDEP0StateTx
<LI><a href="#[7b]">&gt;&gt;</a>&nbsp;&nbsp;&nbsp;USBDevEndpointStall
<LI><a href="#[4d]">&gt;&gt;</a>&nbsp;&nbsp;&nbsp;USBDevEndpointDataAck
</UL>
<BR>[Address Reference Count : 1]<UL><LI> usbdenum.o(.constdata)
</UL>
<P><STRONG><a name="[2d]"></a>USBDGetInterface</STRONG> (Thumb, 82 bytes, Stack size 24 bytes, usbdenum.o(i.USBDGetInterface))
<BR><BR>[Stack]<UL><LI>Max Depth = 44<LI>Call Chain = USBDGetInterface &rArr; USBDEP0StateTx &rArr; USBEndpointDataPut
</UL>
<BR>[Calls]<UL><LI><a href="#[7a]">&gt;&gt;</a>&nbsp;&nbsp;&nbsp;USBDEP0StateTx
<LI><a href="#[7b]">&gt;&gt;</a>&nbsp;&nbsp;&nbsp;USBDevEndpointStall
<LI><a href="#[4d]">&gt;&gt;</a>&nbsp;&nbsp;&nbsp;USBDevEndpointDataAck
</UL>
<BR>[Address Reference Count : 1]<UL><LI> usbdenum.o(.constdata)
</UL>
<P><STRONG><a name="[25]"></a>USBDGetStatus</STRONG> (Thumb, 124 bytes, Stack size 32 bytes, usbdenum.o(i.USBDGetStatus))
<BR><BR>[Stack]<UL><LI>Max Depth = 52<LI>Call Chain = USBDGetStatus &rArr; USBDEP0StateTx &rArr; USBEndpointDataPut
</UL>
<BR>[Calls]<UL><LI><a href="#[7a]">&gt;&gt;</a>&nbsp;&nbsp;&nbsp;USBDEP0StateTx
<LI><a href="#[7b]">&gt;&gt;</a>&nbsp;&nbsp;&nbsp;USBDevEndpointStall
<LI><a href="#[4d]">&gt;&gt;</a>&nbsp;&nbsp;&nbsp;USBDevEndpointDataAck
</UL>
<BR>[Address Reference Count : 1]<UL><LI> usbdenum.o(.constdata)
</UL>
<P><STRONG><a name="[87]"></a>USBDReadAndDispatchRequest</STRONG> (Thumb, 104 bytes, Stack size 24 bytes, usbdenum.o(i.USBDReadAndDispatchRequest))
<BR><BR>[Stack]<UL><LI>Max Depth = 28<LI>Call Chain = USBDReadAndDispatchRequest &rArr; USBEndpointDataGet
</UL>
<BR>[Calls]<UL><LI><a href="#[88]">&gt;&gt;</a>&nbsp;&nbsp;&nbsp;USBEndpointDataGet
<LI><a href="#[7b]">&gt;&gt;</a>&nbsp;&nbsp;&nbsp;USBDevEndpointStall
</UL>
<BR>[Called By]<UL><LI><a href="#[8d]">&gt;&gt;</a>&nbsp;&nbsp;&nbsp;USBDeviceEnumHandler
</UL>

<P><STRONG><a name="[28]"></a>USBDSetAddress</STRONG> (Thumb, 30 bytes, Stack size 16 bytes, usbdenum.o(i.USBDSetAddress))
<BR><BR>[Stack]<UL><LI>Max Depth = 16<LI>Call Chain = USBDSetAddress
</UL>
<BR>[Calls]<UL><LI><a href="#[4d]">&gt;&gt;</a>&nbsp;&nbsp;&nbsp;USBDevEndpointDataAck
</UL>
<BR>[Address Reference Count : 1]<UL><LI> usbdenum.o(.constdata)
</UL>
<P><STRONG><a name="[2c]"></a>USBDSetConfiguration</STRONG> (Thumb, 152 bytes, Stack size 24 bytes, usbdenum.o(i.USBDSetConfiguration))
<BR><BR>[Stack]<UL><LI>Max Depth = 196<LI>Call Chain = USBDSetConfiguration &rArr; USBDeviceConfig &rArr; USBDCDConfigGetInterfaceEndpoint &rArr; USBDCDConfigGetInterface &rArr; USBDescGet
</UL>
<BR>[Calls]<UL><LI><a href="#[89]">&gt;&gt;</a>&nbsp;&nbsp;&nbsp;USBDeviceConfig
<LI><a href="#[7b]">&gt;&gt;</a>&nbsp;&nbsp;&nbsp;USBDevEndpointStall
<LI><a href="#[4d]">&gt;&gt;</a>&nbsp;&nbsp;&nbsp;USBDevEndpointDataAck
</UL>
<BR>[Address Reference Count : 1]<UL><LI> usbdenum.o(.constdata)
</UL>
<P><STRONG><a name="[2a]"></a>USBDSetDescriptor</STRONG> (Thumb, 32 bytes, Stack size 8 bytes, usbdenum.o(i.USBDSetDescriptor))
<BR><BR>[Stack]<UL><LI>Max Depth = 8<LI>Call Chain = USBDSetDescriptor
</UL>
<BR>[Calls]<UL><LI><a href="#[7b]">&gt;&gt;</a>&nbsp;&nbsp;&nbsp;USBDevEndpointStall
<LI><a href="#[4d]">&gt;&gt;</a>&nbsp;&nbsp;&nbsp;USBDevEndpointDataAck
</UL>
<BR>[Address Reference Count : 1]<UL><LI> usbdenum.o(.constdata)
</UL>
<P><STRONG><a name="[27]"></a>USBDSetFeature</STRONG> (Thumb, 122 bytes, Stack size 24 bytes, usbdenum.o(i.USBDSetFeature))
<BR><BR>[Stack]<UL><LI>Max Depth = 24<LI>Call Chain = USBDSetFeature
</UL>
<BR>[Calls]<UL><LI><a href="#[7b]">&gt;&gt;</a>&nbsp;&nbsp;&nbsp;USBDevEndpointStall
<LI><a href="#[4d]">&gt;&gt;</a>&nbsp;&nbsp;&nbsp;USBDevEndpointDataAck
</UL>
<BR>[Address Reference Count : 1]<UL><LI> usbdenum.o(.constdata)
</UL>
<P><STRONG><a name="[2e]"></a>USBDSetInterface</STRONG> (Thumb, 176 bytes, Stack size 40 bytes, usbdenum.o(i.USBDSetInterface))
<BR><BR>[Stack]<UL><LI>Max Depth = 140<LI>Call Chain = USBDSetInterface &rArr; USBDeviceConfigAlternate &rArr; USBDCDConfigGetInterfaceEndpoint &rArr; USBDCDConfigGetInterface &rArr; USBDescGet
</UL>
<BR>[Calls]<UL><LI><a href="#[8a]">&gt;&gt;</a>&nbsp;&nbsp;&nbsp;USBDeviceConfigAlternate
<LI><a href="#[62]">&gt;&gt;</a>&nbsp;&nbsp;&nbsp;USBDCDConfigGetInterface
<LI><a href="#[61]">&gt;&gt;</a>&nbsp;&nbsp;&nbsp;USBDCDConfigDescGetNum
<LI><a href="#[7b]">&gt;&gt;</a>&nbsp;&nbsp;&nbsp;USBDevEndpointStall
<LI><a href="#[4d]">&gt;&gt;</a>&nbsp;&nbsp;&nbsp;USBDevEndpointDataAck
</UL>
<BR>[Address Reference Count : 1]<UL><LI> usbdenum.o(.constdata)
</UL>
<P><STRONG><a name="[2f]"></a>USBDSyncFrame</STRONG> (Thumb, 32 bytes, Stack size 8 bytes, usbdenum.o(i.USBDSyncFrame))
<BR><BR>[Stack]<UL><LI>Max Depth = 8<LI>Call Chain = USBDSyncFrame
</UL>
<BR>[Calls]<UL><LI><a href="#[7b]">&gt;&gt;</a>&nbsp;&nbsp;&nbsp;USBDevEndpointStall
<LI><a href="#[4d]">&gt;&gt;</a>&nbsp;&nbsp;&nbsp;USBDevEndpointDataAck
</UL>
<BR>[Address Reference Count : 1]<UL><LI> usbdenum.o(.constdata)
</UL>
<P><STRONG><a name="[9]"></a>HIDTickHandler</STRONG> (Thumb, 60 bytes, Stack size 16 bytes, usbdhid.o(i.HIDTickHandler))
<BR><BR>[Stack]<UL><LI>Max Depth = 92<LI>Call Chain = HIDTickHandler &rArr; ProcessIdleTimers &rArr; USBDHIDReportWrite &rArr; USBEndpointDataPut
</UL>
<BR>[Calls]<UL><LI><a href="#[44]">&gt;&gt;</a>&nbsp;&nbsp;&nbsp;ProcessIdleTimers
<LI><a href="#[45]">&gt;&gt;</a>&nbsp;&nbsp;&nbsp;USBEndpointDataAvail
</UL>
<BR>[Address Reference Count : 1]<UL><LI> usbdhid.o(i.USBDHIDCompositeInit)
</UL>
<P><STRONG><a name="[32]"></a>HandleConfigChange</STRONG> (Thumb, 78 bytes, Stack size 16 bytes, usbdhid.o(i.HandleConfigChange))
<BR><BR>[Stack]<UL><LI>Max Depth = 16<LI>Call Chain = HandleConfigChange
</UL>
<BR>[Address Reference Count : 1]<UL><LI> usbdhid.o(.constdata)
</UL>
<P><STRONG><a name="[3a]"></a>HandleDevice</STRONG> (Thumb, 128 bytes, Stack size 0 bytes, usbdhid.o(i.HandleDevice))
<BR>[Address Reference Count : 1]<UL><LI> usbdhid.o(.constdata)
</UL>
<P><STRONG><a name="[38]"></a>HandleDisconnect</STRONG> (Thumb, 30 bytes, Stack size 8 bytes, usbdhid.o(i.HandleDisconnect))
<BR><BR>[Stack]<UL><LI>Max Depth = 8<LI>Call Chain = HandleDisconnect
</UL>
<BR>[Address Reference Count : 1]<UL><LI> usbdhid.o(.constdata)
</UL>
<P><STRONG><a name="[33]"></a>HandleEP0DataReceived</STRONG> (Thumb, 44 bytes, Stack size 0 bytes, usbdhid.o(i.HandleEP0DataReceived))
<BR>[Address Reference Count : 1]<UL><LI> usbdhid.o(.constdata)
</UL>
<P><STRONG><a name="[34]"></a>HandleEP0DataSent</STRONG> (Thumb, 32 bytes, Stack size 0 bytes, usbdhid.o(i.HandleEP0DataSent))
<BR>[Address Reference Count : 1]<UL><LI> usbdhid.o(.constdata)
</UL>
<P><STRONG><a name="[39]"></a>HandleEndpoints</STRONG> (Thumb, 286 bytes, Stack size 32 bytes, usbdhid.o(i.HandleEndpoints))
<BR><BR>[Stack]<UL><LI>Max Depth = 108<LI>Call Chain = HandleEndpoints &rArr; ProcessIdleTimers &rArr; USBDHIDReportWrite &rArr; USBEndpointDataPut
</UL>
<BR>[Calls]<UL><LI><a href="#[44]">&gt;&gt;</a>&nbsp;&nbsp;&nbsp;ProcessIdleTimers
<LI><a href="#[46]">&gt;&gt;</a>&nbsp;&nbsp;&nbsp;USBEndpointStatus
<LI><a href="#[49]">&gt;&gt;</a>&nbsp;&nbsp;&nbsp;USBEndpointDataSend
<LI><a href="#[48]">&gt;&gt;</a>&nbsp;&nbsp;&nbsp;USBEndpointDataPut
<LI><a href="#[45]">&gt;&gt;</a>&nbsp;&nbsp;&nbsp;USBEndpointDataAvail
<LI><a href="#[47]">&gt;&gt;</a>&nbsp;&nbsp;&nbsp;USBDevEndpointStatusClear
</UL>
<BR>[Address Reference Count : 1]<UL><LI> usbdhid.o(.constdata)
</UL>
<P><STRONG><a name="[30]"></a>HandleGetDescriptor</STRONG> (Thumb, 184 bytes, Stack size 32 bytes, usbdhid.o(i.HandleGetDescriptor))
<BR><BR>[Stack]<UL><LI>Max Depth = 52<LI>Call Chain = HandleGetDescriptor &rArr; USBDCDSendDataEP0 &rArr; USBDEP0StateTx &rArr; USBEndpointDataPut
</UL>
<BR>[Calls]<UL><LI><a href="#[4b]">&gt;&gt;</a>&nbsp;&nbsp;&nbsp;USBDCDStallEP0
<LI><a href="#[4a]">&gt;&gt;</a>&nbsp;&nbsp;&nbsp;USBDCDSendDataEP0
</UL>
<BR>[Address Reference Count : 1]<UL><LI> usbdhid.o(.constdata)
</UL>
<P><STRONG><a name="[31]"></a>HandleRequest</STRONG> (Thumb, 414 bytes, Stack size 32 bytes, usbdhid.o(i.HandleRequest))
<BR><BR>[Stack]<UL><LI>Max Depth = 108<LI>Call Chain = HandleRequest &rArr; ProcessIdleTimers &rArr; USBDHIDReportWrite &rArr; USBEndpointDataPut
</UL>
<BR>[Calls]<UL><LI><a href="#[44]">&gt;&gt;</a>&nbsp;&nbsp;&nbsp;ProcessIdleTimers
<LI><a href="#[4b]">&gt;&gt;</a>&nbsp;&nbsp;&nbsp;USBDCDStallEP0
<LI><a href="#[4a]">&gt;&gt;</a>&nbsp;&nbsp;&nbsp;USBDCDSendDataEP0
<LI><a href="#[4c]">&gt;&gt;</a>&nbsp;&nbsp;&nbsp;USBDCDRequestDataEP0
<LI><a href="#[4d]">&gt;&gt;</a>&nbsp;&nbsp;&nbsp;USBDevEndpointDataAck
</UL>
<BR>[Address Reference Count : 1]<UL><LI> usbdhid.o(.constdata)
</UL>
<P><STRONG><a name="[35]"></a>HandleReset</STRONG> (Thumb, 30 bytes, Stack size 8 bytes, usbdhid.o(i.HandleReset))
<BR><BR>[Stack]<UL><LI>Max Depth = 8<LI>Call Chain = HandleReset
</UL>
<BR>[Address Reference Count : 1]<UL><LI> usbdhid.o(.constdata)
</UL>
<P><STRONG><a name="[37]"></a>HandleResume</STRONG> (Thumb, 12 bytes, Stack size 0 bytes, usbdhid.o(i.HandleResume))
<BR>[Address Reference Count : 1]<UL><LI> usbdhid.o(.constdata)
</UL>
<P><STRONG><a name="[36]"></a>HandleSuspend</STRONG> (Thumb, 12 bytes, Stack size 0 bytes, usbdhid.o(i.HandleSuspend))
<BR>[Address Reference Count : 1]<UL><LI> usbdhid.o(.constdata)
</UL>
<P><STRONG><a name="[44]"></a>ProcessIdleTimers</STRONG> (Thumb, 176 bytes, Stack size 40 bytes, usbdhid.o(i.ProcessIdleTimers))
<BR><BR>[Stack]<UL><LI>Max Depth = 76<LI>Call Chain = ProcessIdleTimers &rArr; USBDHIDReportWrite &rArr; USBEndpointDataPut
</UL>
<BR>[Calls]<UL><LI><a href="#[43]">&gt;&gt;</a>&nbsp;&nbsp;&nbsp;USBDHIDReportWrite
</UL>
<BR>[Called By]<UL><LI><a href="#[31]">&gt;&gt;</a>&nbsp;&nbsp;&nbsp;HandleRequest
<LI><a href="#[39]">&gt;&gt;</a>&nbsp;&nbsp;&nbsp;HandleEndpoints
<LI><a href="#[9]">&gt;&gt;</a>&nbsp;&nbsp;&nbsp;HIDTickHandler
</UL>

<P><STRONG><a name="[14]"></a>DMAUSBIntHandler</STRONG> (Thumb, 64 bytes, Stack size 4 bytes, usbdma.o(i.DMAUSBIntHandler))
<BR><BR>[Stack]<UL><LI>Max Depth = 4<LI>Call Chain = DMAUSBIntHandler
</UL>
<BR>[Address Reference Count : 1]<UL><LI> usbdma.o(i.USBLibDMAInit)
</UL>
<P><STRONG><a name="[16]"></a>DMAUSBIntStatusClear</STRONG> (Thumb, 14 bytes, Stack size 0 bytes, usbdma.o(i.DMAUSBIntStatusClear))
<BR>[Address Reference Count : 1]<UL><LI> usbdma.o(i.USBLibDMAInit)
</UL>
<P><STRONG><a name="[17]"></a>DMAUSBStatus</STRONG> (Thumb, 4 bytes, Stack size 0 bytes, usbdma.o(i.DMAUSBStatus))
<BR>[Address Reference Count : 1]<UL><LI> usbdma.o(i.USBLibDMAInit)
</UL>
<P><STRONG><a name="[1a]"></a>iDMAUSBArbSizeSet</STRONG> (Thumb, 2 bytes, Stack size 0 bytes, usbdma.o(i.iDMAUSBArbSizeSet))
<BR>[Address Reference Count : 1]<UL><LI> usbdma.o(i.USBLibDMAInit)
</UL>
<P><STRONG><a name="[1b]"></a>iDMAUSBChannelAllocate</STRONG> (Thumb, 132 bytes, Stack size 24 bytes, usbdma.o(i.iDMAUSBChannelAllocate))
<BR><BR>[Stack]<UL><LI>Max Depth = 24<LI>Call Chain = iDMAUSBChannelAllocate
</UL>
<BR>[Calls]<UL><LI><a href="#[94]">&gt;&gt;</a>&nbsp;&nbsp;&nbsp;USBDMAChannelDisable
</UL>
<BR>[Address Reference Count : 1]<UL><LI> usbdma.o(i.USBLibDMAInit)
</UL>
<P><STRONG><a name="[23]"></a>iDMAUSBChannelDisable</STRONG> (Thumb, 52 bytes, Stack size 16 bytes, usbdma.o(i.iDMAUSBChannelDisable))
<BR><BR>[Stack]<UL><LI>Max Depth = 16<LI>Call Chain = iDMAUSBChannelDisable
</UL>
<BR>[Calls]<UL><LI><a href="#[95]">&gt;&gt;</a>&nbsp;&nbsp;&nbsp;USBDMAChannelIntDisable
<LI><a href="#[94]">&gt;&gt;</a>&nbsp;&nbsp;&nbsp;USBDMAChannelDisable
</UL>
<BR>[Address Reference Count : 1]<UL><LI> usbdma.o(i.USBLibDMAInit)
</UL>
<P><STRONG><a name="[22]"></a>iDMAUSBChannelEnable</STRONG> (Thumb, 82 bytes, Stack size 16 bytes, usbdma.o(i.iDMAUSBChannelEnable))
<BR><BR>[Stack]<UL><LI>Max Depth = 16<LI>Call Chain = iDMAUSBChannelEnable
</UL>
<BR>[Calls]<UL><LI><a href="#[77]">&gt;&gt;</a>&nbsp;&nbsp;&nbsp;IntEnable
<LI><a href="#[97]">&gt;&gt;</a>&nbsp;&nbsp;&nbsp;IntDisable
<LI><a href="#[96]">&gt;&gt;</a>&nbsp;&nbsp;&nbsp;IntIsEnabled
<LI><a href="#[98]">&gt;&gt;</a>&nbsp;&nbsp;&nbsp;USBDMAChannelIntEnable
<LI><a href="#[99]">&gt;&gt;</a>&nbsp;&nbsp;&nbsp;USBDMAChannelEnable
</UL>
<BR>[Address Reference Count : 1]<UL><LI> usbdma.o(i.USBLibDMAInit)
</UL>
<P><STRONG><a name="[1f]"></a>iDMAUSBChannelIntDisable</STRONG> (Thumb, 8 bytes, Stack size 0 bytes, usbdma.o(i.iDMAUSBChannelIntDisable))
<BR><BR>[Calls]<UL><LI><a href="#[95]">&gt;&gt;</a>&nbsp;&nbsp;&nbsp;USBDMAChannelIntDisable
</UL>
<BR>[Address Reference Count : 1]<UL><LI> usbdma.o(i.USBLibDMAInit)
</UL>
<P><STRONG><a name="[1e]"></a>iDMAUSBChannelIntEnable</STRONG> (Thumb, 8 bytes, Stack size 0 bytes, usbdma.o(i.iDMAUSBChannelIntEnable))
<BR><BR>[Calls]<UL><LI><a href="#[98]">&gt;&gt;</a>&nbsp;&nbsp;&nbsp;USBDMAChannelIntEnable
</UL>
<BR>[Address Reference Count : 1]<UL><LI> usbdma.o(i.USBLibDMAInit)
</UL>
<P><STRONG><a name="[21]"></a>iDMAUSBChannelRelease</STRONG> (Thumb, 62 bytes, Stack size 16 bytes, usbdma.o(i.iDMAUSBChannelRelease))
<BR><BR>[Stack]<UL><LI>Max Depth = 16<LI>Call Chain = iDMAUSBChannelRelease
</UL>
<BR>[Calls]<UL><LI><a href="#[94]">&gt;&gt;</a>&nbsp;&nbsp;&nbsp;USBDMAChannelDisable
</UL>
<BR>[Address Reference Count : 1]<UL><LI> usbdma.o(i.USBLibDMAInit)
</UL>
<P><STRONG><a name="[1c]"></a>iDMAUSBChannelStatus</STRONG> (Thumb, 56 bytes, Stack size 16 bytes, usbdma.o(i.iDMAUSBChannelStatus))
<BR><BR>[Stack]<UL><LI>Max Depth = 16<LI>Call Chain = iDMAUSBChannelStatus
</UL>
<BR>[Calls]<UL><LI><a href="#[9a]">&gt;&gt;</a>&nbsp;&nbsp;&nbsp;USBDMAChannelStatus
</UL>
<BR>[Address Reference Count : 1]<UL><LI> usbdma.o(i.USBLibDMAInit)
</UL>
<P><STRONG><a name="[1d]"></a>iDMAUSBIntStatus</STRONG> (Thumb, 6 bytes, Stack size 0 bytes, usbdma.o(i.iDMAUSBIntStatus))
<BR><BR>[Calls]<UL><LI><a href="#[9b]">&gt;&gt;</a>&nbsp;&nbsp;&nbsp;USBDMAChannelIntStatus
</UL>
<BR>[Address Reference Count : 1]<UL><LI> usbdma.o(i.USBLibDMAInit)
</UL>
<P><STRONG><a name="[20]"></a>iDMAUSBTransfer</STRONG> (Thumb, 244 bytes, Stack size 24 bytes, usbdma.o(i.iDMAUSBTransfer))
<BR><BR>[Stack]<UL><LI>Max Depth = 24<LI>Call Chain = iDMAUSBTransfer
</UL>
<BR>[Calls]<UL><LI><a href="#[9e]">&gt;&gt;</a>&nbsp;&nbsp;&nbsp;USBEndpointPacketCountSet
<LI><a href="#[a1]">&gt;&gt;</a>&nbsp;&nbsp;&nbsp;USBEndpointDMAEnable
<LI><a href="#[a2]">&gt;&gt;</a>&nbsp;&nbsp;&nbsp;USBEndpointDMADisable
<LI><a href="#[9f]">&gt;&gt;</a>&nbsp;&nbsp;&nbsp;USBEndpointDMAConfigSet
<LI><a href="#[99]">&gt;&gt;</a>&nbsp;&nbsp;&nbsp;USBDMAChannelEnable
<LI><a href="#[9d]">&gt;&gt;</a>&nbsp;&nbsp;&nbsp;USBDMAChannelCountSet
<LI><a href="#[a0]">&gt;&gt;</a>&nbsp;&nbsp;&nbsp;USBDMAChannelConfigSet
<LI><a href="#[9c]">&gt;&gt;</a>&nbsp;&nbsp;&nbsp;USBDMAChannelAddressSet
</UL>
<BR>[Address Reference Count : 1]<UL><LI> usbdma.o(i.USBLibDMAInit)
</UL>
<P><STRONG><a name="[24]"></a>iDMAUSBUnitSizeSet</STRONG> (Thumb, 2 bytes, Stack size 0 bytes, usbdma.o(i.iDMAUSBUnitSizeSet))
<BR>[Address Reference Count : 1]<UL><LI> usbdma.o(i.USBLibDMAInit)
</UL>
<P><STRONG><a name="[c]"></a>uDMAUSBArbSizeSet</STRONG> (Thumb, 104 bytes, Stack size 0 bytes, usbdma.o(i.uDMAUSBArbSizeSet))
<BR><BR>[Calls]<UL><LI><a href="#[a7]">&gt;&gt;</a>&nbsp;&nbsp;&nbsp;uDMAChannelControlSet
</UL>
<BR>[Address Reference Count : 1]<UL><LI> usbdma.o(i.USBLibDMAInit)
</UL>
<P><STRONG><a name="[d]"></a>uDMAUSBChannelAllocate</STRONG> (Thumb, 184 bytes, Stack size 24 bytes, usbdma.o(i.uDMAUSBChannelAllocate))
<BR><BR>[Stack]<UL><LI>Max Depth = 24<LI>Call Chain = uDMAUSBChannelAllocate
</UL>
<BR>[Calls]<UL><LI><a href="#[a2]">&gt;&gt;</a>&nbsp;&nbsp;&nbsp;USBEndpointDMADisable
<LI><a href="#[a8]">&gt;&gt;</a>&nbsp;&nbsp;&nbsp;USBEndpointDMAChannel
<LI><a href="#[a7]">&gt;&gt;</a>&nbsp;&nbsp;&nbsp;uDMAChannelControlSet
<LI><a href="#[a9]">&gt;&gt;</a>&nbsp;&nbsp;&nbsp;uDMAChannelAttributeDisable
</UL>
<BR>[Address Reference Count : 1]<UL><LI> usbdma.o(i.USBLibDMAInit)
</UL>
<P><STRONG><a name="[e]"></a>uDMAUSBChannelDisable</STRONG> (Thumb, 88 bytes, Stack size 16 bytes, usbdma.o(i.uDMAUSBChannelDisable))
<BR><BR>[Stack]<UL><LI>Max Depth = 16<LI>Call Chain = uDMAUSBChannelDisable
</UL>
<BR>[Calls]<UL><LI><a href="#[a2]">&gt;&gt;</a>&nbsp;&nbsp;&nbsp;USBEndpointDMADisable
<LI><a href="#[aa]">&gt;&gt;</a>&nbsp;&nbsp;&nbsp;uDMAChannelDisable
</UL>
<BR>[Address Reference Count : 1]<UL><LI> usbdma.o(i.USBLibDMAInit)
</UL>
<P><STRONG><a name="[f]"></a>uDMAUSBChannelEnable</STRONG> (Thumb, 106 bytes, Stack size 16 bytes, usbdma.o(i.uDMAUSBChannelEnable))
<BR><BR>[Stack]<UL><LI>Max Depth = 16<LI>Call Chain = uDMAUSBChannelEnable
</UL>
<BR>[Calls]<UL><LI><a href="#[77]">&gt;&gt;</a>&nbsp;&nbsp;&nbsp;IntEnable
<LI><a href="#[97]">&gt;&gt;</a>&nbsp;&nbsp;&nbsp;IntDisable
<LI><a href="#[96]">&gt;&gt;</a>&nbsp;&nbsp;&nbsp;IntIsEnabled
<LI><a href="#[a1]">&gt;&gt;</a>&nbsp;&nbsp;&nbsp;USBEndpointDMAEnable
<LI><a href="#[ab]">&gt;&gt;</a>&nbsp;&nbsp;&nbsp;uDMAChannelEnable
</UL>
<BR>[Called By]<UL><LI><a href="#[18]">&gt;&gt;</a>&nbsp;&nbsp;&nbsp;uDMAUSBTransfer
</UL>
<BR>[Address Reference Count : 1]<UL><LI> usbdma.o(i.USBLibDMAInit)
</UL>
<P><STRONG><a name="[11]"></a>uDMAUSBChannelIntDisable</STRONG> (Thumb, 2 bytes, Stack size 0 bytes, usbdma.o(i.uDMAUSBChannelIntDisable))
<BR>[Address Reference Count : 1]<UL><LI> usbdma.o(i.USBLibDMAInit)
</UL>
<P><STRONG><a name="[10]"></a>uDMAUSBChannelIntEnable</STRONG> (Thumb, 2 bytes, Stack size 0 bytes, usbdma.o(i.uDMAUSBChannelIntEnable))
<BR>[Address Reference Count : 1]<UL><LI> usbdma.o(i.USBLibDMAInit)
</UL>
<P><STRONG><a name="[12]"></a>uDMAUSBChannelRelease</STRONG> (Thumb, 90 bytes, Stack size 16 bytes, usbdma.o(i.uDMAUSBChannelRelease))
<BR><BR>[Stack]<UL><LI>Max Depth = 16<LI>Call Chain = uDMAUSBChannelRelease
</UL>
<BR>[Calls]<UL><LI><a href="#[a2]">&gt;&gt;</a>&nbsp;&nbsp;&nbsp;USBEndpointDMADisable
<LI><a href="#[a9]">&gt;&gt;</a>&nbsp;&nbsp;&nbsp;uDMAChannelAttributeDisable
</UL>
<BR>[Address Reference Count : 1]<UL><LI> usbdma.o(i.USBLibDMAInit)
</UL>
<P><STRONG><a name="[13]"></a>uDMAUSBChannelStatus</STRONG> (Thumb, 38 bytes, Stack size 0 bytes, usbdma.o(i.uDMAUSBChannelStatus))
<BR>[Address Reference Count : 1]<UL><LI> usbdma.o(i.USBLibDMAInit)
</UL>
<P><STRONG><a name="[15]"></a>uDMAUSBIntStatus</STRONG> (Thumb, 52 bytes, Stack size 24 bytes, usbdma.o(i.uDMAUSBIntStatus))
<BR><BR>[Stack]<UL><LI>Max Depth = 24<LI>Call Chain = uDMAUSBIntStatus
</UL>
<BR>[Calls]<UL><LI><a href="#[ac]">&gt;&gt;</a>&nbsp;&nbsp;&nbsp;uDMAChannelModeGet
</UL>
<BR>[Address Reference Count : 1]<UL><LI> usbdma.o(i.USBLibDMAInit)
</UL>
<P><STRONG><a name="[18]"></a>uDMAUSBTransfer</STRONG> (Thumb, 200 bytes, Stack size 32 bytes, usbdma.o(i.uDMAUSBTransfer))
<BR><BR>[Stack]<UL><LI>Max Depth = 48<LI>Call Chain = uDMAUSBTransfer &rArr; uDMAChannelTransferSet
</UL>
<BR>[Calls]<UL><LI><a href="#[ad]">&gt;&gt;</a>&nbsp;&nbsp;&nbsp;USBFIFOAddrGet
<LI><a href="#[9e]">&gt;&gt;</a>&nbsp;&nbsp;&nbsp;USBEndpointPacketCountSet
<LI><a href="#[9f]">&gt;&gt;</a>&nbsp;&nbsp;&nbsp;USBEndpointDMAConfigSet
<LI><a href="#[ae]">&gt;&gt;</a>&nbsp;&nbsp;&nbsp;uDMAChannelTransferSet
<LI><a href="#[f]">&gt;&gt;</a>&nbsp;&nbsp;&nbsp;uDMAUSBChannelEnable
</UL>
<BR>[Address Reference Count : 1]<UL><LI> usbdma.o(i.USBLibDMAInit)
</UL>
<P><STRONG><a name="[19]"></a>uDMAUSBUnitSizeSet</STRONG> (Thumb, 84 bytes, Stack size 8 bytes, usbdma.o(i.uDMAUSBUnitSizeSet))
<BR><BR>[Stack]<UL><LI>Max Depth = 8<LI>Call Chain = uDMAUSBUnitSizeSet
</UL>
<BR>[Calls]<UL><LI><a href="#[a7]">&gt;&gt;</a>&nbsp;&nbsp;&nbsp;uDMAChannelControlSet
</UL>
<BR>[Address Reference Count : 1]<UL><LI> usbdma.o(i.USBLibDMAInit)
</UL><P>
<H3>
Undefined Global Symbols
</H3><HR></body></html>
